
> whatybot-dxs@1.0.4 electron:build
> npm run prepare-build && npm run build && npm run copy-electron-files && electron-builder && npm run restore-package


> whatybot-dxs@1.0.4 prepare-build
> node scripts/prepare-build.js

Ô£à Updated package.json main from "dist/electron.js" to "dist/electron.js"

> whatybot-dxs@1.0.4 build
> vite build

­ƒîÉ Frontend running on port 12345
[36mvite v6.4.1 [32mbuilding for production...[36m[39m
transforming...
[32mÔ£ô[39m 1809 modules transformed.
rendering chunks...
Ô£à Copied public/electron.js to dist/electron.js
Ô£à Copied public/preload.cjs to dist/preload.cjs
computing gzip size...
[2mdist/[22m[32mindex.html                [39m[1m[2m    0.51 kB[22m[1m[22m[2m Ôöé gzip:   0.35 kB[22m
[2mdist/[22m[35massets/main-C-UgRf6S.css  [39m[1m[2m   47.62 kB[22m[1m[22m[2m Ôöé gzip:   7.89 kB[22m
[2mdist/[22m[36massets/main-CKNa36QE.js   [39m[1m[33m1,061.62 kB[39m[22m[2m Ôöé gzip: 319.92 kB[22m[2m Ôöé map: 4,071.12 kB[22m
node.exe : [33m
En línea: 1 Carácter: 1
+ & "C:\Program 
Files\nodejs/node.exe" 
"C:\Program 
Files\nodejs/node_mo ...
+ ~~~~~~~~~~~~~~~~~~~~~~~~~~~
~~~~~~~~~~~~~~~~~~~~~~~~~~~~~
~~~~~~~~~~~~~
    + CategoryInfo           
   : NotSpecified: ([33m:S  
  tring) [], RemoteExcepti   
 on
    + FullyQualifiedErrorId  
   : NativeCommandError
 
(!) Some chunks are larger 
than 500 kB after 
minification. Consider:
- Using dynamic import() to 
code-split the application
- Use build.rollupOptions.out
put.manualChunks to improve 
chunking: https://rollupjs.or
g/configuration-options/#outp
ut-manualchunks
- Adjust chunk size limit 
for this warning via build.ch
unkSizeWarningLimit.[39m
[32mÔ£ô built in 4.07s[39m

> whatybot-dxs@1.0.4 copy-electron-files
> node scripts/copy-electron-files.js

Ô£à Copied public/electron.js to dist/electron.js
Ô£à Copied public/preload.cjs to dist/preload.cjs

Ô£à Successfully copied 2 file(s) to dist/
  ÔÇó electron-builder  version=26.0.12 os=10.0.26100
  ÔÇó loaded configuration  file=E:\CrearApps\WhatyBot-Baileys\electron-builder.json
  ÔÇó effective config  config=directories:
  output: release
  buildResources: build
appId: com.whatybot.app
productName: WhatyBot-DxS
files:
  - filter:
      - dist/**/*
      - public/**/*
      - server/utils/**/*
      - profiles/**/*
      - package.json
      - node_modules/electron-updater/**/*
      - node_modules/builder-util-runtime/**/*
      - node_modules/lazy-val/**/*
      - node_modules/semver/**/*
      - node_modules/lodash.isequal/**/*
asar: true
asarUnpack:
  - node_modules/electron-updater/**/*
  - node_modules/builder-util-runtime/**/*
publish:
  - provider: github
    owner: mrryzensor
    repo: WhatyBot-Baileys
extraResources:
  - from: server
    to: server
    filter:
      - '**/*'
  - from: server/node_modules
    to: server/node_modules
    filter:
      - '**/*'
  - from: .env
    to: server/.env
mac:
  category: public.app-category.productivity
  target: dmg
  icon: icons/icon.icns
win:
  target: nsis
  icon: icons/icon.ico
linux:
  target: AppImage
  icon: icons
nsis:
  oneClick: false
  allowToChangeInstallationDirectory: true
  createDesktopShortcut: true
  createStartMenuShortcut: true
  uninstallerIcon: icons/Uninstall.ico

  ÔÇó description is missed in the package.json  appPackageFile=E:\CrearApps\WhatyBot-Baileys\package.json
  ÔÇó author is missed in the package.json  appPackageFile=E:\CrearApps\WhatyBot-Baileys\package.json
  ÔÇó no event listeners found  event=beforePack
  ÔÇó spawning        command=E:\CrearApps\WhatyBot-Baileys\node_modules\.pnpm\app-builder-bin@5.0.0-alpha.12\node_modules\app-builder-bin\win\x64\app-builder.exe node-dep-tree --dir E:\CrearApps\WhatyBot-Baileys
  ÔÇó unresolved deps  unresolved=extendhttps-proxy-agentnode-fetchrimraf nodeModuleDir=E:\CrearApps\WhatyBot-Baileys\node_modules\.pnpm\gaxios@7.1.3\node_modules round=0
  ÔÇó unresolved deps  unresolved=glob nodeModuleDir=E:\CrearApps\WhatyBot-Baileys\node_modules\.pnpm\rimraf@5.0.10\node_modules round=0
  ÔÇó unresolved deps  unresolved=foreground-childjackspeakminimatchminipasspackage-json-from-distpath-scurry nodeModuleDir=E:\CrearApps\WhatyBot-Baileys\node_modules\.pnpm\glob@10.5.0\node_modules round=0
  ÔÇó unresolved deps  unresolved=path-keyshebang-commandwhich nodeModuleDir=E:\CrearApps\WhatyBot-Baileys\node_modules\.pnpm\cross-spawn@7.0.6\node_modules round=0
  ÔÇó unresolved deps  unresolved=isexe nodeModuleDir=E:\CrearApps\WhatyBot-Baileys\node_modules\.pnpm\which@2.0.2\node_modules round=0
  ÔÇó unresolved deps  unresolved=builder-util-runtimefs-extrajs-yamllazy-vallodash.escaperegexplodash.isequalsemvertiny-typed-emitter
                     nodeModuleDir=E:\CrearApps\WhatyBot-Baileys\node_modules\.pnpm\electron-updater@6.6.2\node_modules
                     round=0
  ÔÇó unresolved deps  unresolved=argparse nodeModuleDir=E:\CrearApps\WhatyBot-Baileys\node_modules\.pnpm\js-yaml@4.1.1\node_modules round=0
  ÔÇó unresolved deps  unresolved=adler-32cfbcodepagecrc-32ssfwmfword nodeModuleDir=E:\CrearApps\WhatyBot-Baileys\node_modules\.pnpm\xlsx@0.18.5\node_modules round=0
  ÔÇó unresolved deps  unresolved=adler-32crc-32 nodeModuleDir=E:\CrearApps\WhatyBot-Baileys\node_modules\.pnpm\cfb@1.2.2\node_modules round=0
  ÔÇó exited          command=app-builder.exe code=0 pid=12052 out=[{"dir":"E:\\CrearApps\\WhatyBot-Baileys\\node_modules","deps":[{"name":"@google/genai","version":"1.30.0"},{"name":"axios","version":"1.13.2"},{"name":"electron-updater","version":"6.6.2"},{"name":"lucide-react","version":"0.555.0"},{"name":"react","version":"19.2.1"},{"name":"react-confetti","version":"6.4.0"},{"name":"react-dom","version":"19.2.1"},{"name":"socket.io-client","version":"4.8.1"},{"name":"sonner","version":"2.0.7"},{"name":"xlsx","version":"0.18.5"}]},{"dir":"E:\\CrearApps\\WhatyBot-Baileys\\node_modules\\.pnpm\\@google+genai@1.30.0\\node_modules","deps":[{"name":"google-auth-library","version":"10.5.0"},{"name":"ws","version":"8.18.3"}]},{"dir":"E:\\CrearApps\\WhatyBot-Baileys\\node_modules\\.pnpm\\@isaacs+cliui@8.0.2\\node_modules","deps":[{"name":"string-width","version":"5.1.2"},{"name":"string-width-cjs","version":"4.2.3"},{"name":"strip-ansi","version":"7.1.2"},{"name":"strip-ansi-cjs","version":"6.0.1"},{"name":"wrap-ansi","version":"8.1.0"},{"name":"wrap-ansi-cjs","version":"7.0.0"}]},{"dir":"E:\\CrearApps\\WhatyBot-Baileys\\node_modules\\.pnpm\\ansi-styles@4.3.0\\node_modules","deps":[{"name":"color-convert","version":"2.0.1"}]},{"dir":"E:\\CrearApps\\WhatyBot-Baileys\\node_modules\\.pnpm\\axios@1.13.2\\node_modules","deps":[{"name":"follow-redirects","version":"1.15.11"},{"name":"form-data","version":"4.0.5"},{"name":"proxy-from-env","version":"1.1.0"}]},{"dir":"E:\\CrearApps\\WhatyBot-Baileys\\node_modules\\.pnpm\\brace-expansion@2.0.2\\node_modules","deps":[{"name":"balanced-match","version":"1.0.2"}]},{"dir":"E:\\CrearApps\\WhatyBot-Baileys\\node_modules\\.pnpm\\builder-util-runtime@9.3.1\\node_modules","deps":[{"name":"debug","version":"4.4.3"},{"name":"sax","version":"1.4.3"}]},{"dir":"E:\\CrearApps\\WhatyBot-Baileys\\node_modules\\.pnpm\\call-bind-apply-helpers@1.0.2\\node_modules","deps":[{"name":"es-errors","version":"1.3.0"},{"name":"function-bind","version":"1.1.2"}]},{"dir":"E:\\CrearApps\\WhatyBot-Baileys\\node_modules\\.pnpm\\cfb@1.2.2\\node_modules","deps":[{"name":"adler-32","version":"1.3.1"},{"name":"crc-32","version":"1.2.2"}]},{"dir":"E:\\CrearApps\\WhatyBot-Baileys\\node_modules\\.pnpm\\color-convert@2.0.1\\node_modules","deps":[{"name":"color-name","version":"1.1.4"}]},{"dir":"E:\\CrearApps\\WhatyBot-Baileys\\node_modules\\.pnpm\\combined-stream@1.0.8\\node_modules","deps":[{"name":"delayed-stream","version":"1.0.0"}]},{"dir":"E:\\CrearApps\\WhatyBot-Baileys\\node_modules\\.pnpm\\cross-spawn@7.0.6\\node_modules","deps":[{"name":"path-key","version":"3.1.1"},{"name":"shebang-command","version":"2.0.0"},{"name":"which","version":"2.0.2"}]},{"dir":"E:\\CrearApps\\WhatyBot-Baileys\\node_modules\\.pnpm\\debug@4.3.7\\node_modules","deps":[{"name":"ms","version":"2.1.3"}]},{"dir":"E:\\CrearApps\\WhatyBot-Baileys\\node_modules\\.pnpm\\debug@4.4.3\\node_modules","deps":[{"name":"ms","version":"2.1.3"}]},{"dir":"E:\\CrearApps\\WhatyBot-Baileys\\node_modules\\.pnpm\\dunder-proto@1.0.1\\node_modules","deps":[{"name":"call-bind-apply-helpers","version":"1.0.2"},{"name":"es-errors","version":"1.3.0"},{"name":"gopd","version":"1.2.0"}]},{"dir":"E:\\CrearApps\\WhatyBot-Baileys\\node_modules\\.pnpm\\ecdsa-sig-formatter@1.0.11\\node_modules","deps":[{"name":"safe-buffer","version":"5.2.1"}]},{"dir":"E:\\CrearApps\\WhatyBot-Baileys\\node_modules\\.pnpm\\electron-updater@6.6.2\\node_modules","deps":[{"name":"builder-util-runtime","version":"9.3.1"},{"name":"fs-extra","version":"10.1.0"},{"name":"js-yaml","version":"4.1.1"},{"name":"lazy-val","version":"1.0.5"},{"name":"lodash.escaperegexp","version":"4.1.2"},{"name":"lodash.isequal","version":"4.5.0"},{"name":"semver","version":"7.7.3"},{"name":"tiny-typed-emitter","version":"2.1.0"}]},{"dir":"E:\\CrearApps\\WhatyBot-Baileys\\node_modules\\.pnpm\\engine.io-client@6.6.3\\node_modules","deps":[{"name":"@socket.io/component-emitter","version":"3.1.2"},{"name":"debug","version":"4.3.7"},{"name":"engine.io-parser","version":"5.2.3"},{"name":"ws","version":"8.17.1"},{"name":"xmlhttprequest-ssl","version":"2.1.2"}]},{"dir":"E:\\CrearApps\\WhatyBot-Baileys\\node_modules\\.pnpm\\es-object-atoms@1.1.1\\node_modules","deps":[{"name":"es-errors","version":"1.3.0"}]},{"dir":"E:\\CrearApps\\WhatyBot-Baileys\\node_modules\\.pnpm\\es-set-tostringtag@2.1.0\\node_modules","deps":[{"name":"es-errors","version":"1.3.0"},{"name":"get-intrinsic","version":"1.3.0"},{"name":"has-tostringtag","version":"1.0.2"},{"name":"hasown","version":"2.0.2"}]},{"dir":"E:\\CrearApps\\WhatyBot-Baileys\\node_modules\\.pnpm\\fetch-blob@3.2.0\\node_modules","deps":[{"name":"node-domexception","version":"1.0.0"},{"name":"web-streams-polyfill","version":"3.3.3"}]},{"dir":"E:\\CrearApps\\WhatyBot-Baileys\\node_modules\\.pnpm\\foreground-child@3.3.1\\node_modules","deps":[{"name":"cross-spawn","version":"7.0.6"},{"name":"signal-exit","version":"4.1.0"}]},{"dir":"E:\\CrearApps\\WhatyBot-Baileys\\node_modules\\.pnpm\\form-data@4.0.5\\node_modules","deps":[{"name":"asynckit","version":"0.4.0"},{"name":"combined-stream","version":"1.0.8"},{"name":"es-set-tostringtag","version":"2.1.0"},{"name":"hasown","version":"2.0.2"},{"name":"mime-types","version":"2.1.35"}]},{"dir":"E:\\CrearApps\\WhatyBot-Baileys\\node_modules\\.pnpm\\formdata-polyfill@4.0.10\\node_modules","deps":[{"name":"fetch-blob","version":"3.2.0"}]},{"dir":"E:\\CrearApps\\WhatyBot-Baileys\\node_modules\\.pnpm\\fs-extra@10.1.0\\node_modules","deps":[{"name":"graceful-fs","version":"4.2.11"},{"name":"jsonfile","version":"6.2.0"},{"name":"universalify","version":"2.0.1"}]},{"dir":"E:\\CrearApps\\WhatyBot-Baileys\\node_modules\\.pnpm\\gaxios@7.1.3\\node_modules","deps":[{"name":"extend","version":"3.0.2"},{"name":"https-proxy-agent","version":"7.0.6"},{"name":"node-fetch","version":"3.3.2"},{"name":"rimraf","version":"5.0.10"}]},{"dir":"E:\\CrearApps\\WhatyBot-Baileys\\node_modules\\.pnpm\\gcp-metadata@8.1.2\\node_modules","deps":[{"name":"gaxios","version":"7.1.3"},{"name":"google-logging-utils","version":"1.1.3"},{"name":"json-bigint","version":"1.0.0"}]},{"dir":"E:\\CrearApps\\WhatyBot-Baileys\\node_modules\\.pnpm\\get-intrinsic@1.3.0\\node_modules","deps":[{"name":"call-bind-apply-helpers","version":"1.0.2"},{"name":"es-define-property","version":"1.0.1"},{"name":"es-errors","version":"1.3.0"},{"name":"es-object-atoms","version":"1.1.1"},{"name":"function-bind","version":"1.1.2"},{"name":"get-proto","version":"1.0.1"},{"name":"gopd","version":"1.2.0"},{"name":"has-symbols","version":"1.1.0"},{"name":"hasown","version":"2.0.2"},{"name":"math-intrinsics","version":"1.1.0"}]},{"dir":"E:\\CrearApps\\WhatyBot-Baileys\\node_modules\\.pnpm\\get-proto@1.0.1\\node_modules","deps":[{"name":"dunder-proto","version":"1.0.1"},{"name":"es-object-atoms","version":"1.1.1"}]},{"dir":"E:\\CrearApps\\WhatyBot-Baileys\\node_modules\\.pnpm\\glob@10.5.0\\node_modules","deps":[{"name":"foreground-child","version":"3.3.1"},{"name":"jackspeak","version":"3.4.3"},{"name":"minimatch","version":"9.0.5"},{"name":"minipass","version":"7.1.2"},{"name":"package-json-from-dist","version":"1.0.1"},{"name":"path-scurry","version":"1.11.1"}]},{"dir":"E:\\CrearApps\\WhatyBot-Baileys\\node_modules\\.pnpm\\google-auth-library@10.5.0\\node_modules","deps":[{"name":"base64-js","version":"1.5.1"},{"name":"ecdsa-sig-formatter","version":"1.0.11"},{"name":"gaxios","version":"7.1.3"},{"name":"gcp-metadata","version":"8.1.2"},{"name":"google-logging-utils","version":"1.1.3"},{"name":"gtoken","version":"8.0.0"},{"name":"jws","version":"4.0.0"}]},{"dir":"E:\\CrearApps\\WhatyBot-Baileys\\node_modules\\.pnpm\\gtoken@8.0.0\\node_modules","deps":[{"name":"gaxios","version":"7.1.3"},{"name":"jws","version":"4.0.0"}]},{"dir":"E:\\CrearApps\\WhatyBot-Baileys\\node_modules\\.pnpm\\has-tostringtag@1.0.2\\node_modules","deps":[{"name":"has-symbols","version":"1.1.0"}]},{"dir":"E:\\CrearApps\\WhatyBot-Baileys\\node_modules\\.pnpm\\hasown@2.0.2\\node_modules","deps":[{"name":"function-bind","version":"1.1.2"}]},{"dir":"E:\\CrearApps\\WhatyBot-Baileys\\node_modules\\.pnpm\\https-proxy-agent@7.0.6\\node_modules","deps":[{"name":"agent-base","version":"7.1.4"},{"name":"debug","version":"4.4.3"}]},{"dir":"E:\\CrearApps\\WhatyBot-Baileys\\node_modules\\.pnpm\\jackspeak@3.4.3\\node_modules","deps":[{"name":"@isaacs/cliui","version":"8.0.2"},{"name":"@pkgjs/parseargs","version":"0.11.0","optional":true}]},{"dir":"E:\\CrearApps\\WhatyBot-Baileys\\node_modules\\.pnpm\\js-yaml@4.1.1\\node_modules","deps":[{"name":"argparse","version":"2.0.1"}]},{"dir":"E:\\CrearApps\\WhatyBot-Baileys\\node_modules\\.pnpm\\json-bigint@1.0.0\\node_modules","deps":[{"name":"bignumber.js","version":"9.3.1"}]},{"dir":"E:\\CrearApps\\WhatyBot-Baileys\\node_modules\\.pnpm\\jsonfile@6.2.0\\node_modules","deps":[{"name":"graceful-fs","version":"4.2.11","optional":true},{"name":"universalify","version":"2.0.1"}]},{"dir":"E:\\CrearApps\\WhatyBot-Baileys\\node_modules\\.pnpm\\jwa@2.0.1\\node_modules","deps":[{"name":"buffer-equal-constant-time","version":"1.0.1"},{"name":"ecdsa-sig-formatter","version":"1.0.11"},{"name":"safe-buffer","version":"5.2.1"}]},{"dir":"E:\\CrearApps\\WhatyBot-Baileys\\node_modules\\.pnpm\\jws@4.0.0\\node_modules","deps":[{"name":"jwa","version":"2.0.1"},{"name":"safe-buffer","version":"5.2.1"}]},{"dir":"E:\\CrearApps\\WhatyBot-Baileys\\node_modules\\.pnpm\\mime-types@2.1.35\\node_modules","deps":[{"name":"mime-db","version":"1.52.0"}]},{"dir":"E:\\CrearApps\\WhatyBot-Baileys\\node_modules\\.pnpm\\minimatch@9.0.5\\node_modules","deps":[{"name":"brace-expansion","version":"2.0.2"}]},{"dir":"E:\\CrearApps\\WhatyBot-Baileys\\node_modules\\.pnpm\\node-fetch@3.3.2\\node_modules","deps":[{"name":"data-uri-to-buffer","version":"4.0.1"},{"name":"fetch-blob","version":"3.2.0"},{"name":"formdata-polyfill","version":"4.0.10"}]},{"dir":"E:\\CrearApps\\WhatyBot-Baileys\\node_modules\\.pnpm\\path-scurry@1.11.1\\node_modules","deps":[{"name":"lru-cache","version":"10.4.3"},{"name":"minipass","version":"7.1.2"}]},{"dir":"E:\\CrearApps\\WhatyBot-Baileys\\node_modules\\.pnpm\\react-confetti@6.4.0_react@19.2.1\\node_modules","deps":[{"name":"tween-functions","version":"1.2.0"}]},{"dir":"E:\\CrearApps\\WhatyBot-Baileys\\node_modules\\.pnpm\\react-dom@19.2.1_react@19.2.1\\node_modules","deps":[{"name":"scheduler","version":"0.27.0"}]},{"dir":"E:\\CrearApps\\WhatyBot-Baileys\\node_modules\\.pnpm\\rimraf@5.0.10\\node_modules","deps":[{"name":"glob","version":"10.5.0"}]},{"dir":"E:\\CrearApps\\WhatyBot-Baileys\\node_modules\\.pnpm\\shebang-command@2.0.0\\node_modules","deps":[{"name":"shebang-regex","version":"3.0.0"}]},{"dir":"E:\\CrearApps\\WhatyBot-Baileys\\node_modules\\.pnpm\\socket.io-client@4.8.1\\node_modules","deps":[{"name":"@socket.io/component-emitter","version":"3.1.2"},{"name":"debug","version":"4.3.7"},{"name":"engine.io-client","version":"6.6.3"},{"name":"socket.io-parser","version":"4.2.4"}]},{"dir":"E:\\CrearApps\\WhatyBot-Baileys\\node_modules\\.pnpm\\socket.io-parser@4.2.4\\node_modules","deps":[{"name":"@socket.io/component-emitter","version":"3.1.2"},{"name":"debug","version":"4.3.7"}]},{"dir":"E:\\CrearApps\\WhatyBot-Baileys\\node_modules\\.pnpm\\ssf@0.11.2\\node_modules","deps":[{"name":"frac","version":"1.1.2"}]},{"dir":"E:\\CrearApps\\WhatyBot-Baileys\\node_modules\\.pnpm\\string-width@4.2.3\\node_modules","deps":[{"name":"emoji-regex","version":"8.0.0"},{"name":"is-fullwidth-code-point","version":"3.0.0"},{"name":"strip-ansi","version":"6.0.1"}]},{"dir":"E:\\CrearApps\\WhatyBot-Baileys\\node_modules\\.pnpm\\string-width@5.1.2\\node_modules","deps":[{"name":"eastasianwidth","version":"0.2.0"},{"name":"emoji-regex","version":"9.2.2"},{"name":"strip-ansi","version":"7.1.2"}]},{"dir":"E:\\CrearApps\\WhatyBot-Baileys\\node_modules\\.pnpm\\strip-ansi@6.0.1\\node_modules","deps":[{"name":"ansi-regex","version":"5.0.1"}]},{"dir":"E:\\CrearApps\\WhatyBot-Baileys\\node_modules\\.pnpm\\strip-ansi@7.1.2\\node_modules","deps":[{"name":"ansi-regex","version":"6.2.2"}]},{"dir":"E:\\CrearApps\\WhatyBot-Baileys\\node_modules\\.pnpm\\which@2.0.2\\node_modules","deps":[{"name":"isexe","version":"2.0.0"}]},{"dir":"E:\\CrearApps\\WhatyBot-Baileys\\node_modules\\.pnpm\\wrap-ansi@7.0.0\\node_modules","deps":[{"name":"ansi-styles","version":"4.3.0"},{"name":"string-width","version":"4.2.3"},{"name":"strip-ansi","version":"6.0.1"}]},{"dir":"E:\\CrearApps\\WhatyBot-Baileys\\node_modules\\.pnpm\\wrap-ansi@8.1.0\\node_modules","deps":[{"name":"ansi-styles","version":"6.2.3"},{"name":"string-width","version":"5.1.2"},{"name":"strip-ansi","version":"7.1.2"}]},{"dir":"E:\\CrearApps\\WhatyBot-Baileys\\node_modules\\.pnpm\\xlsx@0.18.5\\node_modules","deps":[{"name":"adler-32","version":"1.3.1"},{"name":"cfb","version":"1.2.2"},{"name":"codepage","version":"1.15.0"},{"name":"crc-32","version":"1.2.2"},{"name":"ssf","version":"0.11.2"},{"name":"wmf","version":"1.0.2"},{"name":"word","version":"0.3.0"}]}]
  ÔÇó executing @electron/rebuild  electronVersion=39.2.4 arch=x64 buildFromSource=false appDir=./
  ÔÇó installing native dependencies  arch=x64
  ÔÇó completed installing native dependencies
  ÔÇó packaging       platform=win32 arch=x64 electron=39.2.4 appOutDir=release\win-unpacked
  ÔÇó spawning        command=E:\CrearApps\WhatyBot-Baileys\node_modules\.pnpm\app-builder-bin@5.0.0-alpha.12\node_modules\app-builder-bin\win\x64\app-builder.exe unpack-electron --configuration [{"platform":"win32","arch":"x64","version":"39.2.4"}] --output E:\CrearApps\WhatyBot-Baileys\release\win-unpacked --distMacOsAppName Electron.app
  ÔÇó map async       taskCount=2
  ÔÇó map async       taskCount=1
  ÔÇó map async       taskCount=75
  ÔÇó exited          command=app-builder.exe code=0 pid=16084
  ÔÇó no event listeners found  event=afterExtract
  ÔÇó executing       file=pnpm args=--version
  ÔÇó pnpm not detected, falling back to pnpm.cmd
  ÔÇó executing       file=pnpm.cmd args=config list cwd=E:\CrearApps\WhatyBot-Baileys
(node:2348) [DEP0190] 
DeprecationWarning: Passing 
args to a child process with 
shell option true can lead 
to security vulnerabilities, 
as the arguments are not 
escaped, only concatenated.
(Use `node 
--trace-deprecation ...` to 
show where the warning was 
created)
  ÔÇó executed        file=pnpm.cmd stdout=@jsr:registry=https://npm.jsr.io/
cache=C:\Users\DxS\AppData\Local\npm-cache
global-prefix=C:\Users\DxS\AppData\Roaming\npm
globalconfig=C:\Users\DxS\AppData\Local\pnpm\config\rc
ignored-built-dependencies[]=electron-winstaller
ignored-built-dependencies[]=esbuild
init-module=C:\Users\DxS\.npm-init.js
local-prefix=E:\CrearApps\WhatyBot-Baileys
node-gyp=C:\Program Files\nodejs\node_modules\npm\node_modules\node-gyp\bin\node-gyp.js
npm-globalconfig=C:\Program Files\nodejs\etc\npmrc
npm-version=11.6.2
prefix=C:\Users\DxS\AppData\Roaming\npm
registry=https://registry.npmjs.org/
user-agent=pnpm/10.27.0 npm/? node/v24.11.1 win32 x64
userconfig=C:\Users\DxS\.npmrc

  ÔÇó executing       file=pnpm.cmd args=list --prod --json --depth Infinity cwd=E:\CrearApps\WhatyBot-Baileys
  ÔÇó executed        file=pnpm.cmd stdout=[
  {
    "name": "whatybot-dxs",
    "version": "1.0.4",
    "path": "E:\\CrearApps\\WhatyBot-Baileys",
    "private": true,
    "dependencies": {
      "react": {
        "from": "react",
        "version": "19.2.1",
        "resolved": "https://registry.npmjs.org/react/-/react-19.2.1.tgz",
        "path": "E:\\CrearApps\\WhatyBot-Baileys\\node_modules\\.pnpm\\react@19.2.1\\node_modules\\react"
      },
      "lucide-react": {
        "from": "lucide-react",
        "version": "0.555.0",
        "resolved": "https://registry.npmjs.org/lucide-react/-/lucide-react-0.555.0.tgz",
        "path": "E:\\CrearApps\\WhatyBot-Baileys\\node_modules\\.pnpm\\lucide-react@0.555.0_react@19.2.1\\node_modules\\lucide-react",
        "dependencies": {
          "react": {
            "from": "react",
            "version": "19.2.1",
            "resolved": "https://registry.npmjs.org/react/-/react-19.2.1.tgz",
            "path": "E:\\CrearApps\\WhatyBot-Baileys\\node_modules\\.pnpm\\react@19.2.1\\node_modules\\react"
          }
        }
      },
      "react-confetti": {
        "from": "react-confetti",
        "version": "6.4.0",
        "resolved": "https://registry.npmjs.org/react-confetti/-/react-confetti-6.4.0.tgz",
        "path": "E:\\CrearApps\\WhatyBot-Baileys\\node_modules\\.pnpm\\react-confetti@6.4.0_react@19.2.1\\node_modules\\react-confetti",
        "dependencies": {
          "react": {
            "from": "react",
            "version": "19.2.1",
            "resolved": "https://registry.npmjs.org/react/-/react-19.2.1.tgz",
            "path": "E:\\CrearApps\\WhatyBot-Baileys\\node_modules\\.pnpm\\react@19.2.1\\node_modules\\react"
          },
          "tween-functions": {
            "from": "tween-functions",
            "version": "1.2.0",
            "resolved": "https://registry.npmjs.org/tween-functions/-/tween-functions-1.2.0.tgz",
            "path": "E:\\CrearApps\\WhatyBot-Baileys\\node_modules\\.pnpm\\tween-functions@1.2.0\\node_modules\\tween-functions"
          }
        }
      },
      "react-dom": {
        "from": "react-dom",
        "version": "19.2.1",
        "resolved": "https://registry.npmjs.org/react-dom/-/react-dom-19.2.1.tgz",
        "path": "E:\\CrearApps\\WhatyBot-Baileys\\node_modules\\.pnpm\\react-dom@19.2.1_react@19.2.1\\node_modules\\react-dom",
        "dependencies": {
          "react": {
            "from": "react",
            "version": "19.2.1",
            "resolved": "https://registry.npmjs.org/react/-/react-19.2.1.tgz",
            "path": "E:\\CrearApps\\WhatyBot-Baileys\\node_modules\\.pnpm\\react@19.2.1\\node_modules\\react"
          },
          "scheduler": {
            "from": "scheduler",
            "version": "0.27.0",
            "resolved": "https://registry.npmjs.org/scheduler/-/scheduler-0.27.0.tgz",
            "path": "E:\\CrearApps\\WhatyBot-Baileys\\node_modules\\.pnpm\\scheduler@0.27.0\\node_modules\\scheduler"
          }
        }
      },
      "sonner": {
        "from": "sonner",
        "version": "2.0.7",
        "resolved": "https://registry.npmjs.org/sonner/-/sonner-2.0.7.tgz",
        "path": "E:\\CrearApps\\WhatyBot-Baileys\\node_modules\\.pnpm\\sonner@2.0.7_react-dom@19.2.1_react@19.2.1__react@19.2.1\\node_modules\\sonner",
        "dependencies": {
          "react": {
            "from": "react",
            "version": "19.2.1",
            "resolved": "https://registry.npmjs.org/react/-/react-19.2.1.tgz",
            "path": "E:\\CrearApps\\WhatyBot-Baileys\\node_modules\\.pnpm\\react@19.2.1\\node_modules\\react"
          },
          "react-dom": {
            "from": "react-dom",
            "version": "19.2.1",
            "resolved": "https://registry.npmjs.org/react-dom/-/react-dom-19.2.1.tgz",
            "path": "E:\\CrearApps\\WhatyBot-Baileys\\node_modules\\.pnpm\\react-dom@19.2.1_react@19.2.1\\node_modules\\react-dom",
            "dependencies": {
              "react": {
                "from": "react",
                "version": "19.2.1",
                "resolved": "https://registry.npmjs.org/react/-/react-19.2.1.tgz",
                "path": "E:\\CrearApps\\WhatyBot-Baileys\\node_modules\\.pnpm\\react@19.2.1\\node_modules\\react"
              },
              "scheduler": {
                "from": "scheduler",
                "version": "0.27.0",
                "resolved": "https://registry.npmjs.org/scheduler/-/scheduler-0.27.0.tgz",
                "path": "E:\\CrearApps\\WhatyBot-Baileys\\node_modules\\.pnpm\\scheduler@0.27.0\\node_modules\\scheduler"
              }
            }
          }
        }
      },
      "xlsx": {
        "from": "xlsx",
        "version": "0.18.5",
        "resolved": "https://registry.npmjs.org/xlsx/-/xlsx-0.18.5.tgz",
        "path": "E:\\CrearApps\\WhatyBot-Baileys\\node_modules\\.pnpm\\xlsx@0.18.5\\node_modules\\xlsx",
        "dependencies": {
          "adler-32": {
            "from": "adler-32",
            "version": "1.3.1",
            "resolved": "https://registry.npmjs.org/adler-32/-/adler-32-1.3.1.tgz",
            "path": "E:\\CrearApps\\WhatyBot-Baileys\\node_modules\\.pnpm\\adler-32@1.3.1\\node_modules\\adler-32"
          },
          "codepage": {
            "from": "codepage",
            "version": "1.15.0",
            "resolved": "https://registry.npmjs.org/codepage/-/codepage-1.15.0.tgz",
            "path": "E:\\CrearApps\\WhatyBot-Baileys\\node_modules\\.pnpm\\codepage@1.15.0\\node_modules\\codepage"
          },
          "crc-32": {
            "from": "crc-32",
            "version": "1.2.2",
            "resolved": "https://registry.npmjs.org/crc-32/-/crc-32-1.2.2.tgz",
            "path": "E:\\CrearApps\\WhatyBot-Baileys\\node_modules\\.pnpm\\crc-32@1.2.2\\node_modules\\crc-32"
          },
          "wmf": {
            "from": "wmf",
            "version": "1.0.2",
            "resolved": "https://registry.npmjs.org/wmf/-/wmf-1.0.2.tgz",
            "path": "E:\\CrearApps\\WhatyBot-Baileys\\node_modules\\.pnpm\\wmf@1.0.2\\node_modules\\wmf"
          },
          "word": {
            "from": "word",
            "version": "0.3.0",
            "resolved": "https://registry.npmjs.org/word/-/word-0.3.0.tgz",
            "path": "E:\\CrearApps\\WhatyBot-Baileys\\node_modules\\.pnpm\\word@0.3.0\\node_modules\\word"
          },
          "cfb": {
            "from": "cfb",
            "version": "1.2.2",
            "resolved": "https://registry.npmjs.org/cfb/-/cfb-1.2.2.tgz",
            "path": "E:\\CrearApps\\WhatyBot-Baileys\\node_modules\\.pnpm\\cfb@1.2.2\\node_modules\\cfb",
            "dependencies": {
              "adler-32": {
                "from": "adler-32",
                "version": "1.3.1",
                "resolved": "https://registry.npmjs.org/adler-32/-/adler-32-1.3.1.tgz",
                "path": "E:\\CrearApps\\WhatyBot-Baileys\\node_modules\\.pnpm\\adler-32@1.3.1\\node_modules\\adler-32"
              },
              "crc-32": {
                "from": "crc-32",
                "version": "1.2.2",
                "resolved": "https://registry.npmjs.org/crc-32/-/crc-32-1.2.2.tgz",
                "path": "E:\\CrearApps\\WhatyBot-Baileys\\node_modules\\.pnpm\\crc-32@1.2.2\\node_modules\\crc-32"
              }
            }
          },
          "ssf": {
            "from": "ssf",
            "version": "0.11.2",
            "resolved": "https://registry.npmjs.org/ssf/-/ssf-0.11.2.tgz",
            "path": "E:\\CrearApps\\WhatyBot-Baileys\\node_modules\\.pnpm\\ssf@0.11.2\\node_modules\\ssf",
            "dependencies": {
              "frac": {
                "from": "frac",
                "version": "1.1.2",
                "resolved": "https://registry.npmjs.org/frac/-/frac-1.1.2.tgz",
                "path": "E:\\CrearApps\\WhatyBot-Baileys\\node_modules\\.pnpm\\frac@1.1.2\\node_modules\\frac"
              }
            }
          }
        }
      },
      "electron-updater": {
        "from": "electron-updater",
        "version": "6.6.2",
        "resolved": "https://registry.npmjs.org/electron-updater/-/electron-updater-6.6.2.tgz",
        "path": "E:\\CrearApps\\WhatyBot-Baileys\\node_modules\\.pnpm\\electron-updater@6.6.2\\node_modules\\electron-updater",
        "dependencies": {
          "lazy-val": {
            "from": "lazy-val",
            "version": "1.0.5",
            "resolved": "https://registry.npmjs.org/lazy-val/-/lazy-val-1.0.5.tgz",
            "path": "E:\\CrearApps\\WhatyBot-Baileys\\node_modules\\.pnpm\\lazy-val@1.0.5\\node_modules\\lazy-val"
          },
          "lodash.escaperegexp": {
            "from": "lodash.escaperegexp",
            "version": "4.1.2",
            "resolved": "https://registry.npmjs.org/lodash.escaperegexp/-/lodash.escaperegexp-4.1.2.tgz",
            "path": "E:\\CrearApps\\WhatyBot-Baileys\\node_modules\\.pnpm\\lodash.escaperegexp@4.1.2\\node_modules\\lodash.escaperegexp"
          },
          "lodash.isequal": {
            "from": "lodash.isequal",
            "version": "4.5.0",
            "resolved": "https://registry.npmjs.org/lodash.isequal/-/lodash.isequal-4.5.0.tgz",
            "path": "E:\\CrearApps\\WhatyBot-Baileys\\node_modules\\.pnpm\\lodash.isequal@4.5.0\\node_modules\\lodash.isequal"
          },
          "semver": {
            "from": "semver",
            "version": "7.7.3",
            "resolved": "https://registry.npmjs.org/semver/-/semver-7.7.3.tgz",
            "path": "E:\\CrearApps\\WhatyBot-Baileys\\node_modules\\.pnpm\\semver@7.7.3\\node_modules\\semver"
          },
          "tiny-typed-emitter": {
            "from": "tiny-typed-emitter",
            "version": "2.1.0",
            "resolved": "https://registry.npmjs.org/tiny-typed-emitter/-/tiny-typed-emitter-2.1.0.tgz",
            "path": "E:\\CrearApps\\WhatyBot-Baileys\\node_modules\\.pnpm\\tiny-typed-emitter@2.1.0\\node_modules\\tiny-typed-emitter"
          },
          "js-yaml": {
            "from": "js-yaml",
            "version": "4.1.1",
            "resolved": "https://registry.npmjs.org/js-yaml/-/js-yaml-4.1.1.tgz",
            "path": "E:\\CrearApps\\WhatyBot-Baileys\\node_modules\\.pnpm\\js-yaml@4.1.1\\node_modules\\js-yaml",
            "dependencies": {
              "argparse": {
                "from": "argparse",
                "version": "2.0.1",
                "resolved": "https://registry.npmjs.org/argparse/-/argparse-2.0.1.tgz",
                "path": "E:\\CrearApps\\WhatyBot-Baileys\\node_modules\\.pnpm\\argparse@2.0.1\\node_modules\\argparse"
              }
            }
          },
          "builder-util-runtime": {
            "from": "builder-util-runtime",
            "version": "9.3.1",
            "resolved": "https://registry.npmjs.org/builder-util-runtime/-/builder-util-runtime-9.3.1.tgz",
            "path": "E:\\CrearApps\\WhatyBot-Baileys\\node_modules\\.pnpm\\builder-util-runtime@9.3.1\\node_modules\\builder-util-runtime",
            "dependencies": {
              "sax": {
                "from": "sax",
                "version": "1.4.3",
                "resolved": "https://registry.npmjs.org/sax/-/sax-1.4.3.tgz",
                "path": "E:\\CrearApps\\WhatyBot-Baileys\\node_modules\\.pnpm\\sax@1.4.3\\node_modules\\sax"
              },
              "debug": {
                "from": "debug",
                "version": "4.4.3",
                "resolved": "https://registry.npmjs.org/debug/-/debug-4.4.3.tgz",
                "path": "E:\\CrearApps\\WhatyBot-Baileys\\node_modules\\.pnpm\\debug@4.4.3\\node_modules\\debug",
                "dependencies": {
                  "ms": {
                    "from": "ms",
                    "version": "2.1.3",
                    "resolved": "https://registry.npmjs.org/ms/-/ms-2.1.3.tgz",
                    "path": "E:\\CrearApps\\WhatyBot-Baileys\\node_modules\\.pnpm\\ms@2.1.3\\node_modules\\ms"
                  }
                }
              }
            }
          },
          "fs-extra": {
            "from": "fs-extra",
            "version": "10.1.0",
            "resolved": "https://registry.npmjs.org/fs-extra/-/fs-extra-10.1.0.tgz",
            "path": "E:\\CrearApps\\WhatyBot-Baileys\\node_modules\\.pnpm\\fs-extra@10.1.0\\node_modules\\fs-extra",
            "dependencies": {
              "graceful-fs": {
                "from": "graceful-fs",
                "version": "4.2.11",
                "resolved": "https://registry.npmjs.org/graceful-fs/-/graceful-fs-4.2.11.tgz",
                "path": "E:\\CrearApps\\WhatyBot-Baileys\\node_modules\\.pnpm\\graceful-fs@4.2.11\\node_modules\\graceful-fs"
              },
              "universalify": {
                "from": "universalify",
                "version": "2.0.1",
                "resolved": "https://registry.npmjs.org/universalify/-/universalify-2.0.1.tgz",
                "path": "E:\\CrearApps\\WhatyBot-Baileys\\node_modules\\.pnpm\\universalify@2.0.1\\node_modules\\universalify"
              },
              "jsonfile": {
                "from": "jsonfile",
                "version": "6.2.0",
                "resolved": "https://registry.npmjs.org/jsonfile/-/jsonfile-6.2.0.tgz",
                "path": "E:\\CrearApps\\WhatyBot-Baileys\\node_modules\\.pnpm\\jsonfile@6.2.0\\node_modules\\jsonfile",
                "dependencies": {
                  "universalify": {
                    "from": "universalify",
                    "version": "2.0.1",
                    "resolved": "https://registry.npmjs.org/universalify/-/universalify-2.0.1.tgz",
                    "path": "E:\\CrearApps\\WhatyBot-Baileys\\node_modules\\.pnpm\\universalify@2.0.1\\node_modules\\universalify"
                  },
                  "graceful-fs": {
                    "from": "graceful-fs",
                    "version": "4.2.11",
                    "resolved": "https://registry.npmjs.org/graceful-fs/-/graceful-fs-4.2.11.tgz",
                    "path": "E:\\CrearApps\\WhatyBot-Baileys\\node_modules\\.pnpm\\graceful-fs@4.2.11\\node_modules\\graceful-fs"
                  }
                }
              }
            }
          }
        }
      },
      "socket.io-client": {
        "from": "socket.io-client",
        "version": "4.8.1",
        "resolved": "https://registry.npmjs.org/socket.io-client/-/socket.io-client-4.8.1.tgz",
        "path": "E:\\CrearApps\\WhatyBot-Baileys\\node_modules\\.pnpm\\socket.io-client@4.8.1\\node_modules\\socket.io-client",
        "dependencies": {
          "@socket.io/component-emitter": {
            "from": "@socket.io/component-emitter",
            "version": "3.1.2",
            "resolved": "https://registry.npmjs.org/@socket.io/component-emitter/-/component-emitter-3.1.2.tgz",
            "path": "E:\\CrearApps\\WhatyBot-Baileys\\node_modules\\.pnpm\\@socket.io+component-emitter@3.1.2\\node_modules\\@socket.io\\component-emitter"
          },
          "debug": {
            "from": "debug",
            "version": "4.3.7",
            "resolved": "https://registry.npmjs.org/debug/-/debug-4.3.7.tgz",
            "path": "E:\\CrearApps\\WhatyBot-Baileys\\node_modules\\.pnpm\\debug@4.3.7\\node_modules\\debug",
            "dependencies": {
              "ms": {
                "from": "ms",
                "version": "2.1.3",
                "resolved": "https://registry.npmjs.org/ms/-/ms-2.1.3.tgz",
                "path": "E:\\CrearApps\\WhatyBot-Baileys\\node_modules\\.pnpm\\ms@2.1.3\\node_modules\\ms"
              }
            }
          },
          "engine.io-client": {
            "from": "engine.io-client",
            "version": "6.6.3",
            "resolved": "https://registry.npmjs.org/engine.io-client/-/engine.io-client-6.6.3.tgz",
            "path": "E:\\CrearApps\\WhatyBot-Baileys\\node_modules\\.pnpm\\engine.io-client@6.6.3\\node_modules\\engine.io-client",
            "dependencies": {
              "@socket.io/component-emitter": {
                "from": "@socket.io/component-emitter",
                "version": "3.1.2",
                "resolved": "https://registry.npmjs.org/@socket.io/component-emitter/-/component-emitter-3.1.2.tgz",
                "path": "E:\\CrearApps\\WhatyBot-Baileys\\node_modules\\.pnpm\\@socket.io+component-emitter@3.1.2\\node_modules\\@socket.io\\component-emitter"
              },
              "engine.io-parser": {
                "from": "engine.io-parser",
                "version": "5.2.3",
                "resolved": "https://registry.npmjs.org/engine.io-parser/-/engine.io-parser-5.2.3.tgz",
                "path": "E:\\CrearApps\\WhatyBot-Baileys\\node_modules\\.pnpm\\engine.io-parser@5.2.3\\node_modules\\engine.io-parser"
              },
              "ws": {
                "from": "ws",
                "version": "8.17.1",
                "resolved": "https://registry.npmjs.org/ws/-/ws-8.17.1.tgz",
                "path": "E:\\CrearApps\\WhatyBot-Baileys\\node_modules\\.pnpm\\ws@8.17.1\\node_modules\\ws"
              },
              "xmlhttprequest-ssl": {
                "from": "xmlhttprequest-ssl",
                "version": "2.1.2",
                "resolved": "https://registry.npmjs.org/xmlhttprequest-ssl/-/xmlhttprequest-ssl-2.1.2.tgz",
                "path": "E:\\CrearApps\\WhatyBot-Baileys\\node_modules\\.pnpm\\xmlhttprequest-ssl@2.1.2\\node_modules\\xmlhttprequest-ssl"
              },
              "debug": {
                "from": "debug",
                "version": "4.3.7",
                "resolved": "https://registry.npmjs.org/debug/-/debug-4.3.7.tgz",
                "path": "E:\\CrearApps\\WhatyBot-Baileys\\node_modules\\.pnpm\\debug@4.3.7\\node_modules\\debug",
                "dependencies": {
                  "ms": {
                    "from": "ms",
                    "version": "2.1.3",
                    "resolved": "https://registry.npmjs.org/ms/-/ms-2.1.3.tgz",
                    "path": "E:\\CrearApps\\WhatyBot-Baileys\\node_modules\\.pnpm\\ms@2.1.3\\node_modules\\ms"
                  }
                }
              }
            }
          },
          "socket.io-parser": {
            "from": "socket.io-parser",
            "version": "4.2.4",
            "resolved": "https://registry.npmjs.org/socket.io-parser/-/socket.io-parser-4.2.4.tgz",
            "path": "E:\\CrearApps\\WhatyBot-Baileys\\node_modules\\.pnpm\\socket.io-parser@4.2.4\\node_modules\\socket.io-parser",
            "dependencies": {
              "@socket.io/component-emitter": {
                "from": "@socket.io/component-emitter",
                "version": "3.1.2",
                "resolved": "https://registry.npmjs.org/@socket.io/component-emitter/-/component-emitter-3.1.2.tgz",
                "path": "E:\\CrearApps\\WhatyBot-Baileys\\node_modules\\.pnpm\\@socket.io+component-emitter@3.1.2\\node_modules\\@socket.io\\component-emitter"
              },
              "debug": {
                "from": "debug",
                "version": "4.3.7",
                "resolved": "https://registry.npmjs.org/debug/-/debug-4.3.7.tgz",
                "path": "E:\\CrearApps\\WhatyBot-Baileys\\node_modules\\.pnpm\\debug@4.3.7\\node_modules\\debug",
                "dependencies": {
                  "ms": {
                    "from": "ms",
                    "version": "2.1.3",
                    "resolved": "https://registry.npmjs.org/ms/-/ms-2.1.3.tgz",
                    "path": "E:\\CrearApps\\WhatyBot-Baileys\\node_modules\\.pnpm\\ms@2.1.3\\node_modules\\ms"
                  }
                }
              }
            }
          }
        }
      },
      "axios": {
        "from": "axios",
        "version": "1.13.2",
        "resolved": "https://registry.npmjs.org/axios/-/axios-1.13.2.tgz",
        "path": "E:\\CrearApps\\WhatyBot-Baileys\\node_modules\\.pnpm\\axios@1.13.2\\node_modules\\axios",
        "dependencies": {
          "follow-redirects": {
            "from": "follow-redirects",
            "version": "1.15.11",
            "resolved": "https://registry.npmjs.org/follow-redirects/-/follow-redirects-1.15.11.tgz",
            "path": "E:\\CrearApps\\WhatyBot-Baileys\\node_modules\\.pnpm\\follow-redirects@1.15.11\\node_modules\\follow-redirects"
          },
          "proxy-from-env": {
            "from": "proxy-from-env",
            "version": "1.1.0",
            "resolved": "https://registry.npmjs.org/proxy-from-env/-/proxy-from-env-1.1.0.tgz",
            "path": "E:\\CrearApps\\WhatyBot-Baileys\\node_modules\\.pnpm\\proxy-from-env@1.1.0\\node_modules\\proxy-from-env"
          },
          "form-data": {
            "from": "form-data",
            "version": "4.0.5",
            "resolved": "https://registry.npmjs.org/form-data/-/form-data-4.0.5.tgz",
            "path": "E:\\CrearApps\\WhatyBot-Baileys\\node_modules\\.pnpm\\form-data@4.0.5\\node_modules\\form-data",
            "dependencies": {
              "asynckit": {
                "from": "asynckit",
                "version": "0.4.0",
                "resolved": "https://registry.npmjs.org/asynckit/-/asynckit-0.4.0.tgz",
                "path": "E:\\CrearApps\\WhatyBot-Baileys\\node_modules\\.pnpm\\asynckit@0.4.0\\node_modules\\asynckit"
              },
              "combined-stream": {
                "from": "combined-stream",
                "version": "1.0.8",
                "resolved": "https://registry.npmjs.org/combined-stream/-/combined-stream-1.0.8.tgz",
                "path": "E:\\CrearApps\\WhatyBot-Baileys\\node_modules\\.pnpm\\combined-stream@1.0.8\\node_modules\\combined-stream",
                "dependencies": {
                  "delayed-stream": {
                    "from": "delayed-stream",
                    "version": "1.0.0",
                    "resolved": "https://registry.npmjs.org/delayed-stream/-/delayed-stream-1.0.0.tgz",
                    "path": "E:\\CrearApps\\WhatyBot-Baileys\\node_modules\\.pnpm\\delayed-stream@1.0.0\\node_modules\\delayed-stream"
                  }
                }
              },
              "hasown": {
                "from": "hasown",
                "version": "2.0.2",
                "resolved": "https://registry.npmjs.org/hasown/-/hasown-2.0.2.tgz",
                "path": "E:\\CrearApps\\WhatyBot-Baileys\\node_modules\\.pnpm\\hasown@2.0.2\\node_modules\\hasown",
                "dependencies": {
                  "function-bind": {
                    "from": "function-bind",
                    "version": "1.1.2",
                    "resolved": "https://registry.npmjs.org/function-bind/-/function-bind-1.1.2.tgz",
                    "path": "E:\\CrearApps\\WhatyBot-Baileys\\node_modules\\.pnpm\\function-bind@1.1.2\\node_modules\\function-bind"
                  }
                }
              },
              "mime-types": {
                "from": "mime-types",
                "version": "2.1.35",
                "resolved": "https://registry.npmjs.org/mime-types/-/mime-types-2.1.35.tgz",
                "path": "E:\\CrearApps\\WhatyBot-Baileys\\node_modules\\.pnpm\\mime-types@2.1.35\\node_modules\\mime-types",
                "dependencies": {
                  "mime-db": {
                    "from": "mime-db",
                    "version": "1.52.0",
                    "resolved": "https://registry.npmjs.org/mime-db/-/mime-db-1.52.0.tgz",
                    "path": "E:\\CrearApps\\WhatyBot-Baileys\\node_modules\\.pnpm\\mime-db@1.52.0\\node_modules\\mime-db"
                  }
                }
              },
              "es-set-tostringtag": {
                "from": "es-set-tostringtag",
                "version": "2.1.0",
                "resolved": "https://registry.npmjs.org/es-set-tostringtag/-/es-set-tostringtag-2.1.0.tgz",
                "path": "E:\\CrearApps\\WhatyBot-Baileys\\node_modules\\.pnpm\\es-set-tostringtag@2.1.0\\node_modules\\es-set-tostringtag",
                "dependencies": {
                  "es-errors": {
                    "from": "es-errors",
                    "version": "1.3.0",
                    "resolved": "https://registry.npmjs.org/es-errors/-/es-errors-1.3.0.tgz",
                    "path": "E:\\CrearApps\\WhatyBot-Baileys\\node_modules\\.pnpm\\es-errors@1.3.0\\node_modules\\es-errors"
                  },
                  "has-tostringtag": {
                    "from": "has-tostringtag",
                    "version": "1.0.2",
                    "resolved": "https://registry.npmjs.org/has-tostringtag/-/has-tostringtag-1.0.2.tgz",
                    "path": "E:\\CrearApps\\WhatyBot-Baileys\\node_modules\\.pnpm\\has-tostringtag@1.0.2\\node_modules\\has-tostringtag",
                    "dependencies": {
                      "has-symbols": {
                        "from": "has-symbols",
                        "version": "1.1.0",
                        "resolved": "https://registry.npmjs.org/has-symbols/-/has-symbols-1.1.0.tgz",
                        "path": "E:\\CrearApps\\WhatyBot-Baileys\\node_modules\\.pnpm\\has-symbols@1.1.0\\node_modules\\has-symbols"
                      }
                    }
                  },
                  "hasown": {
                    "from": "hasown",
                    "version": "2.0.2",
                    "resolved": "https://registry.npmjs.org/hasown/-/hasown-2.0.2.tgz",
                    "path": "E:\\CrearApps\\WhatyBot-Baileys\\node_modules\\.pnpm\\hasown@2.0.2\\node_modules\\hasown",
                    "dependencies": {
                      "function-bind": {
                        "from": "function-bind",
                        "version": "1.1.2",
                        "resolved": "https://registry.npmjs.org/function-bind/-/function-bind-1.1.2.tgz",
                        "path": "E:\\CrearApps\\WhatyBot-Baileys\\node_modules\\.pnpm\\function-bind@1.1.2\\node_modules\\function-bind"
                      }
                    }
                  },
                  "get-intrinsic": {
                    "from": "get-intrinsic",
                    "version": "1.3.0",
                    "resolved": "https://registry.npmjs.org/get-intrinsic/-/get-intrinsic-1.3.0.tgz",
                    "path": "E:\\CrearApps\\WhatyBot-Baileys\\node_modules\\.pnpm\\get-intrinsic@1.3.0\\node_modules\\get-intrinsic",
                    "dependencies": {
                      "es-define-property": {
                        "from": "es-define-property",
                        "version": "1.0.1",
                        "resolved": "https://registry.npmjs.org/es-define-property/-/es-define-property-1.0.1.tgz",
                        "path": "E:\\CrearApps\\WhatyBot-Baileys\\node_modules\\.pnpm\\es-define-property@1.0.1\\node_modules\\es-define-property"
                      },
                      "es-errors": {
                        "from": "es-errors",
                        "version": "1.3.0",
                        "resolved": "https://registry.npmjs.org/es-errors/-/es-errors-1.3.0.tgz",
                        "path": "E:\\CrearApps\\WhatyBot-Baileys\\node_modules\\.pnpm\\es-errors@1.3.0\\node_modules\\es-errors"
                      },
                      "function-bind": {
                        "from": "function-bind",
                        "version": "1.1.2",
                        "resolved": "https://registry.npmjs.org/function-bind/-/function-bind-1.1.2.tgz",
                        "path": "E:\\CrearApps\\WhatyBot-Baileys\\node_modules\\.pnpm\\function-bind@1.1.2\\node_modules\\function-bind"
                      },
                      "gopd": {
                        "from": "gopd",
                        "version": "1.2.0",
                        "resolved": "https://registry.npmjs.org/gopd/-/gopd-1.2.0.tgz",
                        "path": "E:\\CrearApps\\WhatyBot-Baileys\\node_modules\\.pnpm\\gopd@1.2.0\\node_modules\\gopd"
                      },
                      "has-symbols": {
                        "from": "has-symbols",
                        "version": "1.1.0",
                        "resolved": "https://registry.npmjs.org/has-symbols/-/has-symbols-1.1.0.tgz",
                        "path": "E:\\CrearApps\\WhatyBot-Baileys\\node_modules\\.pnpm\\has-symbols@1.1.0\\node_modules\\has-symbols"
                      },
                      "math-intrinsics": {
                        "from": "math-intrinsics",
                        "version": "1.1.0",
                        "resolved": "https://registry.npmjs.org/math-intrinsics/-/math-intrinsics-1.1.0.tgz",
                        "path": "E:\\CrearApps\\WhatyBot-Baileys\\node_modules\\.pnpm\\math-intrinsics@1.1.0\\node_modules\\math-intrinsics"
                      },
                      "call-bind-apply-helpers": {
                        "from": "call-bind-apply-helpers",
                        "version": "1.0.2",
                        "resolved": "https://registry.npmjs.org/call-bind-apply-helpers/-/call-bind-apply-helpers-1.0.2.tgz",
                        "path": "E:\\CrearApps\\WhatyBot-Baileys\\node_modules\\.pnpm\\call-bind-apply-helpers@1.0.2\\node_modules\\call-bind-apply-helpers",
                        "dependencies": {
                          "es-errors": {
                            "from": "es-errors",
                            "version": "1.3.0",
                            "resolved": "https://registry.npmjs.org/es-errors/-/es-errors-1.3.0.tgz",
                            "path": "E:\\CrearApps\\WhatyBot-Baileys\\node_modules\\.pnpm\\es-errors@1.3.0\\node_modules\\es-errors"
                          },
                          "function-bind": {
                            "from": "function-bind",
                            "version": "1.1.2",
                            "resolved": "https://registry.npmjs.org/function-bind/-/function-bind-1.1.2.tgz",
                            "path": "E:\\CrearApps\\WhatyBot-Baileys\\node_modules\\.pnpm\\function-bind@1.1.2\\node_modules\\function-bind"
                          }
                        }
                      },
                      "es-object-atoms": {
                        "from": "es-object-atoms",
                        "version": "1.1.1",
                        "resolved": "https://registry.npmjs.org/es-object-atoms/-/es-object-atoms-1.1.1.tgz",
                        "path": "E:\\CrearApps\\WhatyBot-Baileys\\node_modules\\.pnpm\\es-object-atoms@1.1.1\\node_modules\\es-object-atoms",
                        "dependencies": {
                          "es-errors": {
                            "from": "es-errors",
                            "version": "1.3.0",
                            "resolved": "https://registry.npmjs.org/es-errors/-/es-errors-1.3.0.tgz",
                            "path": "E:\\CrearApps\\WhatyBot-Baileys\\node_modules\\.pnpm\\es-errors@1.3.0\\node_modules\\es-errors"
                          }
                        }
                      },
                      "hasown": {
                        "from": "hasown",
                        "version": "2.0.2",
                        "resolved": "https://registry.npmjs.org/hasown/-/hasown-2.0.2.tgz",
                        "path": "E:\\CrearApps\\WhatyBot-Baileys\\node_modules\\.pnpm\\hasown@2.0.2\\node_modules\\hasown",
                        "dependencies": {
                          "function-bind": {
                            "from": "function-bind",
                            "version": "1.1.2",
                            "resolved": "https://registry.npmjs.org/function-bind/-/function-bind-1.1.2.tgz",
                            "path": "E:\\CrearApps\\WhatyBot-Baileys\\node_modules\\.pnpm\\function-bind@1.1.2\\node_modules\\function-bind"
                          }
                        }
                      },
                      "get-proto": {
                        "from": "get-proto",
                        "version": "1.0.1",
                        "resolved": "https://registry.npmjs.org/get-proto/-/get-proto-1.0.1.tgz",
                        "path": "E:\\CrearApps\\WhatyBot-Baileys\\node_modules\\.pnpm\\get-proto@1.0.1\\node_modules\\get-proto",
                        "dependencies": {
                          "es-object-atoms": {
                            "from": "es-object-atoms",
                            "version": "1.1.1",
                            "resolved": "https://registry.npmjs.org/es-object-atoms/-/es-object-atoms-1.1.1.tgz",
                            "path": "E:\\CrearApps\\WhatyBot-Baileys\\node_modules\\.pnpm\\es-object-atoms@1.1.1\\node_modules\\es-object-atoms",
                            "dependencies": {
                              "es-errors": {
                                "from": "es-errors",
                                "version": "1.3.0",
                                "resolved": "https://registry.npmjs.org/es-errors/-/es-errors-1.3.0.tgz",
                                "path": "E:\\CrearApps\\WhatyBot-Baileys\\node_modules\\.pnpm\\es-errors@1.3.0\\node_modules\\es-errors"
                              }
                            }
                          },
                          "dunder-proto": {
                            "from": "dunder-proto",
                            "version": "1.0.1",
                            "resolved": "https://registry.npmjs.org/dunder-proto/-/dunder-proto-1.0.1.tgz",
                            "path": "E:\\CrearApps\\WhatyBot-Baileys\\node_modules\\.pnpm\\dunder-proto@1.0.1\\node_modules\\dunder-proto",
                            "dependencies": {
                              "es-errors": {
                                "from": "es-errors",
                                "version": "1.3.0",
                                "resolved": "https://registry.npmjs.org/es-errors/-/es-errors-1.3.0.tgz",
                                "path": "E:\\CrearApps\\WhatyBot-Baileys\\node_modules\\.pnpm\\es-errors@1.3.0\\node_modules\\es-errors"
                              },
                              "gopd": {
                                "from": "gopd",
                                "version": "1.2.0",
                                "resolved": "https://registry.npmjs.org/gopd/-/gopd-1.2.0.tgz",
                                "path": "E:\\CrearApps\\WhatyBot-Baileys\\node_modules\\.pnpm\\gopd@1.2.0\\node_modules\\gopd"
                              },
                              "call-bind-apply-helpers": {
                                "from": "call-bind-apply-helpers",
                                "version": "1.0.2",
                                "resolved": "https://registry.npmjs.org/call-bind-apply-helpers/-/call-bind-apply-helpers-1.0.2.tgz",
                                "path": "E:\\CrearApps\\WhatyBot-Baileys\\node_modules\\.pnpm\\call-bind-apply-helpers@1.0.2\\node_modules\\call-bind-apply-helpers",
                                "dependencies": {
                                  "es-errors": {
                                    "from": "es-errors",
                                    "version": "1.3.0",
                                    "resolved": "https://registry.npmjs.org/es-errors/-/es-errors-1.3.0.tgz",
                                    "path": "E:\\CrearApps\\WhatyBot-Baileys\\node_modules\\.pnpm\\es-errors@1.3.0\\node_modules\\es-errors"
                                  },
                                  "function-bind": {
                                    "from": "function-bind",
                                    "version": "1.1.2",
                                    "resolved": "https://registry.npmjs.org/function-bind/-/function-bind-1.1.2.tgz",
                                    "path": "E:\\CrearApps\\WhatyBot-Baileys\\node_modules\\.pnpm\\function-bind@1.1.2\\node_modules\\function-bind"
                                  }
                                }
                              }
                            }
                          }
                        }
                      }
                    }
                  }
                }
              }
            }
          }
        }
      },
      "@google/genai": {
        "from": "@google/genai",
        "version": "1.30.0",
        "resolved": "https://registry.npmjs.org/@google/genai/-/genai-1.30.0.tgz",
        "path": "E:\\CrearApps\\WhatyBot-Baileys\\node_modules\\.pnpm\\@google+genai@1.30.0\\node_modules\\@google\\genai",
        "dependencies": {
          "ws": {
            "from": "ws",
            "version": "8.18.3",
            "resolved": "https://registry.npmjs.org/ws/-/ws-8.18.3.tgz",
            "path": "E:\\CrearApps\\WhatyBot-Baileys\\node_modules\\.pnpm\\ws@8.18.3\\node_modules\\ws"
          },
          "google-auth-library": {
            "from": "google-auth-library",
            "version": "10.5.0",
            "resolved": "https://registry.npmjs.org/google-auth-library/-/google-auth-library-10.5.0.tgz",
            "path": "E:\\CrearApps\\WhatyBot-Baileys\\node_modules\\.pnpm\\google-auth-library@10.5.0\\node_modules\\google-auth-library",
            "dependencies": {
              "base64-js": {
                "from": "base64-js",
                "version": "1.5.1",
                "resolved": "https://registry.npmjs.org/base64-js/-/base64-js-1.5.1.tgz",
                "path": "E:\\CrearApps\\WhatyBot-Baileys\\node_modules\\.pnpm\\base64-js@1.5.1\\node_modules\\base64-js"
              },
              "google-logging-utils": {
                "from": "google-logging-utils",
                "version": "1.1.3",
                "resolved": "https://registry.npmjs.org/google-logging-utils/-/google-logging-utils-1.1.3.tgz",
                "path": "E:\\CrearApps\\WhatyBot-Baileys\\node_modules\\.pnpm\\google-logging-utils@1.1.3\\node_modules\\google-logging-utils"
              },
              "ecdsa-sig-formatter": {
                "from": "ecdsa-sig-formatter",
                "version": "1.0.11",
                "resolved": "https://registry.npmjs.org/ecdsa-sig-formatter/-/ecdsa-sig-formatter-1.0.11.tgz",
                "path": "E:\\CrearApps\\WhatyBot-Baileys\\node_modules\\.pnpm\\ecdsa-sig-formatter@1.0.11\\node_modules\\ecdsa-sig-formatter",
                "dependencies": {
                  "safe-buffer": {
                    "from": "safe-buffer",
                    "version": "5.2.1",
                    "resolved": "https://registry.npmjs.org/safe-buffer/-/safe-buffer-5.2.1.tgz",
                    "path": "E:\\CrearApps\\WhatyBot-Baileys\\node_modules\\.pnpm\\safe-buffer@5.2.1\\node_modules\\safe-buffer"
                  }
                }
              },
              "jws": {
                "from": "jws",
                "version": "4.0.0",
                "resolved": "https://registry.npmjs.org/jws/-/jws-4.0.0.tgz",
                "path": "E:\\CrearApps\\WhatyBot-Baileys\\node_modules\\.pnpm\\jws@4.0.0\\node_modules\\jws",
                "dependencies": {
                  "safe-buffer": {
                    "from": "safe-buffer",
                    "version": "5.2.1",
                    "resolved": "https://registry.npmjs.org/safe-buffer/-/safe-buffer-5.2.1.tgz",
                    "path": "E:\\CrearApps\\WhatyBot-Baileys\\node_modules\\.pnpm\\safe-buffer@5.2.1\\node_modules\\safe-buffer"
                  },
                  "jwa": {
                    "from": "jwa",
                    "version": "2.0.1",
                    "resolved": "https://registry.npmjs.org/jwa/-/jwa-2.0.1.tgz",
                    "path": "E:\\CrearApps\\WhatyBot-Baileys\\node_modules\\.pnpm\\jwa@2.0.1\\node_modules\\jwa",
                    "dependencies": {
                      "buffer-equal-constant-time": {
                        "from": "buffer-equal-constant-time",
                        "version": "1.0.1",
                        "resolved": "https://registry.npmjs.org/buffer-equal-constant-time/-/buffer-equal-constant-time-1.0.1.tgz",
                        "path": "E:\\CrearApps\\WhatyBot-Baileys\\node_modules\\.pnpm\\buffer-equal-constant-time@1.0.1\\node_modules\\buffer-equal-constant-time"
                      },
                      "safe-buffer": {
                        "from": "safe-buffer",
                        "version": "5.2.1",
                        "resolved": "https://registry.npmjs.org/safe-buffer/-/safe-buffer-5.2.1.tgz",
                        "path": "E:\\CrearApps\\WhatyBot-Baileys\\node_modules\\.pnpm\\safe-buffer@5.2.1\\node_modules\\safe-buffer"
                      },
                      "ecdsa-sig-formatter": {
                        "from": "ecdsa-sig-formatter",
                        "version": "1.0.11",
                        "resolved": "https://registry.npmjs.org/ecdsa-sig-formatter/-/ecdsa-sig-formatter-1.0.11.tgz",
                        "path": "E:\\CrearApps\\WhatyBot-Baileys\\node_modules\\.pnpm\\ecdsa-sig-formatter@1.0.11\\node_modules\\ecdsa-sig-formatter",
                        "dependencies": {
                          "safe-buffer": {
                            "from": "safe-buffer",
                            "version": "5.2.1",
                            "resolved": "https://registry.npmjs.org/safe-buffer/-/safe-buffer-5.2.1.tgz",
                            "path": "E:\\CrearApps\\WhatyBot-Baileys\\node_modules\\.pnpm\\safe-buffer@5.2.1\\node_modules\\safe-buffer"
                          }
                        }
                      }
                    }
                  }
                }
              },
              "gaxios": {
                "from": "gaxios",
                "version": "7.1.3",
                "resolved": "https://registry.npmjs.org/gaxios/-/gaxios-7.1.3.tgz",
                "path": "E:\\CrearApps\\WhatyBot-Baileys\\node_modules\\.pnpm\\gaxios@7.1.3\\node_modules\\gaxios",
                "dependencies": {
                  "extend": {
                    "from": "extend",
                    "version": "3.0.2",
                    "resolved": "https://registry.npmjs.org/extend/-/extend-3.0.2.tgz",
                    "path": "E:\\CrearApps\\WhatyBot-Baileys\\node_modules\\.pnpm\\extend@3.0.2\\node_modules\\extend"
                  },
                  "https-proxy-agent": {
                    "from": "https-proxy-agent",
                    "version": "7.0.6",
                    "resolved": "https://registry.npmjs.org/https-proxy-agent/-/https-proxy-agent-7.0.6.tgz",
                    "path": "E:\\CrearApps\\WhatyBot-Baileys\\node_modules\\.pnpm\\https-proxy-agent@7.0.6\\node_modules\\https-proxy-agent",
                    "dependencies": {
                      "agent-base": {
                        "from": "agent-base",
                        "version": "7.1.4",
                        "resolved": "https://registry.npmjs.org/agent-base/-/agent-base-7.1.4.tgz",
                        "path": "E:\\CrearApps\\WhatyBot-Baileys\\node_modules\\.pnpm\\agent-base@7.1.4\\node_modules\\agent-base"
                      },
                      "debug": {
                        "from": "debug",
                        "version": "4.4.3",
                        "resolved": "https://registry.npmjs.org/debug/-/debug-4.4.3.tgz",
                        "path": "E:\\CrearApps\\WhatyBot-Baileys\\node_modules\\.pnpm\\debug@4.4.3\\node_modules\\debug",
                        "dependencies": {
                          "ms": {
                            "from": "ms",
                            "version": "2.1.3",
                            "resolved": "https://registry.npmjs.org/ms/-/ms-2.1.3.tgz",
                            "path": "E:\\CrearApps\\WhatyBot-Baileys\\node_modules\\.pnpm\\ms@2.1.3\\node_modules\\ms"
                          }
                        }
                      }
                    }
                  },
                  "node-fetch": {
                    "from": "node-fetch",
                    "version": "3.3.2",
                    "resolved": "https://registry.npmjs.org/node-fetch/-/node-fetch-3.3.2.tgz",
                    "path": "E:\\CrearApps\\WhatyBot-Baileys\\node_modules\\.pnpm\\node-fetch@3.3.2\\node_modules\\node-fetch",
                    "dependencies": {
                      "data-uri-to-buffer": {
                        "from": "data-uri-to-buffer",
                        "version": "4.0.1",
                        "resolved": "https://registry.npmjs.org/data-uri-to-buffer/-/data-uri-to-buffer-4.0.1.tgz",
                        "path": "E:\\CrearApps\\WhatyBot-Baileys\\node_modules\\.pnpm\\data-uri-to-buffer@4.0.1\\node_modules\\data-uri-to-buffer"
                      },
                      "fetch-blob": {
                        "from": "fetch-blob",
                        "version": "3.2.0",
                        "resolved": "https://registry.npmjs.org/fetch-blob/-/fetch-blob-3.2.0.tgz",
                        "path": "E:\\CrearApps\\WhatyBot-Baileys\\node_modules\\.pnpm\\fetch-blob@3.2.0\\node_modules\\fetch-blob",
                        "dependencies": {
                          "node-domexception": {
                            "from": "node-domexception",
                            "version": "1.0.0",
                            "resolved": "https://registry.npmjs.org/node-domexception/-/node-domexception-1.0.0.tgz",
                            "path": "E:\\CrearApps\\WhatyBot-Baileys\\node_modules\\.pnpm\\node-domexception@1.0.0\\node_modules\\node-domexception"
                          },
                          "web-streams-polyfill": {
                            "from": "web-streams-polyfill",
                            "version": "3.3.3",
                            "resolved": "https://registry.npmjs.org/web-streams-polyfill/-/web-streams-polyfill-3.3.3.tgz",
                            "path": "E:\\CrearApps\\WhatyBot-Baileys\\node_modules\\.pnpm\\web-streams-polyfill@3.3.3\\node_modules\\web-streams-polyfill"
                          }
                        }
                      },
                      "formdata-polyfill": {
                        "from": "formdata-polyfill",
                        "version": "4.0.10",
                        "resolved": "https://registry.npmjs.org/formdata-polyfill/-/formdata-polyfill-4.0.10.tgz",
                        "path": "E:\\CrearApps\\WhatyBot-Baileys\\node_modules\\.pnpm\\formdata-polyfill@4.0.10\\node_modules\\formdata-polyfill",
                        "dependencies": {
                          "fetch-blob": {
                            "from": "fetch-blob",
                            "version": "3.2.0",
                            "resolved": "https://registry.npmjs.org/fetch-blob/-/fetch-blob-3.2.0.tgz",
                            "path": "E:\\CrearApps\\WhatyBot-Baileys\\node_modules\\.pnpm\\fetch-blob@3.2.0\\node_modules\\fetch-blob",
                            "dependencies": {
                              "node-domexception": {
                                "from": "node-domexception",
                                "version": "1.0.0",
                                "resolved": "https://registry.npmjs.org/node-domexception/-/node-domexception-1.0.0.tgz",
                                "path": "E:\\CrearApps\\WhatyBot-Baileys\\node_modules\\.pnpm\\node-domexception@1.0.0\\node_modules\\node-domexception"
                              },
                              "web-streams-polyfill": {
                                "from": "web-streams-polyfill",
                                "version": "3.3.3",
                                "resolved": "https://registry.npmjs.org/web-streams-polyfill/-/web-streams-polyfill-3.3.3.tgz",
                                "path": "E:\\CrearApps\\WhatyBot-Baileys\\node_modules\\.pnpm\\web-streams-polyfill@3.3.3\\node_modules\\web-streams-polyfill"
                              }
                            }
                          }
                        }
                      }
                    }
                  },
                  "rimraf": {
                    "from": "rimraf",
                    "version": "5.0.10",
                    "resolved": "https://registry.npmjs.org/rimraf/-/rimraf-5.0.10.tgz",
                    "path": "E:\\CrearApps\\WhatyBot-Baileys\\node_modules\\.pnpm\\rimraf@5.0.10\\node_modules\\rimraf",
                    "dependencies": {
                      "glob": {
                        "from": "glob",
                        "version": "10.5.0",
                        "resolved": "https://registry.npmjs.org/glob/-/glob-10.5.0.tgz",
                        "path": "E:\\CrearApps\\WhatyBot-Baileys\\node_modules\\.pnpm\\glob@10.5.0\\node_modules\\glob",
                        "dependencies": {
                          "minipass": {
                            "from": "minipass",
                            "version": "7.1.2",
                            "resolved": "https://registry.npmjs.org/minipass/-/minipass-7.1.2.tgz",
                            "path": "E:\\CrearApps\\WhatyBot-Baileys\\node_modules\\.pnpm\\minipass@7.1.2\\node_modules\\minipass"
                          },
                          "package-json-from-dist": {
                            "from": "package-json-from-dist",
                            "version": "1.0.1",
                            "resolved": "https://registry.npmjs.org/package-json-from-dist/-/package-json-from-dist-1.0.1.tgz",
                            "path": "E:\\CrearApps\\WhatyBot-Baileys\\node_modules\\.pnpm\\package-json-from-dist@1.0.1\\node_modules\\package-json-from-dist"
                          },
                          "path-scurry": {
                            "from": "path-scurry",
                            "version": "1.11.1",
                            "resolved": "https://registry.npmjs.org/path-scurry/-/path-scurry-1.11.1.tgz",
                            "path": "E:\\CrearApps\\WhatyBot-Baileys\\node_modules\\.pnpm\\path-scurry@1.11.1\\node_modules\\path-scurry",
                            "dependencies": {
                              "lru-cache": {
                                "from": "lru-cache",
                                "version": "10.4.3",
                                "resolved": "https://registry.npmjs.org/lru-cache/-/lru-cache-10.4.3.tgz",
                                "path": "E:\\CrearApps\\WhatyBot-Baileys\\node_modules\\.pnpm\\lru-cache@10.4.3\\node_modules\\lru-cache"
                              },
                              "minipass": {
                                "from": "minipass",
                                "version": "7.1.2",
                                "resolved": "https://registry.npmjs.org/minipass/-/minipass-7.1.2.tgz",
                                "path": "E:\\CrearApps\\WhatyBot-Baileys\\node_modules\\.pnpm\\minipass@7.1.2\\node_modules\\minipass"
                              }
                            }
                          },
                          "minimatch": {
                            "from": "minimatch",
                            "version": "9.0.5",
                            "resolved": "https://registry.npmjs.org/minimatch/-/minimatch-9.0.5.tgz",
                            "path": "E:\\CrearApps\\WhatyBot-Baileys\\node_modules\\.pnpm\\minimatch@9.0.5\\node_modules\\minimatch",
                            "dependencies": {
                              "brace-expansion": {
                                "from": "brace-expansion",
                                "version": "2.0.2",
                                "resolved": "https://registry.npmjs.org/brace-expansion/-/brace-expansion-2.0.2.tgz",
                                "path": "E:\\CrearApps\\WhatyBot-Baileys\\node_modules\\.pnpm\\brace-expansion@2.0.2\\node_modules\\brace-expansion",
                                "dependencies": {
                                  "balanced-match": {
                                    "from": "balanced-match",
                                    "version": "1.0.2",
                                    "resolved": "https://registry.npmjs.org/balanced-match/-/balanced-match-1.0.2.tgz",
                                    "path": "E:\\CrearApps\\WhatyBot-Baileys\\node_modules\\.pnpm\\balanced-match@1.0.2\\node_modules\\balanced-match"
                                  }
                                }
                              }
                            }
                          },
                          "foreground-child": {
                            "from": "foreground-child",
                            "version": "3.3.1",
                            "resolved": "https://registry.npmjs.org/foreground-child/-/foreground-child-3.3.1.tgz",
                            "path": "E:\\CrearApps\\WhatyBot-Baileys\\node_modules\\.pnpm\\foreground-child@3.3.1\\node_modules\\foreground-child",
                            "dependencies": {
                              "signal-exit": {
                                "from": "signal-exit",
                                "version": "4.1.0",
                                "resolved": "https://registry.npmjs.org/signal-exit/-/signal-exit-4.1.0.tgz",
                                "path": "E:\\CrearApps\\WhatyBot-Baileys\\node_modules\\.pnpm\\signal-exit@4.1.0\\node_modules\\signal-exit"
                              },
                              "cross-spawn": {
                                "from": "cross-spawn",
                                "version": "7.0.6",
                                "resolved": "https://registry.npmjs.org/cross-spawn/-/cross-spawn-7.0.6.tgz",
                                "path": "E:\\CrearApps\\WhatyBot-Baileys\\node_modules\\.pnpm\\cross-spawn@7.0.6\\node_modules\\cross-spawn",
                                "dependencies": {
                                  "path-key": {
                                    "from": "path-key",
                                    "version": "3.1.1",
                                    "resolved": "https://registry.npmjs.org/path-key/-/path-key-3.1.1.tgz",
                                    "path": "E:\\CrearApps\\WhatyBot-Baileys\\node_modules\\.pnpm\\path-key@3.1.1\\node_modules\\path-key"
                                  },
                                  "shebang-command": {
                                    "from": "shebang-command",
                                    "version": "2.0.0",
                                    "resolved": "https://registry.npmjs.org/shebang-command/-/shebang-command-2.0.0.tgz",
                                    "path": "E:\\CrearApps\\WhatyBot-Baileys\\node_modules\\.pnpm\\shebang-command@2.0.0\\node_modules\\shebang-command",
                                    "dependencies": {
                                      "shebang-regex": {
                                        "from": "shebang-regex",
                                        "version": "3.0.0",
                                        "resolved": "https://registry.npmjs.org/shebang-regex/-/shebang-regex-3.0.0.tgz",
                                        "path": "E:\\CrearApps\\WhatyBot-Baileys\\node_modules\\.pnpm\\shebang-regex@3.0.0\\node_modules\\shebang-regex"
                                      }
                                    }
                                  },
                                  "which": {
                                    "from": "which",
                                    "version": "2.0.2",
                                    "resolved": "https://registry.npmjs.org/which/-/which-2.0.2.tgz",
                                    "path": "E:\\CrearApps\\WhatyBot-Baileys\\node_modules\\.pnpm\\which@2.0.2\\node_modules\\which",
                                    "dependencies": {
                                      "isexe": {
                                        "from": "isexe",
                                        "version": "2.0.0",
                                        "resolved": "https://registry.npmjs.org/isexe/-/isexe-2.0.0.tgz",
                                        "path": "E:\\CrearApps\\WhatyBot-Baileys\\node_modules\\.pnpm\\isexe@2.0.0\\node_modules\\isexe"
                                      }
                                    }
                                  }
                                }
                              }
                            }
                          },
                          "jackspeak": {
                            "from": "jackspeak",
                            "version": "3.4.3",
                            "resolved": "https://registry.npmjs.org/jackspeak/-/jackspeak-3.4.3.tgz",
                            "path": "E:\\CrearApps\\WhatyBot-Baileys\\node_modules\\.pnpm\\jackspeak@3.4.3\\node_modules\\jackspeak",
                            "dependencies": {
                              "@pkgjs/parseargs": {
                                "from": "@pkgjs/parseargs",
                                "version": "0.11.0",
                                "resolved": "https://registry.npmjs.org/@pkgjs/parseargs/-/parseargs-0.11.0.tgz",
                                "path": "E:\\CrearApps\\WhatyBot-Baileys\\node_modules\\.pnpm\\@pkgjs+parseargs@0.11.0\\node_modules\\@pkgjs\\parseargs"
                              },
                              "@isaacs/cliui": {
                                "from": "@isaacs/cliui",
                                "version": "8.0.2",
                                "resolved": "https://registry.npmjs.org/@isaacs/cliui/-/cliui-8.0.2.tgz",
                                "path": "E:\\CrearApps\\WhatyBot-Baileys\\node_modules\\.pnpm\\@isaacs+cliui@8.0.2\\node_modules\\@isaacs\\cliui",
                                "dependencies": {
                                  "strip-ansi": {
                                    "from": "strip-ansi",
                                    "version": "7.1.2",
                                    "resolved": "https://registry.npmjs.org/strip-ansi/-/strip-ansi-7.1.2.tgz",
                                    "path": "E:\\CrearApps\\WhatyBot-Baileys\\node_modules\\.pnpm\\strip-ansi@7.1.2\\node_modules\\strip-ansi",
                                    "dependencies": {
                                      "ansi-regex": {
                                        "from": "ansi-regex",
                                        "version": "6.2.2",
                                        "resolved": "https://registry.npmjs.org/ansi-regex/-/ansi-regex-6.2.2.tgz",
                                        "path": "E:\\CrearApps\\WhatyBot-Baileys\\node_modules\\.pnpm\\ansi-regex@6.2.2\\node_modules\\ansi-regex"
                                      }
                                    }
                                  },
                                  "strip-ansi-cjs": {
                                    "from": "strip-ansi",
                                    "version": "6.0.1",
                                    "resolved": "https://registry.npmjs.org/strip-ansi/-/strip-ansi-6.0.1.tgz",
                                    "path": "E:\\CrearApps\\WhatyBot-Baileys\\node_modules\\.pnpm\\strip-ansi@6.0.1\\node_modules\\strip-ansi",
                                    "dependencies": {
                                      "ansi-regex": {
                                        "from": "ansi-regex",
                                        "version": "5.0.1",
                                        "resolved": "https://registry.npmjs.org/ansi-regex/-/ansi-regex-5.0.1.tgz",
                                        "path": "E:\\CrearApps\\WhatyBot-Baileys\\node_modules\\.pnpm\\ansi-regex@5.0.1\\node_modules\\ansi-regex"
                                      }
                                    }
                                  },
                                  "string-width": {
                                    "from": "string-width",
                                    "version": "5.1.2",
                                    "resolved": "https://registry.npmjs.org/string-width/-/string-width-5.1.2.tgz",
                                    "path": "E:\\CrearApps\\WhatyBot-Baileys\\node_modules\\.pnpm\\string-width@5.1.2\\node_modules\\string-width",
                                    "dependencies": {
                                      "eastasianwidth": {
                                        "from": "eastasianwidth",
                                        "version": "0.2.0",
                                        "resolved": "https://registry.npmjs.org/eastasianwidth/-/eastasianwidth-0.2.0.tgz",
                                        "path": "E:\\CrearApps\\WhatyBot-Baileys\\node_modules\\.pnpm\\eastasianwidth@0.2.0\\node_modules\\eastasianwidth"
                                      },
                                      "emoji-regex": {
                                        "from": "emoji-regex",
                                        "version": "9.2.2",
                                        "resolved": "https://registry.npmjs.org/emoji-regex/-/emoji-regex-9.2.2.tgz",
                                        "path": "E:\\CrearApps\\WhatyBot-Baileys\\node_modules\\.pnpm\\emoji-regex@9.2.2\\node_modules\\emoji-regex"
                                      },
                                      "strip-ansi": {
                                        "from": "strip-ansi",
                                        "version": "7.1.2",
                                        "resolved": "https://registry.npmjs.org/strip-ansi/-/strip-ansi-7.1.2.tgz",
                                        "path": "E:\\CrearApps\\WhatyBot-Baileys\\node_modules\\.pnpm\\strip-ansi@7.1.2\\node_modules\\strip-ansi",
                                        "dependencies": {
                                          "ansi-regex": {
                                            "from": "ansi-regex",
                                            "version": "6.2.2",
                                            "resolved": "https://registry.npmjs.org/ansi-regex/-/ansi-regex-6.2.2.tgz",
                                            "path": "E:\\CrearApps\\WhatyBot-Baileys\\node_modules\\.pnpm\\ansi-regex@6.2.2\\node_modules\\ansi-regex"
                                          }
                                        }
                                      }
                                    }
                                  },
                                  "string-width-cjs": {
                                    "from": "string-width",
                                    "version": "4.2.3",
                                    "resolved": "https://registry.npmjs.org/string-width/-/string-width-4.2.3.tgz",
                                    "path": "E:\\CrearApps\\WhatyBot-Baileys\\node_modules\\.pnpm\\string-width@4.2.3\\node_modules\\string-width",
                                    "dependencies": {
                                      "emoji-regex": {
                                        "from": "emoji-regex",
                                        "version": "8.0.0",
                                        "resolved": "https://registry.npmjs.org/emoji-regex/-/emoji-regex-8.0.0.tgz",
                                        "path": "E:\\CrearApps\\WhatyBot-Baileys\\node_modules\\.pnpm\\emoji-regex@8.0.0\\node_modules\\emoji-regex"
                                      },
                                      "is-fullwidth-code-point": {
                                        "from": "is-fullwidth-code-point",
                                        "version": "3.0.0",
                                        "resolved": "https://registry.npmjs.org/is-fullwidth-code-point/-/is-fullwidth-code-point-3.0.0.tgz",
                                        "path": "E:\\CrearApps\\WhatyBot-Baileys\\node_modules\\.pnpm\\is-fullwidth-code-point@3.0.0\\node_modules\\is-fullwidth-code-point"
                                      },
                                      "strip-ansi": {
                                        "from": "strip-ansi",
                                        "version": "6.0.1",
                                        "resolved": "https://registry.npmjs.org/strip-ansi/-/strip-ansi-6.0.1.tgz",
                                        "path": "E:\\CrearApps\\WhatyBot-Baileys\\node_modules\\.pnpm\\strip-ansi@6.0.1\\node_modules\\strip-ansi",
                                        "dependencies": {
                                          "ansi-regex": {
                                            "from": "ansi-regex",
                                            "version": "5.0.1",
                                            "resolved": "https://registry.npmjs.org/ansi-regex/-/ansi-regex-5.0.1.tgz",
                                            "path": "E:\\CrearApps\\WhatyBot-Baileys\\node_modules\\.pnpm\\ansi-regex@5.0.1\\node_modules\\ansi-regex"
                                          }
                                        }
                                      }
                                    }
                                  },
                                  "wrap-ansi": {
                                    "from": "wrap-ansi",
                                    "version": "8.1.0",
                                    "resolved": "https://registry.npmjs.org/wrap-ansi/-/wrap-ansi-8.1.0.tgz",
                                    "path": "E:\\CrearApps\\WhatyBot-Baileys\\node_modules\\.pnpm\\wrap-ansi@8.1.0\\node_modules\\wrap-ansi",
                                    "dependencies": {
                                      "ansi-styles": {
                                        "from": "ansi-styles",
                                        "version": "6.2.3",
                                        "resolved": "https://registry.npmjs.org/ansi-styles/-/ansi-styles-6.2.3.tgz",
                                        "path": "E:\\CrearApps\\WhatyBot-Baileys\\node_modules\\.pnpm\\ansi-styles@6.2.3\\node_modules\\ansi-styles"
                                      },
                                      "strip-ansi": {
                                        "from": "strip-ansi",
                                        "version": "7.1.2",
                                        "resolved": "https://registry.npmjs.org/strip-ansi/-/strip-ansi-7.1.2.tgz",
                                        "path": "E:\\CrearApps\\WhatyBot-Baileys\\node_modules\\.pnpm\\strip-ansi@7.1.2\\node_modules\\strip-ansi",
                                        "dependencies": {
                                          "ansi-regex": {
                                            "from": "ansi-regex",
                                            "version": "6.2.2",
                                            "resolved": "https://registry.npmjs.org/ansi-regex/-/ansi-regex-6.2.2.tgz",
                                            "path": "E:\\CrearApps\\WhatyBot-Baileys\\node_modules\\.pnpm\\ansi-regex@6.2.2\\node_modules\\ansi-regex"
                                          }
                                        }
                                      },
                                      "string-width": {
                                        "from": "string-width",
                                        "version": "5.1.2",
                                        "resolved": "https://registry.npmjs.org/string-width/-/string-width-5.1.2.tgz",
                                        "path": "E:\\CrearApps\\WhatyBot-Baileys\\node_modules\\.pnpm\\string-width@5.1.2\\node_modules\\string-width",
                                        "dependencies": {
                                          "eastasianwidth": {
                                            "from": "eastasianwidth",
                                            "version": "0.2.0",
                                            "resolved": "https://registry.npmjs.org/eastasianwidth/-/eastasianwidth-0.2.0.tgz",
                                            "path": "E:\\CrearApps\\WhatyBot-Baileys\\node_modules\\.pnpm\\eastasianwidth@0.2.0\\node_modules\\eastasianwidth"
                                          },
                                          "emoji-regex": {
                                            "from": "emoji-regex",
                                            "version": "9.2.2",
                                            "resolved": "https://registry.npmjs.org/emoji-regex/-/emoji-regex-9.2.2.tgz",
                                            "path": "E:\\CrearApps\\WhatyBot-Baileys\\node_modules\\.pnpm\\emoji-regex@9.2.2\\node_modules\\emoji-regex"
                                          },
                                          "strip-ansi": {
                                            "from": "strip-ansi",
                                            "version": "7.1.2",
                                            "resolved": "https://registry.npmjs.org/strip-ansi/-/strip-ansi-7.1.2.tgz",
                                            "path": "E:\\CrearApps\\WhatyBot-Baileys\\node_modules\\.pnpm\\strip-ansi@7.1.2\\node_modules\\strip-ansi",
                                            "dependencies": {
                                              "ansi-regex": {
                                                "from": "ansi-regex",
                                                "version": "6.2.2",
                                                "resolved": "https://registry.npmjs.org/ansi-regex/-/ansi-regex-6.2.2.tgz",
                                                "path": "E:\\CrearApps\\WhatyBot-Baileys\\node_modules\\.pnpm\\ansi-regex@6.2.2\\node_modules\\ansi-regex"
                                              }
                                            }
                                          }
                                        }
                                      }
                                    }
                                  },
                                  "wrap-ansi-cjs": {
                                    "from": "wrap-ansi",
                                    "version": "7.0.0",
                                    "resolved": "https://registry.npmjs.org/wrap-ansi/-/wrap-ansi-7.0.0.tgz",
                                    "path": "E:\\CrearApps\\WhatyBot-Baileys\\node_modules\\.pnpm\\wrap-ansi@7.0.0\\node_modules\\wrap-ansi",
                                    "dependencies": {
                                      "strip-ansi": {
                                        "from": "strip-ansi",
                                        "version": "6.0.1",
                                        "resolved": "https://registry.npmjs.org/strip-ansi/-/strip-ansi-6.0.1.tgz",
                                        "path": "E:\\CrearApps\\WhatyBot-Baileys\\node_modules\\.pnpm\\strip-ansi@6.0.1\\node_modules\\strip-ansi",
                                        "dependencies": {
                                          "ansi-regex": {
                                            "from": "ansi-regex",
                                            "version": "5.0.1",
                                            "resolved": "https://registry.npmjs.org/ansi-regex/-/ansi-regex-5.0.1.tgz",
                                            "path": "E:\\CrearApps\\WhatyBot-Baileys\\node_modules\\.pnpm\\ansi-regex@5.0.1\\node_modules\\ansi-regex"
                                          }
                                        }
                                      },
                                      "ansi-styles": {
                                        "from": "ansi-styles",
                                        "version": "4.3.0",
                                        "resolved": "https://registry.npmjs.org/ansi-styles/-/ansi-styles-4.3.0.tgz",
                                        "path": "E:\\CrearApps\\WhatyBot-Baileys\\node_modules\\.pnpm\\ansi-styles@4.3.0\\node_modules\\ansi-styles",
                                        "dependencies": {
                                          "color-convert": {
                                            "from": "color-convert",
                                            "version": "2.0.1",
                                            "resolved": "https://registry.npmjs.org/color-convert/-/color-convert-2.0.1.tgz",
                                            "path": "E:\\CrearApps\\WhatyBot-Baileys\\node_modules\\.pnpm\\color-convert@2.0.1\\node_modules\\color-convert",
                                            "dependencies": {
                                              "color-name": {
                                                "from": "color-name",
                                                "version": "1.1.4",
                                                "resolved": "https://registry.npmjs.org/color-name/-/color-name-1.1.4.tgz",
                                                "path": "E:\\CrearApps\\WhatyBot-Baileys\\node_modules\\.pnpm\\color-name@1.1.4\\node_modules\\color-name"
                                              }
                                            }
                                          }
                                        }
                                      },
                                      "string-width": {
                                        "from": "string-width",
                                        "version": "4.2.3",
                                        "resolved": "https://registry.npmjs.org/string-width/-/string-width-4.2.3.tgz",
                                        "path": "E:\\CrearApps\\WhatyBot-Baileys\\node_modules\\.pnpm\\string-width@4.2.3\\node_modules\\string-width",
                                        "dependencies": {
                                          "emoji-regex": {
                                            "from": "emoji-regex",
                                            "version": "8.0.0",
                                            "resolved": "https://registry.npmjs.org/emoji-regex/-/emoji-regex-8.0.0.tgz",
                                            "path": "E:\\CrearApps\\WhatyBot-Baileys\\node_modules\\.pnpm\\emoji-regex@8.0.0\\node_modules\\emoji-regex"
                                          },
                                          "is-fullwidth-code-point": {
                                            "from": "is-fullwidth-code-point",
                                            "version": "3.0.0",
                                            "resolved": "https://registry.npmjs.org/is-fullwidth-code-point/-/is-fullwidth-code-point-3.0.0.tgz",
                                            "path": "E:\\CrearApps\\WhatyBot-Baileys\\node_modules\\.pnpm\\is-fullwidth-code-point@3.0.0\\node_modules\\is-fullwidth-code-point"
                                          },
                                          "strip-ansi": {
                                            "from": "strip-ansi",
                                            "version": "6.0.1",
                                            "resolved": "https://registry.npmjs.org/strip-ansi/-/strip-ansi-6.0.1.tgz",
                                            "path": "E:\\CrearApps\\WhatyBot-Baileys\\node_modules\\.pnpm\\strip-ansi@6.0.1\\node_modules\\strip-ansi",
                                            "dependencies": {
                                              "ansi-regex": {
                                                "from": "ansi-regex",
                                                "version": "5.0.1",
                                                "resolved": "https://registry.npmjs.org/ansi-regex/-/ansi-regex-5.0.1.tgz",
                                                "path": "E:\\CrearApps\\WhatyBot-Baileys\\node_modules\\.pnpm\\ansi-regex@5.0.1\\node_modules\\ansi-regex"
                                              }
                                            }
                                          }
                                        }
                                      }
                                    }
                                  }
                                }
                              }
                            }
                          }
                        }
                      }
                    }
                  }
                }
              },
              "gcp-metadata": {
                "from": "gcp-metadata",
                "version": "8.1.2",
                "resolved": "https://registry.npmjs.org/gcp-metadata/-/gcp-metadata-8.1.2.tgz",
                "path": "E:\\CrearApps\\WhatyBot-Baileys\\node_modules\\.pnpm\\gcp-metadata@8.1.2\\node_modules\\gcp-metadata",
                "dependencies": {
                  "google-logging-utils": {
                    "from": "google-logging-utils",
                    "version": "1.1.3",
                    "resolved": "https://registry.npmjs.org/google-logging-utils/-/google-logging-utils-1.1.3.tgz",
                    "path": "E:\\CrearApps\\WhatyBot-Baileys\\node_modules\\.pnpm\\google-logging-utils@1.1.3\\node_modules\\google-logging-utils"
                  },
                  "json-bigint": {
                    "from": "json-bigint",
                    "version": "1.0.0",
                    "resolved": "https://registry.npmjs.org/json-bigint/-/json-bigint-1.0.0.tgz",
                    "path": "E:\\CrearApps\\WhatyBot-Baileys\\node_modules\\.pnpm\\json-bigint@1.0.0\\node_modules\\json-bigint",
                    "dependencies": {
                      "bignumber.js": {
                        "from": "bignumber.js",
                        "version": "9.3.1",
                        "resolved": "https://registry.npmjs.org/bignumber.js/-/bignumber.js-9.3.1.tgz",
                        "path": "E:\\CrearApps\\WhatyBot-Baileys\\node_modules\\.pnpm\\bignumber.js@9.3.1\\node_modules\\bignumber.js"
                      }
                    }
                  },
                  "gaxios": {
                    "from": "gaxios",
                    "version": "7.1.3",
                    "resolved": "https://registry.npmjs.org/gaxios/-/gaxios-7.1.3.tgz",
                    "path": "E:\\CrearApps\\WhatyBot-Baileys\\node_modules\\.pnpm\\gaxios@7.1.3\\node_modules\\gaxios",
                    "dependencies": {
                      "extend": {
                        "from": "extend",
                        "version": "3.0.2",
                        "resolved": "https://registry.npmjs.org/extend/-/extend-3.0.2.tgz",
                        "path": "E:\\CrearApps\\WhatyBot-Baileys\\node_modules\\.pnpm\\extend@3.0.2\\node_modules\\extend"
                      },
                      "https-proxy-agent": {
                        "from": "https-proxy-agent",
                        "version": "7.0.6",
                        "resolved": "https://registry.npmjs.org/https-proxy-agent/-/https-proxy-agent-7.0.6.tgz",
                        "path": "E:\\CrearApps\\WhatyBot-Baileys\\node_modules\\.pnpm\\https-proxy-agent@7.0.6\\node_modules\\https-proxy-agent",
                        "dependencies": {
                          "agent-base": {
                            "from": "agent-base",
                            "version": "7.1.4",
                            "resolved": "https://registry.npmjs.org/agent-base/-/agent-base-7.1.4.tgz",
                            "path": "E:\\CrearApps\\WhatyBot-Baileys\\node_modules\\.pnpm\\agent-base@7.1.4\\node_modules\\agent-base"
                          },
                          "debug": {
                            "from": "debug",
                            "version": "4.4.3",
                            "resolved": "https://registry.npmjs.org/debug/-/debug-4.4.3.tgz",
                            "path": "E:\\CrearApps\\WhatyBot-Baileys\\node_modules\\.pnpm\\debug@4.4.3\\node_modules\\debug",
                            "dependencies": {
                              "ms": {
                                "from": "ms",
                                "version": "2.1.3",
                                "resolved": "https://registry.npmjs.org/ms/-/ms-2.1.3.tgz",
                                "path": "E:\\CrearApps\\WhatyBot-Baileys\\node_modules\\.pnpm\\ms@2.1.3\\node_modules\\ms"
                              }
                            }
                          }
                        }
                      },
                      "node-fetch": {
                        "from": "node-fetch",
                        "version": "3.3.2",
                        "resolved": "https://registry.npmjs.org/node-fetch/-/node-fetch-3.3.2.tgz",
                        "path": "E:\\CrearApps\\WhatyBot-Baileys\\node_modules\\.pnpm\\node-fetch@3.3.2\\node_modules\\node-fetch",
                        "dependencies": {
                          "data-uri-to-buffer": {
                            "from": "data-uri-to-buffer",
                            "version": "4.0.1",
                            "resolved": "https://registry.npmjs.org/data-uri-to-buffer/-/data-uri-to-buffer-4.0.1.tgz",
                            "path": "E:\\CrearApps\\WhatyBot-Baileys\\node_modules\\.pnpm\\data-uri-to-buffer@4.0.1\\node_modules\\data-uri-to-buffer"
                          },
                          "fetch-blob": {
                            "from": "fetch-blob",
                            "version": "3.2.0",
                            "resolved": "https://registry.npmjs.org/fetch-blob/-/fetch-blob-3.2.0.tgz",
                            "path": "E:\\CrearApps\\WhatyBot-Baileys\\node_modules\\.pnpm\\fetch-blob@3.2.0\\node_modules\\fetch-blob",
                            "dependencies": {
                              "node-domexception": {
                                "from": "node-domexception",
                                "version": "1.0.0",
                                "resolved": "https://registry.npmjs.org/node-domexception/-/node-domexception-1.0.0.tgz",
                                "path": "E:\\CrearApps\\WhatyBot-Baileys\\node_modules\\.pnpm\\node-domexception@1.0.0\\node_modules\\node-domexception"
                              },
                              "web-streams-polyfill": {
                                "from": "web-streams-polyfill",
                                "version": "3.3.3",
                                "resolved": "https://registry.npmjs.org/web-streams-polyfill/-/web-streams-polyfill-3.3.3.tgz",
                                "path": "E:\\CrearApps\\WhatyBot-Baileys\\node_modules\\.pnpm\\web-streams-polyfill@3.3.3\\node_modules\\web-streams-polyfill"
                              }
                            }
                          },
                          "formdata-polyfill": {
                            "from": "formdata-polyfill",
                            "version": "4.0.10",
                            "resolved": "https://registry.npmjs.org/formdata-polyfill/-/formdata-polyfill-4.0.10.tgz",
                            "path": "E:\\CrearApps\\WhatyBot-Baileys\\node_modules\\.pnpm\\formdata-polyfill@4.0.10\\node_modules\\formdata-polyfill",
                            "dependencies": {
                              "fetch-blob": {
                                "from": "fetch-blob",
                                "version": "3.2.0",
                                "resolved": "https://registry.npmjs.org/fetch-blob/-/fetch-blob-3.2.0.tgz",
                                "path": "E:\\CrearApps\\WhatyBot-Baileys\\node_modules\\.pnpm\\fetch-blob@3.2.0\\node_modules\\fetch-blob",
                                "dependencies": {
                                  "node-domexception": {
                                    "from": "node-domexception",
                                    "version": "1.0.0",
                                    "resolved": "https://registry.npmjs.org/node-domexception/-/node-domexception-1.0.0.tgz",
                                    "path": "E:\\CrearApps\\WhatyBot-Baileys\\node_modules\\.pnpm\\node-domexception@1.0.0\\node_modules\\node-domexception"
                                  },
                                  "web-streams-polyfill": {
                                    "from": "web-streams-polyfill",
                                    "version": "3.3.3",
                                    "resolved": "https://registry.npmjs.org/web-streams-polyfill/-/web-streams-polyfill-3.3.3.tgz",
                                    "path": "E:\\CrearApps\\WhatyBot-Baileys\\node_modules\\.pnpm\\web-streams-polyfill@3.3.3\\node_modules\\web-streams-polyfill"
                                  }
                                }
                              }
                            }
                          }
                        }
                      },
                      "rimraf": {
                        "from": "rimraf",
                        "version": "5.0.10",
                        "resolved": "https://registry.npmjs.org/rimraf/-/rimraf-5.0.10.tgz",
                        "path": "E:\\CrearApps\\WhatyBot-Baileys\\node_modules\\.pnpm\\rimraf@5.0.10\\node_modules\\rimraf",
                        "dependencies": {
                          "glob": {
                            "from": "glob",
                            "version": "10.5.0",
                            "resolved": "https://registry.npmjs.org/glob/-/glob-10.5.0.tgz",
                            "path": "E:\\CrearApps\\WhatyBot-Baileys\\node_modules\\.pnpm\\glob@10.5.0\\node_modules\\glob",
                            "dependencies": {
                              "minipass": {
                                "from": "minipass",
                                "version": "7.1.2",
                                "resolved": "https://registry.npmjs.org/minipass/-/minipass-7.1.2.tgz",
                                "path": "E:\\CrearApps\\WhatyBot-Baileys\\node_modules\\.pnpm\\minipass@7.1.2\\node_modules\\minipass"
                              },
                              "package-json-from-dist": {
                                "from": "package-json-from-dist",
                                "version": "1.0.1",
                                "resolved": "https://registry.npmjs.org/package-json-from-dist/-/package-json-from-dist-1.0.1.tgz",
                                "path": "E:\\CrearApps\\WhatyBot-Baileys\\node_modules\\.pnpm\\package-json-from-dist@1.0.1\\node_modules\\package-json-from-dist"
                              },
                              "path-scurry": {
                                "from": "path-scurry",
                                "version": "1.11.1",
                                "resolved": "https://registry.npmjs.org/path-scurry/-/path-scurry-1.11.1.tgz",
                                "path": "E:\\CrearApps\\WhatyBot-Baileys\\node_modules\\.pnpm\\path-scurry@1.11.1\\node_modules\\path-scurry",
                                "dependencies": {
                                  "lru-cache": {
                                    "from": "lru-cache",
                                    "version": "10.4.3",
                                    "resolved": "https://registry.npmjs.org/lru-cache/-/lru-cache-10.4.3.tgz",
                                    "path": "E:\\CrearApps\\WhatyBot-Baileys\\node_modules\\.pnpm\\lru-cache@10.4.3\\node_modules\\lru-cache"
                                  },
                                  "minipass": {
                                    "from": "minipass",
                                    "version": "7.1.2",
                                    "resolved": "https://registry.npmjs.org/minipass/-/minipass-7.1.2.tgz",
                                    "path": "E:\\CrearApps\\WhatyBot-Baileys\\node_modules\\.pnpm\\minipass@7.1.2\\node_modules\\minipass"
                                  }
                                }
                              },
                              "minimatch": {
                                "from": "minimatch",
                                "version": "9.0.5",
                                "resolved": "https://registry.npmjs.org/minimatch/-/minimatch-9.0.5.tgz",
                                "path": "E:\\CrearApps\\WhatyBot-Baileys\\node_modules\\.pnpm\\minimatch@9.0.5\\node_modules\\minimatch",
                                "dependencies": {
                                  "brace-expansion": {
                                    "from": "brace-expansion",
                                    "version": "2.0.2",
                                    "resolved": "https://registry.npmjs.org/brace-expansion/-/brace-expansion-2.0.2.tgz",
                                    "path": "E:\\CrearApps\\WhatyBot-Baileys\\node_modules\\.pnpm\\brace-expansion@2.0.2\\node_modules\\brace-expansion",
                                    "dependencies": {
                                      "balanced-match": {
                                        "from": "balanced-match",
                                        "version": "1.0.2",
                                        "resolved": "https://registry.npmjs.org/balanced-match/-/balanced-match-1.0.2.tgz",
                                        "path": "E:\\CrearApps\\WhatyBot-Baileys\\node_modules\\.pnpm\\balanced-match@1.0.2\\node_modules\\balanced-match"
                                      }
                                    }
                                  }
                                }
                              },
                              "foreground-child": {
                                "from": "foreground-child",
                                "version": "3.3.1",
                                "resolved": "https://registry.npmjs.org/foreground-child/-/foreground-child-3.3.1.tgz",
                                "path": "E:\\CrearApps\\WhatyBot-Baileys\\node_modules\\.pnpm\\foreground-child@3.3.1\\node_modules\\foreground-child",
                                "dependencies": {
                                  "signal-exit": {
                                    "from": "signal-exit",
                                    "version": "4.1.0",
                                    "resolved": "https://registry.npmjs.org/signal-exit/-/signal-exit-4.1.0.tgz",
                                    "path": "E:\\CrearApps\\WhatyBot-Baileys\\node_modules\\.pnpm\\signal-exit@4.1.0\\node_modules\\signal-exit"
                                  },
                                  "cross-spawn": {
                                    "from": "cross-spawn",
                                    "version": "7.0.6",
                                    "resolved": "https://registry.npmjs.org/cross-spawn/-/cross-spawn-7.0.6.tgz",
                                    "path": "E:\\CrearApps\\WhatyBot-Baileys\\node_modules\\.pnpm\\cross-spawn@7.0.6\\node_modules\\cross-spawn",
                                    "dependencies": {
                                      "path-key": {
                                        "from": "path-key",
                                        "version": "3.1.1",
                                        "resolved": "https://registry.npmjs.org/path-key/-/path-key-3.1.1.tgz",
                                        "path": "E:\\CrearApps\\WhatyBot-Baileys\\node_modules\\.pnpm\\path-key@3.1.1\\node_modules\\path-key"
                                      },
                                      "shebang-command": {
                                        "from": "shebang-command",
                                        "version": "2.0.0",
                                        "resolved": "https://registry.npmjs.org/shebang-command/-/shebang-command-2.0.0.tgz",
                                        "path": "E:\\CrearApps\\WhatyBot-Baileys\\node_modules\\.pnpm\\shebang-command@2.0.0\\node_modules\\shebang-command",
                                        "dependencies": {
                                          "shebang-regex": {
                                            "from": "shebang-regex",
                                            "version": "3.0.0",
                                            "resolved": "https://registry.npmjs.org/shebang-regex/-/shebang-regex-3.0.0.tgz",
                                            "path": "E:\\CrearApps\\WhatyBot-Baileys\\node_modules\\.pnpm\\shebang-regex@3.0.0\\node_modules\\shebang-regex"
                                          }
                                        }
                                      },
                                      "which": {
                                        "from": "which",
                                        "version": "2.0.2",
                                        "resolved": "https://registry.npmjs.org/which/-/which-2.0.2.tgz",
                                        "path": "E:\\CrearApps\\WhatyBot-Baileys\\node_modules\\.pnpm\\which@2.0.2\\node_modules\\which",
                                        "dependencies": {
                                          "isexe": {
                                            "from": "isexe",
                                            "version": "2.0.0",
                                            "resolved": "https://registry.npmjs.org/isexe/-/isexe-2.0.0.tgz",
                                            "path": "E:\\CrearApps\\WhatyBot-Baileys\\node_modules\\.pnpm\\isexe@2.0.0\\node_modules\\isexe"
                                          }
                                        }
                                      }
                                    }
                                  }
                                }
                              },
                              "jackspeak": {
                                "from": "jackspeak",
                                "version": "3.4.3",
                                "resolved": "https://registry.npmjs.org/jackspeak/-/jackspeak-3.4.3.tgz",
                                "path": "E:\\CrearApps\\WhatyBot-Baileys\\node_modules\\.pnpm\\jackspeak@3.4.3\\node_modules\\jackspeak",
                                "dependencies": {
                                  "@pkgjs/parseargs": {
                                    "from": "@pkgjs/parseargs",
                                    "version": "0.11.0",
                                    "resolved": "https://registry.npmjs.org/@pkgjs/parseargs/-/parseargs-0.11.0.tgz",
                                    "path": "E:\\CrearApps\\WhatyBot-Baileys\\node_modules\\.pnpm\\@pkgjs+parseargs@0.11.0\\node_modules\\@pkgjs\\parseargs"
                                  },
                                  "@isaacs/cliui": {
                                    "from": "@isaacs/cliui",
                                    "version": "8.0.2",
                                    "resolved": "https://registry.npmjs.org/@isaacs/cliui/-/cliui-8.0.2.tgz",
                                    "path": "E:\\CrearApps\\WhatyBot-Baileys\\node_modules\\.pnpm\\@isaacs+cliui@8.0.2\\node_modules\\@isaacs\\cliui",
                                    "dependencies": {
                                      "strip-ansi": {
                                        "from": "strip-ansi",
                                        "version": "7.1.2",
                                        "resolved": "https://registry.npmjs.org/strip-ansi/-/strip-ansi-7.1.2.tgz",
                                        "path": "E:\\CrearApps\\WhatyBot-Baileys\\node_modules\\.pnpm\\strip-ansi@7.1.2\\node_modules\\strip-ansi",
                                        "dependencies": {
                                          "ansi-regex": {
                                            "from": "ansi-regex",
                                            "version": "6.2.2",
                                            "resolved": "https://registry.npmjs.org/ansi-regex/-/ansi-regex-6.2.2.tgz",
                                            "path": "E:\\CrearApps\\WhatyBot-Baileys\\node_modules\\.pnpm\\ansi-regex@6.2.2\\node_modules\\ansi-regex"
                                          }
                                        }
                                      },
                                      "strip-ansi-cjs": {
                                        "from": "strip-ansi",
                                        "version": "6.0.1",
                                        "resolved": "https://registry.npmjs.org/strip-ansi/-/strip-ansi-6.0.1.tgz",
                                        "path": "E:\\CrearApps\\WhatyBot-Baileys\\node_modules\\.pnpm\\strip-ansi@6.0.1\\node_modules\\strip-ansi",
                                        "dependencies": {
                                          "ansi-regex": {
                                            "from": "ansi-regex",
                                            "version": "5.0.1",
                                            "resolved": "https://registry.npmjs.org/ansi-regex/-/ansi-regex-5.0.1.tgz",
                                            "path": "E:\\CrearApps\\WhatyBot-Baileys\\node_modules\\.pnpm\\ansi-regex@5.0.1\\node_modules\\ansi-regex"
                                          }
                                        }
                                      },
                                      "string-width": {
                                        "from": "string-width",
                                        "version": "5.1.2",
                                        "resolved": "https://registry.npmjs.org/string-width/-/string-width-5.1.2.tgz",
                                        "path": "E:\\CrearApps\\WhatyBot-Baileys\\node_modules\\.pnpm\\string-width@5.1.2\\node_modules\\string-width",
                                        "dependencies": {
                                          "eastasianwidth": {
                                            "from": "eastasianwidth",
                                            "version": "0.2.0",
                                            "resolved": "https://registry.npmjs.org/eastasianwidth/-/eastasianwidth-0.2.0.tgz",
                                            "path": "E:\\CrearApps\\WhatyBot-Baileys\\node_modules\\.pnpm\\eastasianwidth@0.2.0\\node_modules\\eastasianwidth"
                                          },
                                          "emoji-regex": {
                                            "from": "emoji-regex",
                                            "version": "9.2.2",
                                            "resolved": "https://registry.npmjs.org/emoji-regex/-/emoji-regex-9.2.2.tgz",
                                            "path": "E:\\CrearApps\\WhatyBot-Baileys\\node_modules\\.pnpm\\emoji-regex@9.2.2\\node_modules\\emoji-regex"
                                          },
                                          "strip-ansi": {
                                            "from": "strip-ansi",
                                            "version": "7.1.2",
                                            "resolved": "https://registry.npmjs.org/strip-ansi/-/strip-ansi-7.1.2.tgz",
                                            "path": "E:\\CrearApps\\WhatyBot-Baileys\\node_modules\\.pnpm\\strip-ansi@7.1.2\\node_modules\\strip-ansi",
                                            "dependencies": {
                                              "ansi-regex": {
                                                "from": "ansi-regex",
                                                "version": "6.2.2",
                                                "resolved": "https://registry.npmjs.org/ansi-regex/-/ansi-regex-6.2.2.tgz",
                                                "path": "E:\\CrearApps\\WhatyBot-Baileys\\node_modules\\.pnpm\\ansi-regex@6.2.2\\node_modules\\ansi-regex"
                                              }
                                            }
                                          }
                                        }
                                      },
                                      "string-width-cjs": {
                                        "from": "string-width",
                                        "version": "4.2.3",
                                        "resolved": "https://registry.npmjs.org/string-width/-/string-width-4.2.3.tgz",
                                        "path": "E:\\CrearApps\\WhatyBot-Baileys\\node_modules\\.pnpm\\string-width@4.2.3\\node_modules\\string-width",
                                        "dependencies": {
                                          "emoji-regex": {
                                            "from": "emoji-regex",
                                            "version": "8.0.0",
                                            "resolved": "https://registry.npmjs.org/emoji-regex/-/emoji-regex-8.0.0.tgz",
                                            "path": "E:\\CrearApps\\WhatyBot-Baileys\\node_modules\\.pnpm\\emoji-regex@8.0.0\\node_modules\\emoji-regex"
                                          },
                                          "is-fullwidth-code-point": {
                                            "from": "is-fullwidth-code-point",
                                            "version": "3.0.0",
                                            "resolved": "https://registry.npmjs.org/is-fullwidth-code-point/-/is-fullwidth-code-point-3.0.0.tgz",
                                            "path": "E:\\CrearApps\\WhatyBot-Baileys\\node_modules\\.pnpm\\is-fullwidth-code-point@3.0.0\\node_modules\\is-fullwidth-code-point"
                                          },
                                          "strip-ansi": {
                                            "from": "strip-ansi",
                                            "version": "6.0.1",
                                            "resolved": "https://registry.npmjs.org/strip-ansi/-/strip-ansi-6.0.1.tgz",
                                            "path": "E:\\CrearApps\\WhatyBot-Baileys\\node_modules\\.pnpm\\strip-ansi@6.0.1\\node_modules\\strip-ansi",
                                            "dependencies": {
                                              "ansi-regex": {
                                                "from": "ansi-regex",
                                                "version": "5.0.1",
                                                "resolved": "https://registry.npmjs.org/ansi-regex/-/ansi-regex-5.0.1.tgz",
                                                "path": "E:\\CrearApps\\WhatyBot-Baileys\\node_modules\\.pnpm\\ansi-regex@5.0.1\\node_modules\\ansi-regex"
                                              }
                                            }
                                          }
                                        }
                                      },
                                      "wrap-ansi": {
                                        "from": "wrap-ansi",
                                        "version": "8.1.0",
                                        "resolved": "https://registry.npmjs.org/wrap-ansi/-/wrap-ansi-8.1.0.tgz",
                                        "path": "E:\\CrearApps\\WhatyBot-Baileys\\node_modules\\.pnpm\\wrap-ansi@8.1.0\\node_modules\\wrap-ansi",
                                        "dependencies": {
                                          "ansi-styles": {
                                            "from": "ansi-styles",
                                            "version": "6.2.3",
                                            "resolved": "https://registry.npmjs.org/ansi-styles/-/ansi-styles-6.2.3.tgz",
                                            "path": "E:\\CrearApps\\WhatyBot-Baileys\\node_modules\\.pnpm\\ansi-styles@6.2.3\\node_modules\\ansi-styles"
                                          },
                                          "strip-ansi": {
                                            "from": "strip-ansi",
                                            "version": "7.1.2",
                                            "resolved": "https://registry.npmjs.org/strip-ansi/-/strip-ansi-7.1.2.tgz",
                                            "path": "E:\\CrearApps\\WhatyBot-Baileys\\node_modules\\.pnpm\\strip-ansi@7.1.2\\node_modules\\strip-ansi",
                                            "dependencies": {
                                              "ansi-regex": {
                                                "from": "ansi-regex",
                                                "version": "6.2.2",
                                                "resolved": "https://registry.npmjs.org/ansi-regex/-/ansi-regex-6.2.2.tgz",
                                                "path": "E:\\CrearApps\\WhatyBot-Baileys\\node_modules\\.pnpm\\ansi-regex@6.2.2\\node_modules\\ansi-regex"
                                              }
                                            }
                                          },
                                          "string-width": {
                                            "from": "string-width",
                                            "version": "5.1.2",
                                            "resolved": "https://registry.npmjs.org/string-width/-/string-width-5.1.2.tgz",
                                            "path": "E:\\CrearApps\\WhatyBot-Baileys\\node_modules\\.pnpm\\string-width@5.1.2\\node_modules\\string-width",
                                            "dependencies": {
                                              "eastasianwidth": {
                                                "from": "eastasianwidth",
                                                "version": "0.2.0",
                                                "resolved": "https://registry.npmjs.org/eastasianwidth/-/eastasianwidth-0.2.0.tgz",
                                                "path": "E:\\CrearApps\\WhatyBot-Baileys\\node_modules\\.pnpm\\eastasianwidth@0.2.0\\node_modules\\eastasianwidth"
                                              },
                                              "emoji-regex": {
                                                "from": "emoji-regex",
                                                "version": "9.2.2",
                                                "resolved": "https://registry.npmjs.org/emoji-regex/-/emoji-regex-9.2.2.tgz",
                                                "path": "E:\\CrearApps\\WhatyBot-Baileys\\node_modules\\.pnpm\\emoji-regex@9.2.2\\node_modules\\emoji-regex"
                                              },
                                              "strip-ansi": {
                                                "from": "strip-ansi",
                                                "version": "7.1.2",
                                                "resolved": "https://registry.npmjs.org/strip-ansi/-/strip-ansi-7.1.2.tgz",
                                                "path": "E:\\CrearApps\\WhatyBot-Baileys\\node_modules\\.pnpm\\strip-ansi@7.1.2\\node_modules\\strip-ansi",
                                                "dependencies": {
                                                  "ansi-regex": {
                                                    "from": "ansi-regex",
                                                    "version": "6.2.2",
                                                    "resolved": "https://registry.npmjs.org/ansi-regex/-/ansi-regex-6.2.2.tgz",
                                                    "path": "E:\\CrearApps\\WhatyBot-Baileys\\node_modules\\.pnpm\\ansi-regex@6.2.2\\node_modules\\ansi-regex"
                                                  }
                                                }
                                              }
                                            }
                                          }
                                        }
                                      },
                                      "wrap-ansi-cjs": {
                                        "from": "wrap-ansi",
                                        "version": "7.0.0",
                                        "resolved": "https://registry.npmjs.org/wrap-ansi/-/wrap-ansi-7.0.0.tgz",
                                        "path": "E:\\CrearApps\\WhatyBot-Baileys\\node_modules\\.pnpm\\wrap-ansi@7.0.0\\node_modules\\wrap-ansi",
                                        "dependencies": {
                                          "strip-ansi": {
                                            "from": "strip-ansi",
                                            "version": "6.0.1",
                                            "resolved": "https://registry.npmjs.org/strip-ansi/-/strip-ansi-6.0.1.tgz",
                                            "path": "E:\\CrearApps\\WhatyBot-Baileys\\node_modules\\.pnpm\\strip-ansi@6.0.1\\node_modules\\strip-ansi",
                                            "dependencies": {
                                              "ansi-regex": {
                                                "from": "ansi-regex",
                                                "version": "5.0.1",
                                                "resolved": "https://registry.npmjs.org/ansi-regex/-/ansi-regex-5.0.1.tgz",
                                                "path": "E:\\CrearApps\\WhatyBot-Baileys\\node_modules\\.pnpm\\ansi-regex@5.0.1\\node_modules\\ansi-regex"
                                              }
                                            }
                                          },
                                          "ansi-styles": {
                                            "from": "ansi-styles",
                                            "version": "4.3.0",
                                            "resolved": "https://registry.npmjs.org/ansi-styles/-/ansi-styles-4.3.0.tgz",
                                            "path": "E:\\CrearApps\\WhatyBot-Baileys\\node_modules\\.pnpm\\ansi-styles@4.3.0\\node_modules\\ansi-styles",
                                            "dependencies": {
                                              "color-convert": {
                                                "from": "color-convert",
                                                "version": "2.0.1",
                                                "resolved": "https://registry.npmjs.org/color-convert/-/color-convert-2.0.1.tgz",
                                                "path": "E:\\CrearApps\\WhatyBot-Baileys\\node_modules\\.pnpm\\color-convert@2.0.1\\node_modules\\color-convert",
                                                "dependencies": {
                                                  "color-name": {
                                                    "from": "color-name",
                                                    "version": "1.1.4",
                                                    "resolved": "https://registry.npmjs.org/color-name/-/color-name-1.1.4.tgz",
                                                    "path": "E:\\CrearApps\\WhatyBot-Baileys\\node_modules\\.pnpm\\color-name@1.1.4\\node_modules\\color-name"
                                                  }
                                                }
                                              }
                                            }
                                          },
                                          "string-width": {
                                            "from": "string-width",
                                            "version": "4.2.3",
                                            "resolved": "https://registry.npmjs.org/string-width/-/string-width-4.2.3.tgz",
                                            "path": "E:\\CrearApps\\WhatyBot-Baileys\\node_modules\\.pnpm\\string-width@4.2.3\\node_modules\\string-width",
                                            "dependencies": {
                                              "emoji-regex": {
                                                "from": "emoji-regex",
                                                "version": "8.0.0",
                                                "resolved": "https://registry.npmjs.org/emoji-regex/-/emoji-regex-8.0.0.tgz",
                                                "path": "E:\\CrearApps\\WhatyBot-Baileys\\node_modules\\.pnpm\\emoji-regex@8.0.0\\node_modules\\emoji-regex"
                                              },
                                              "is-fullwidth-code-point": {
                                                "from": "is-fullwidth-code-point",
                                                "version": "3.0.0",
                                                "resolved": "https://registry.npmjs.org/is-fullwidth-code-point/-/is-fullwidth-code-point-3.0.0.tgz",
                                                "path": "E:\\CrearApps\\WhatyBot-Baileys\\node_modules\\.pnpm\\is-fullwidth-code-point@3.0.0\\node_modules\\is-fullwidth-code-point"
                                              },
                                              "strip-ansi": {
                                                "from": "strip-ansi",
                                                "version": "6.0.1",
                                                "resolved": "https://registry.npmjs.org/strip-ansi/-/strip-ansi-6.0.1.tgz",
                                                "path": "E:\\CrearApps\\WhatyBot-Baileys\\node_modules\\.pnpm\\strip-ansi@6.0.1\\node_modules\\strip-ansi",
                                                "dependencies": {
                                                  "ansi-regex": {
                                                    "from": "ansi-regex",
                                                    "version": "5.0.1",
                                                    "resolved": "https://registry.npmjs.org/ansi-regex/-/ansi-regex-5.0.1.tgz",
                                                    "path": "E:\\CrearApps\\WhatyBot-Baileys\\node_modules\\.pnpm\\ansi-regex@5.0.1\\node_modules\\ansi-regex"
                                                  }
                                                }
                                              }
                                            }
                                          }
                                        }
                                      }
                                    }
                                  }
                                }
                              }
                            }
                          }
                        }
                      }
                    }
                  }
                }
              },
              "gtoken": {
                "from": "gtoken",
                "version": "8.0.0",
                "resolved": "https://registry.npmjs.org/gtoken/-/gtoken-8.0.0.tgz",
                "path": "E:\\CrearApps\\WhatyBot-Baileys\\node_modules\\.pnpm\\gtoken@8.0.0\\node_modules\\gtoken",
                "dependencies": {
                  "jws": {
                    "from": "jws",
                    "version": "4.0.0",
                    "resolved": "https://registry.npmjs.org/jws/-/jws-4.0.0.tgz",
                    "path": "E:\\CrearApps\\WhatyBot-Baileys\\node_modules\\.pnpm\\jws@4.0.0\\node_modules\\jws",
                    "dependencies": {
                      "safe-buffer": {
                        "from": "safe-buffer",
                        "version": "5.2.1",
                        "resolved": "https://registry.npmjs.org/safe-buffer/-/safe-buffer-5.2.1.tgz",
                        "path": "E:\\CrearApps\\WhatyBot-Baileys\\node_modules\\.pnpm\\safe-buffer@5.2.1\\node_modules\\safe-buffer"
                      },
                      "jwa": {
                        "from": "jwa",
                        "version": "2.0.1",
                        "resolved": "https://registry.npmjs.org/jwa/-/jwa-2.0.1.tgz",
                        "path": "E:\\CrearApps\\WhatyBot-Baileys\\node_modules\\.pnpm\\jwa@2.0.1\\node_modules\\jwa",
                        "dependencies": {
                          "buffer-equal-constant-time": {
                            "from": "buffer-equal-constant-time",
                            "version": "1.0.1",
                            "resolved": "https://registry.npmjs.org/buffer-equal-constant-time/-/buffer-equal-constant-time-1.0.1.tgz",
                            "path": "E:\\CrearApps\\WhatyBot-Baileys\\node_modules\\.pnpm\\buffer-equal-constant-time@1.0.1\\node_modules\\buffer-equal-constant-time"
                          },
                          "safe-buffer": {
                            "from": "safe-buffer",
                            "version": "5.2.1",
                            "resolved": "https://registry.npmjs.org/safe-buffer/-/safe-buffer-5.2.1.tgz",
                            "path": "E:\\CrearApps\\WhatyBot-Baileys\\node_modules\\.pnpm\\safe-buffer@5.2.1\\node_modules\\safe-buffer"
                          },
                          "ecdsa-sig-formatter": {
                            "from": "ecdsa-sig-formatter",
                            "version": "1.0.11",
                            "resolved": "https://registry.npmjs.org/ecdsa-sig-formatter/-/ecdsa-sig-formatter-1.0.11.tgz",
                            "path": "E:\\CrearApps\\WhatyBot-Baileys\\node_modules\\.pnpm\\ecdsa-sig-formatter@1.0.11\\node_modules\\ecdsa-sig-formatter",
                            "dependencies": {
                              "safe-buffer": {
                                "from": "safe-buffer",
                                "version": "5.2.1",
                                "resolved": "https://registry.npmjs.org/safe-buffer/-/safe-buffer-5.2.1.tgz",
                                "path": "E:\\CrearApps\\WhatyBot-Baileys\\node_modules\\.pnpm\\safe-buffer@5.2.1\\node_modules\\safe-buffer"
                              }
                            }
                          }
                        }
                      }
                    }
                  },
                  "gaxios": {
                    "from": "gaxios",
                    "version": "7.1.3",
                    "resolved": "https://registry.npmjs.org/gaxios/-/gaxios-7.1.3.tgz",
                    "path": "E:\\CrearApps\\WhatyBot-Baileys\\node_modules\\.pnpm\\gaxios@7.1.3\\node_modules\\gaxios",
                    "dependencies": {
                      "extend": {
                        "from": "extend",
                        "version": "3.0.2",
                        "resolved": "https://registry.npmjs.org/extend/-/extend-3.0.2.tgz",
                        "path": "E:\\CrearApps\\WhatyBot-Baileys\\node_modules\\.pnpm\\extend@3.0.2\\node_modules\\extend"
                      },
                      "https-proxy-agent": {
                        "from": "https-proxy-agent",
                        "version": "7.0.6",
                        "resolved": "https://registry.npmjs.org/https-proxy-agent/-/https-proxy-agent-7.0.6.tgz",
                        "path": "E:\\CrearApps\\WhatyBot-Baileys\\node_modules\\.pnpm\\https-proxy-agent@7.0.6\\node_modules\\https-proxy-agent",
                        "dependencies": {
                          "agent-base": {
                            "from": "agent-base",
                            "version": "7.1.4",
                            "resolved": "https://registry.npmjs.org/agent-base/-/agent-base-7.1.4.tgz",
                            "path": "E:\\CrearApps\\WhatyBot-Baileys\\node_modules\\.pnpm\\agent-base@7.1.4\\node_modules\\agent-base"
                          },
                          "debug": {
                            "from": "debug",
                            "version": "4.4.3",
                            "resolved": "https://registry.npmjs.org/debug/-/debug-4.4.3.tgz",
                            "path": "E:\\CrearApps\\WhatyBot-Baileys\\node_modules\\.pnpm\\debug@4.4.3\\node_modules\\debug",
                            "dependencies": {
                              "ms": {
                                "from": "ms",
                                "version": "2.1.3",
                                "resolved": "https://registry.npmjs.org/ms/-/ms-2.1.3.tgz",
                                "path": "E:\\CrearApps\\WhatyBot-Baileys\\node_modules\\.pnpm\\ms@2.1.3\\node_modules\\ms"
                              }
                            }
                          }
                        }
                      },
                      "node-fetch": {
                        "from": "node-fetch",
                        "version": "3.3.2",
                        "resolved": "https://registry.npmjs.org/node-fetch/-/node-fetch-3.3.2.tgz",
                        "path": "E:\\CrearApps\\WhatyBot-Baileys\\node_modules\\.pnpm\\node-fetch@3.3.2\\node_modules\\node-fetch",
                        "dependencies": {
                          "data-uri-to-buffer": {
                            "from": "data-uri-to-buffer",
                            "version": "4.0.1",
                            "resolved": "https://registry.npmjs.org/data-uri-to-buffer/-/data-uri-to-buffer-4.0.1.tgz",
                            "path": "E:\\CrearApps\\WhatyBot-Baileys\\node_modules\\.pnpm\\data-uri-to-buffer@4.0.1\\node_modules\\data-uri-to-buffer"
                          },
                          "fetch-blob": {
                            "from": "fetch-blob",
                            "version": "3.2.0",
                            "resolved": "https://registry.npmjs.org/fetch-blob/-/fetch-blob-3.2.0.tgz",
                            "path": "E:\\CrearApps\\WhatyBot-Baileys\\node_modules\\.pnpm\\fetch-blob@3.2.0\\node_modules\\fetch-blob",
                            "dependencies": {
                              "node-domexception": {
                                "from": "node-domexception",
                                "version": "1.0.0",
                                "resolved": "https://registry.npmjs.org/node-domexception/-/node-domexception-1.0.0.tgz",
                                "path": "E:\\CrearApps\\WhatyBot-Baileys\\node_modules\\.pnpm\\node-domexception@1.0.0\\node_modules\\node-domexception"
                              },
                              "web-streams-polyfill": {
                                "from": "web-streams-polyfill",
                                "version": "3.3.3",
                                "resolved": "https://registry.npmjs.org/web-streams-polyfill/-/web-streams-polyfill-3.3.3.tgz",
                                "path": "E:\\CrearApps\\WhatyBot-Baileys\\node_modules\\.pnpm\\web-streams-polyfill@3.3.3\\node_modules\\web-streams-polyfill"
                              }
                            }
                          },
                          "formdata-polyfill": {
                            "from": "formdata-polyfill",
                            "version": "4.0.10",
                            "resolved": "https://registry.npmjs.org/formdata-polyfill/-/formdata-polyfill-4.0.10.tgz",
                            "path": "E:\\CrearApps\\WhatyBot-Baileys\\node_modules\\.pnpm\\formdata-polyfill@4.0.10\\node_modules\\formdata-polyfill",
                            "dependencies": {
                              "fetch-blob": {
                                "from": "fetch-blob",
                                "version": "3.2.0",
                                "resolved": "https://registry.npmjs.org/fetch-blob/-/fetch-blob-3.2.0.tgz",
                                "path": "E:\\CrearApps\\WhatyBot-Baileys\\node_modules\\.pnpm\\fetch-blob@3.2.0\\node_modules\\fetch-blob",
                                "dependencies": {
                                  "node-domexception": {
                                    "from": "node-domexception",
                                    "version": "1.0.0",
                                    "resolved": "https://registry.npmjs.org/node-domexception/-/node-domexception-1.0.0.tgz",
                                    "path": "E:\\CrearApps\\WhatyBot-Baileys\\node_modules\\.pnpm\\node-domexception@1.0.0\\node_modules\\node-domexception"
                                  },
                                  "web-streams-polyfill": {
                                    "from": "web-streams-polyfill",
                                    "version": "3.3.3",
                                    "resolved": "https://registry.npmjs.org/web-streams-polyfill/-/web-streams-polyfill-3.3.3.tgz",
                                    "path": "E:\\CrearApps\\WhatyBot-Baileys\\node_modules\\.pnpm\\web-streams-polyfill@3.3.3\\node_modules\\web-streams-polyfill"
                                  }
                                }
                              }
                            }
                          }
                        }
                      },
                      "rimraf": {
                        "from": "rimraf",
                        "version": "5.0.10",
                        "resolved": "https://registry.npmjs.org/rimraf/-/rimraf-5.0.10.tgz",
                        "path": "E:\\CrearApps\\WhatyBot-Baileys\\node_modules\\.pnpm\\rimraf@5.0.10\\node_modules\\rimraf",
                        "dependencies": {
                          "glob": {
                            "from": "glob",
                            "version": "10.5.0",
                            "resolved": "https://registry.npmjs.org/glob/-/glob-10.5.0.tgz",
                            "path": "E:\\CrearApps\\WhatyBot-Baileys\\node_modules\\.pnpm\\glob@10.5.0\\node_modules\\glob",
                            "dependencies": {
                              "minipass": {
                                "from": "minipass",
                                "version": "7.1.2",
                                "resolved": "https://registry.npmjs.org/minipass/-/minipass-7.1.2.tgz",
                                "path": "E:\\CrearApps\\WhatyBot-Baileys\\node_modules\\.pnpm\\minipass@7.1.2\\node_modules\\minipass"
                              },
                              "package-json-from-dist": {
                                "from": "package-json-from-dist",
                                "version": "1.0.1",
                                "resolved": "https://registry.npmjs.org/package-json-from-dist/-/package-json-from-dist-1.0.1.tgz",
                                "path": "E:\\CrearApps\\WhatyBot-Baileys\\node_modules\\.pnpm\\package-json-from-dist@1.0.1\\node_modules\\package-json-from-dist"
                              },
                              "path-scurry": {
                                "from": "path-scurry",
                                "version": "1.11.1",
                                "resolved": "https://registry.npmjs.org/path-scurry/-/path-scurry-1.11.1.tgz",
                                "path": "E:\\CrearApps\\WhatyBot-Baileys\\node_modules\\.pnpm\\path-scurry@1.11.1\\node_modules\\path-scurry",
                                "dependencies": {
                                  "lru-cache": {
                                    "from": "lru-cache",
                                    "version": "10.4.3",
                                    "resolved": "https://registry.npmjs.org/lru-cache/-/lru-cache-10.4.3.tgz",
                                    "path": "E:\\CrearApps\\WhatyBot-Baileys\\node_modules\\.pnpm\\lru-cache@10.4.3\\node_modules\\lru-cache"
                                  },
                                  "minipass": {
                                    "from": "minipass",
                                    "version": "7.1.2",
                                    "resolved": "https://registry.npmjs.org/minipass/-/minipass-7.1.2.tgz",
                                    "path": "E:\\CrearApps\\WhatyBot-Baileys\\node_modules\\.pnpm\\minipass@7.1.2\\node_modules\\minipass"
                                  }
                                }
                              },
                              "minimatch": {
                                "from": "minimatch",
                                "version": "9.0.5",
                                "resolved": "https://registry.npmjs.org/minimatch/-/minimatch-9.0.5.tgz",
                                "path": "E:\\CrearApps\\WhatyBot-Baileys\\node_modules\\.pnpm\\minimatch@9.0.5\\node_modules\\minimatch",
                                "dependencies": {
                                  "brace-expansion": {
                                    "from": "brace-expansion",
                                    "version": "2.0.2",
                                    "resolved": "https://registry.npmjs.org/brace-expansion/-/brace-expansion-2.0.2.tgz",
                                    "path": "E:\\CrearApps\\WhatyBot-Baileys\\node_modules\\.pnpm\\brace-expansion@2.0.2\\node_modules\\brace-expansion",
                                    "dependencies": {
                                      "balanced-match": {
                                        "from": "balanced-match",
                                        "version": "1.0.2",
                                        "resolved": "https://registry.npmjs.org/balanced-match/-/balanced-match-1.0.2.tgz",
                                        "path": "E:\\CrearApps\\WhatyBot-Baileys\\node_modules\\.pnpm\\balanced-match@1.0.2\\node_modules\\balanced-match"
                                      }
                                    }
                                  }
                                }
                              },
                              "foreground-child": {
                                "from": "foreground-child",
                                "version": "3.3.1",
                                "resolved": "https://registry.npmjs.org/foreground-child/-/foreground-child-3.3.1.tgz",
                                "path": "E:\\CrearApps\\WhatyBot-Baileys\\node_modules\\.pnpm\\foreground-child@3.3.1\\node_modules\\foreground-child",
                                "dependencies": {
                                  "signal-exit": {
                                    "from": "signal-exit",
                                    "version": "4.1.0",
                                    "resolved": "https://registry.npmjs.org/signal-exit/-/signal-exit-4.1.0.tgz",
                                    "path": "E:\\CrearApps\\WhatyBot-Baileys\\node_modules\\.pnpm\\signal-exit@4.1.0\\node_modules\\signal-exit"
                                  },
                                  "cross-spawn": {
                                    "from": "cross-spawn",
                                    "version": "7.0.6",
                                    "resolved": "https://registry.npmjs.org/cross-spawn/-/cross-spawn-7.0.6.tgz",
                                    "path": "E:\\CrearApps\\WhatyBot-Baileys\\node_modules\\.pnpm\\cross-spawn@7.0.6\\node_modules\\cross-spawn",
                                    "dependencies": {
                                      "path-key": {
                                        "from": "path-key",
                                        "version": "3.1.1",
                                        "resolved": "https://registry.npmjs.org/path-key/-/path-key-3.1.1.tgz",
                                        "path": "E:\\CrearApps\\WhatyBot-Baileys\\node_modules\\.pnpm\\path-key@3.1.1\\node_modules\\path-key"
                                      },
                                      "shebang-command": {
                                        "from": "shebang-command",
                                        "version": "2.0.0",
                                        "resolved": "https://registry.npmjs.org/shebang-command/-/shebang-command-2.0.0.tgz",
                                        "path": "E:\\CrearApps\\WhatyBot-Baileys\\node_modules\\.pnpm\\shebang-command@2.0.0\\node_modules\\shebang-command",
                                        "dependencies": {
                                          "shebang-regex": {
                                            "from": "shebang-regex",
                                            "version": "3.0.0",
                                            "resolved": "https://registry.npmjs.org/shebang-regex/-/shebang-regex-3.0.0.tgz",
                                            "path": "E:\\CrearApps\\WhatyBot-Baileys\\node_modules\\.pnpm\\shebang-regex@3.0.0\\node_modules\\shebang-regex"
                                          }
                                        }
                                      },
                                      "which": {
                                        "from": "which",
                                        "version": "2.0.2",
                                        "resolved": "https://registry.npmjs.org/which/-/which-2.0.2.tgz",
                                        "path": "E:\\CrearApps\\WhatyBot-Baileys\\node_modules\\.pnpm\\which@2.0.2\\node_modules\\which",
                                        "dependencies": {
                                          "isexe": {
                                            "from": "isexe",
                                            "version": "2.0.0",
                                            "resolved": "https://registry.npmjs.org/isexe/-/isexe-2.0.0.tgz",
                                            "path": "E:\\CrearApps\\WhatyBot-Baileys\\node_modules\\.pnpm\\isexe@2.0.0\\node_modules\\isexe"
                                          }
                                        }
                                      }
                                    }
                                  }
                                }
                              },
                              "jackspeak": {
                                "from": "jackspeak",
                                "version": "3.4.3",
                                "resolved": "https://registry.npmjs.org/jackspeak/-/jackspeak-3.4.3.tgz",
                                "path": "E:\\CrearApps\\WhatyBot-Baileys\\node_modules\\.pnpm\\jackspeak@3.4.3\\node_modules\\jackspeak",
                                "dependencies": {
                                  "@pkgjs/parseargs": {
                                    "from": "@pkgjs/parseargs",
                                    "version": "0.11.0",
                                    "resolved": "https://registry.npmjs.org/@pkgjs/parseargs/-/parseargs-0.11.0.tgz",
                                    "path": "E:\\CrearApps\\WhatyBot-Baileys\\node_modules\\.pnpm\\@pkgjs+parseargs@0.11.0\\node_modules\\@pkgjs\\parseargs"
                                  },
                                  "@isaacs/cliui": {
                                    "from": "@isaacs/cliui",
                                    "version": "8.0.2",
                                    "resolved": "https://registry.npmjs.org/@isaacs/cliui/-/cliui-8.0.2.tgz",
                                    "path": "E:\\CrearApps\\WhatyBot-Baileys\\node_modules\\.pnpm\\@isaacs+cliui@8.0.2\\node_modules\\@isaacs\\cliui",
                                    "dependencies": {
                                      "strip-ansi": {
                                        "from": "strip-ansi",
                                        "version": "7.1.2",
                                        "resolved": "https://registry.npmjs.org/strip-ansi/-/strip-ansi-7.1.2.tgz",
                                        "path": "E:\\CrearApps\\WhatyBot-Baileys\\node_modules\\.pnpm\\strip-ansi@7.1.2\\node_modules\\strip-ansi",
                                        "dependencies": {
                                          "ansi-regex": {
                                            "from": "ansi-regex",
                                            "version": "6.2.2",
                                            "resolved": "https://registry.npmjs.org/ansi-regex/-/ansi-regex-6.2.2.tgz",
                                            "path": "E:\\CrearApps\\WhatyBot-Baileys\\node_modules\\.pnpm\\ansi-regex@6.2.2\\node_modules\\ansi-regex"
                                          }
                                        }
                                      },
                                      "strip-ansi-cjs": {
                                        "from": "strip-ansi",
                                        "version": "6.0.1",
                                        "resolved": "https://registry.npmjs.org/strip-ansi/-/strip-ansi-6.0.1.tgz",
                                        "path": "E:\\CrearApps\\WhatyBot-Baileys\\node_modules\\.pnpm\\strip-ansi@6.0.1\\node_modules\\strip-ansi",
                                        "dependencies": {
                                          "ansi-regex": {
                                            "from": "ansi-regex",
                                            "version": "5.0.1",
                                            "resolved": "https://registry.npmjs.org/ansi-regex/-/ansi-regex-5.0.1.tgz",
                                            "path": "E:\\CrearApps\\WhatyBot-Baileys\\node_modules\\.pnpm\\ansi-regex@5.0.1\\node_modules\\ansi-regex"
                                          }
                                        }
                                      },
                                      "string-width": {
                                        "from": "string-width",
                                        "version": "5.1.2",
                                        "resolved": "https://registry.npmjs.org/string-width/-/string-width-5.1.2.tgz",
                                        "path": "E:\\CrearApps\\WhatyBot-Baileys\\node_modules\\.pnpm\\string-width@5.1.2\\node_modules\\string-width",
                                        "dependencies": {
                                          "eastasianwidth": {
                                            "from": "eastasianwidth",
                                            "version": "0.2.0",
                                            "resolved": "https://registry.npmjs.org/eastasianwidth/-/eastasianwidth-0.2.0.tgz",
                                            "path": "E:\\CrearApps\\WhatyBot-Baileys\\node_modules\\.pnpm\\eastasianwidth@0.2.0\\node_modules\\eastasianwidth"
                                          },
                                          "emoji-regex": {
                                            "from": "emoji-regex",
                                            "version": "9.2.2",
                                            "resolved": "https://registry.npmjs.org/emoji-regex/-/emoji-regex-9.2.2.tgz",
                                            "path": "E:\\CrearApps\\WhatyBot-Baileys\\node_modules\\.pnpm\\emoji-regex@9.2.2\\node_modules\\emoji-regex"
                                          },
                                          "strip-ansi": {
                                            "from": "strip-ansi",
                                            "version": "7.1.2",
                                            "resolved": "https://registry.npmjs.org/strip-ansi/-/strip-ansi-7.1.2.tgz",
                                            "path": "E:\\CrearApps\\WhatyBot-Baileys\\node_modules\\.pnpm\\strip-ansi@7.1.2\\node_modules\\strip-ansi",
                                            "dependencies": {
                                              "ansi-regex": {
                                                "from": "ansi-regex",
                                                "version": "6.2.2",
                                                "resolved": "https://registry.npmjs.org/ansi-regex/-/ansi-regex-6.2.2.tgz",
                                                "path": "E:\\CrearApps\\WhatyBot-Baileys\\node_modules\\.pnpm\\ansi-regex@6.2.2\\node_modules\\ansi-regex"
                                              }
                                            }
                                          }
                                        }
                                      },
                                      "string-width-cjs": {
                                        "from": "string-width",
                                        "version": "4.2.3",
                                        "resolved": "https://registry.npmjs.org/string-width/-/string-width-4.2.3.tgz",
                                        "path": "E:\\CrearApps\\WhatyBot-Baileys\\node_modules\\.pnpm\\string-width@4.2.3\\node_modules\\string-width",
                                        "dependencies": {
                                          "emoji-regex": {
                                            "from": "emoji-regex",
                                            "version": "8.0.0",
                                            "resolved": "https://registry.npmjs.org/emoji-regex/-/emoji-regex-8.0.0.tgz",
                                            "path": "E:\\CrearApps\\WhatyBot-Baileys\\node_modules\\.pnpm\\emoji-regex@8.0.0\\node_modules\\emoji-regex"
                                          },
                                          "is-fullwidth-code-point": {
                                            "from": "is-fullwidth-code-point",
                                            "version": "3.0.0",
                                            "resolved": "https://registry.npmjs.org/is-fullwidth-code-point/-/is-fullwidth-code-point-3.0.0.tgz",
                                            "path": "E:\\CrearApps\\WhatyBot-Baileys\\node_modules\\.pnpm\\is-fullwidth-code-point@3.0.0\\node_modules\\is-fullwidth-code-point"
                                          },
                                          "strip-ansi": {
                                            "from": "strip-ansi",
                                            "version": "6.0.1",
                                            "resolved": "https://registry.npmjs.org/strip-ansi/-/strip-ansi-6.0.1.tgz",
                                            "path": "E:\\CrearApps\\WhatyBot-Baileys\\node_modules\\.pnpm\\strip-ansi@6.0.1\\node_modules\\strip-ansi",
                                            "dependencies": {
                                              "ansi-regex": {
                                                "from": "ansi-regex",
                                                "version": "5.0.1",
                                                "resolved": "https://registry.npmjs.org/ansi-regex/-/ansi-regex-5.0.1.tgz",
                                                "path": "E:\\CrearApps\\WhatyBot-Baileys\\node_modules\\.pnpm\\ansi-regex@5.0.1\\node_modules\\ansi-regex"
                                              }
                                            }
                                          }
                                        }
                                      },
                                      "wrap-ansi": {
                                        "from": "wrap-ansi",
                                        "version": "8.1.0",
                                        "resolved": "https://registry.npmjs.org/wrap-ansi/-/wrap-ansi-8.1.0.tgz",
                                        "path": "E:\\CrearApps\\WhatyBot-Baileys\\node_modules\\.pnpm\\wrap-ansi@8.1.0\\node_modules\\wrap-ansi",
                                        "dependencies": {
                                          "ansi-styles": {
                                            "from": "ansi-styles",
                                            "version": "6.2.3",
                                            "resolved": "https://registry.npmjs.org/ansi-styles/-/ansi-styles-6.2.3.tgz",
                                            "path": "E:\\CrearApps\\WhatyBot-Baileys\\node_modules\\.pnpm\\ansi-styles@6.2.3\\node_modules\\ansi-styles"
                                          },
                                          "strip-ansi": {
                                            "from": "strip-ansi",
                                            "version": "7.1.2",
                                            "resolved": "https://registry.npmjs.org/strip-ansi/-/strip-ansi-7.1.2.tgz",
                                            "path": "E:\\CrearApps\\WhatyBot-Baileys\\node_modules\\.pnpm\\strip-ansi@7.1.2\\node_modules\\strip-ansi",
                                            "dependencies": {
                                              "ansi-regex": {
                                                "from": "ansi-regex",
                                                "version": "6.2.2",
                                                "resolved": "https://registry.npmjs.org/ansi-regex/-/ansi-regex-6.2.2.tgz",
                                                "path": "E:\\CrearApps\\WhatyBot-Baileys\\node_modules\\.pnpm\\ansi-regex@6.2.2\\node_modules\\ansi-regex"
                                              }
                                            }
                                          },
                                          "string-width": {
                                            "from": "string-width",
                                            "version": "5.1.2",
                                            "resolved": "https://registry.npmjs.org/string-width/-/string-width-5.1.2.tgz",
                                            "path": "E:\\CrearApps\\WhatyBot-Baileys\\node_modules\\.pnpm\\string-width@5.1.2\\node_modules\\string-width",
                                            "dependencies": {
                                              "eastasianwidth": {
                                                "from": "eastasianwidth",
                                                "version": "0.2.0",
                                                "resolved": "https://registry.npmjs.org/eastasianwidth/-/eastasianwidth-0.2.0.tgz",
                                                "path": "E:\\CrearApps\\WhatyBot-Baileys\\node_modules\\.pnpm\\eastasianwidth@0.2.0\\node_modules\\eastasianwidth"
                                              },
                                              "emoji-regex": {
                                                "from": "emoji-regex",
                                                "version": "9.2.2",
                                                "resolved": "https://registry.npmjs.org/emoji-regex/-/emoji-regex-9.2.2.tgz",
                                                "path": "E:\\CrearApps\\WhatyBot-Baileys\\node_modules\\.pnpm\\emoji-regex@9.2.2\\node_modules\\emoji-regex"
                                              },
                                              "strip-ansi": {
                                                "from": "strip-ansi",
                                                "version": "7.1.2",
                                                "resolved": "https://registry.npmjs.org/strip-ansi/-/strip-ansi-7.1.2.tgz",
                                                "path": "E:\\CrearApps\\WhatyBot-Baileys\\node_modules\\.pnpm\\strip-ansi@7.1.2\\node_modules\\strip-ansi",
                                                "dependencies": {
                                                  "ansi-regex": {
                                                    "from": "ansi-regex",
                                                    "version": "6.2.2",
                                                    "resolved": "https://registry.npmjs.org/ansi-regex/-/ansi-regex-6.2.2.tgz",
                                                    "path": "E:\\CrearApps\\WhatyBot-Baileys\\node_modules\\.pnpm\\ansi-regex@6.2.2\\node_modules\\ansi-regex"
                                                  }
                                                }
                                              }
                                            }
                                          }
                                        }
                                      },
                                      "wrap-ansi-cjs": {
                                        "from": "wrap-ansi",
                                        "version": "7.0.0",
                                        "resolved": "https://registry.npmjs.org/wrap-ansi/-/wrap-ansi-7.0.0.tgz",
                                        "path": "E:\\CrearApps\\WhatyBot-Baileys\\node_modules\\.pnpm\\wrap-ansi@7.0.0\\node_modules\\wrap-ansi",
                                        "dependencies": {
                                          "strip-ansi": {
                                            "from": "strip-ansi",
                                            "version": "6.0.1",
                                            "resolved": "https://registry.npmjs.org/strip-ansi/-/strip-ansi-6.0.1.tgz",
                                            "path": "E:\\CrearApps\\WhatyBot-Baileys\\node_modules\\.pnpm\\strip-ansi@6.0.1\\node_modules\\strip-ansi",
                                            "dependencies": {
                                              "ansi-regex": {
                                                "from": "ansi-regex",
                                                "version": "5.0.1",
                                                "resolved": "https://registry.npmjs.org/ansi-regex/-/ansi-regex-5.0.1.tgz",
                                                "path": "E:\\CrearApps\\WhatyBot-Baileys\\node_modules\\.pnpm\\ansi-regex@5.0.1\\node_modules\\ansi-regex"
                                              }
                                            }
                                          },
                                          "ansi-styles": {
                                            "from": "ansi-styles",
                                            "version": "4.3.0",
                                            "resolved": "https://registry.npmjs.org/ansi-styles/-/ansi-styles-4.3.0.tgz",
                                            "path": "E:\\CrearApps\\WhatyBot-Baileys\\node_modules\\.pnpm\\ansi-styles@4.3.0\\node_modules\\ansi-styles",
                                            "dependencies": {
                                              "color-convert": {
                                                "from": "color-convert",
                                                "version": "2.0.1",
                                                "resolved": "https://registry.npmjs.org/color-convert/-/color-convert-2.0.1.tgz",
                                                "path": "E:\\CrearApps\\WhatyBot-Baileys\\node_modules\\.pnpm\\color-convert@2.0.1\\node_modules\\color-convert",
                                                "dependencies": {
                                                  "color-name": {
                                                    "from": "color-name",
                                                    "version": "1.1.4",
                                                    "resolved": "https://registry.npmjs.org/color-name/-/color-name-1.1.4.tgz",
                                                    "path": "E:\\CrearApps\\WhatyBot-Baileys\\node_modules\\.pnpm\\color-name@1.1.4\\node_modules\\color-name"
                                                  }
                                                }
                                              }
                                            }
                                          },
                                          "string-width": {
                                            "from": "string-width",
                                            "version": "4.2.3",
                                            "resolved": "https://registry.npmjs.org/string-width/-/string-width-4.2.3.tgz",
                                            "path": "E:\\CrearApps\\WhatyBot-Baileys\\node_modules\\.pnpm\\string-width@4.2.3\\node_modules\\string-width",
                                            "dependencies": {
                                              "emoji-regex": {
                                                "from": "emoji-regex",
                                                "version": "8.0.0",
                                                "resolved": "https://registry.npmjs.org/emoji-regex/-/emoji-regex-8.0.0.tgz",
                                                "path": "E:\\CrearApps\\WhatyBot-Baileys\\node_modules\\.pnpm\\emoji-regex@8.0.0\\node_modules\\emoji-regex"
                                              },
                                              "is-fullwidth-code-point": {
                                                "from": "is-fullwidth-code-point",
                                                "version": "3.0.0",
                                                "resolved": "https://registry.npmjs.org/is-fullwidth-code-point/-/is-fullwidth-code-point-3.0.0.tgz",
                                                "path": "E:\\CrearApps\\WhatyBot-Baileys\\node_modules\\.pnpm\\is-fullwidth-code-point@3.0.0\\node_modules\\is-fullwidth-code-point"
                                              },
                                              "strip-ansi": {
                                                "from": "strip-ansi",
                                                "version": "6.0.1",
                                                "resolved": "https://registry.npmjs.org/strip-ansi/-/strip-ansi-6.0.1.tgz",
                                                "path": "E:\\CrearApps\\WhatyBot-Baileys\\node_modules\\.pnpm\\strip-ansi@6.0.1\\node_modules\\strip-ansi",
                                                "dependencies": {
                                                  "ansi-regex": {
                                                    "from": "ansi-regex",
                                                    "version": "5.0.1",
                                                    "resolved": "https://registry.npmjs.org/ansi-regex/-/ansi-regex-5.0.1.tgz",
                                                    "path": "E:\\CrearApps\\WhatyBot-Baileys\\node_modules\\.pnpm\\ansi-regex@5.0.1\\node_modules\\ansi-regex"
                                                  }
                                                }
                                              }
                                            }
                                          }
                                        }
                                      }
                                    }
                                  }
                                }
                              }
                            }
                          }
                        }
                      }
                    }
                  }
                }
              }
            }
          }
        }
      }
    },
    "unsavedDependencies": {
      "agent-base": {
        "from": "agent-base",
        "version": "7.1.4",
        "path": "E:\\CrearApps\\WhatyBot-Baileys\\node_modules\\agent-base"
      },
      "adler-32": {
        "from": "adler-32",
        "version": "1.3.1",
        "path": "E:\\CrearApps\\WhatyBot-Baileys\\node_modules\\adler-32"
      },
      "7zip-bin": {
        "from": "7zip-bin",
        "version": "5.2.0",
        "path": "E:\\CrearApps\\WhatyBot-Baileys\\node_modules\\7zip-bin"
      },
      "abbrev": {
        "from": "abbrev",
        "version": "1.1.1",
        "path": "E:\\CrearApps\\WhatyBot-Baileys\\node_modules\\abbrev"
      },
      "agentkeepalive": {
        "from": "agentkeepalive",
        "version": "4.6.0",
        "path": "E:\\CrearApps\\WhatyBot-Baileys\\node_modules\\agentkeepalive"
      },
      "aggregate-error": {
        "from": "aggregate-error",
        "version": "3.1.0",
        "path": "E:\\CrearApps\\WhatyBot-Baileys\\node_modules\\aggregate-error"
      },
      "ansi-regex": {
        "from": "ansi-regex",
        "version": "6.2.2",
        "path": "E:\\CrearApps\\WhatyBot-Baileys\\node_modules\\ansi-regex"
      },
      "ajv": {
        "from": "ajv",
        "version": "6.12.6",
        "path": "E:\\CrearApps\\WhatyBot-Baileys\\node_modules\\ajv"
      },
      "ajv-keywords": {
        "from": "ajv-keywords",
        "version": "3.5.2",
        "path": "E:\\CrearApps\\WhatyBot-Baileys\\node_modules\\ajv-keywords"
      },
      "ansi-styles": {
        "from": "ansi-styles",
        "version": "6.2.3",
        "path": "E:\\CrearApps\\WhatyBot-Baileys\\node_modules\\ansi-styles"
      },
      "any-promise": {
        "from": "any-promise",
        "version": "1.3.0",
        "path": "E:\\CrearApps\\WhatyBot-Baileys\\node_modules\\any-promise"
      },
      "anymatch": {
        "from": "anymatch",
        "version": "3.1.3",
        "path": "E:\\CrearApps\\WhatyBot-Baileys\\node_modules\\anymatch"
      },
      "app-builder-bin": {
        "from": "app-builder-bin",
        "version": "5.0.0-alpha.12",
        "path": "E:\\CrearApps\\WhatyBot-Baileys\\node_modules\\app-builder-bin"
      },
      "app-builder-lib": {
        "from": "app-builder-lib",
        "version": "26.0.12",
        "path": "E:\\CrearApps\\WhatyBot-Baileys\\node_modules\\app-builder-lib"
      },
      "arg": {
        "from": "arg",
        "version": "5.0.2",
        "path": "E:\\CrearApps\\WhatyBot-Baileys\\node_modules\\arg"
      },
      "argparse": {
        "from": "argparse",
        "version": "2.0.1",
        "path": "E:\\CrearApps\\WhatyBot-Baileys\\node_modules\\argparse"
      },
      "async": {
        "from": "async",
        "version": "3.2.6",
        "path": "E:\\CrearApps\\WhatyBot-Baileys\\node_modules\\async"
      },
      "async-exit-hook": {
        "from": "async-exit-hook",
        "version": "2.0.1",
        "path": "E:\\CrearApps\\WhatyBot-Baileys\\node_modules\\async-exit-hook"
      },
      "asynckit": {
        "from": "asynckit",
        "version": "0.4.0",
        "path": "E:\\CrearApps\\WhatyBot-Baileys\\node_modules\\asynckit"
      },
      "at-least-node": {
        "from": "at-least-node",
        "version": "1.0.0",
        "path": "E:\\CrearApps\\WhatyBot-Baileys\\node_modules\\at-least-node"
      },
      "balanced-match": {
        "from": "balanced-match",
        "version": "1.0.2",
        "path": "E:\\CrearApps\\WhatyBot-Baileys\\node_modules\\balanced-match"
      },
      "base64-js": {
        "from": "base64-js",
        "version": "1.5.1",
        "path": "E:\\CrearApps\\WhatyBot-Baileys\\node_modules\\base64-js"
      },
      "baseline-browser-mapping": {
        "from": "baseline-browser-mapping",
        "version": "2.8.32",
        "path": "E:\\CrearApps\\WhatyBot-Baileys\\node_modules\\baseline-browser-mapping"
      },
      "bl": {
        "from": "bl",
        "version": "4.1.0",
        "path": "E:\\CrearApps\\WhatyBot-Baileys\\node_modules\\bl"
      },
      "bignumber.js": {
        "from": "bignumber.js",
        "version": "9.3.1",
        "path": "E:\\CrearApps\\WhatyBot-Baileys\\node_modules\\bignumber.js"
      },
      "boolean": {
        "from": "boolean",
        "version": "3.2.0",
        "path": "E:\\CrearApps\\WhatyBot-Baileys\\node_modules\\boolean"
      },
      "braces": {
        "from": "braces",
        "version": "3.0.3",
        "path": "E:\\CrearApps\\WhatyBot-Baileys\\node_modules\\braces"
      },
      "brace-expansion": {
        "from": "brace-expansion",
        "version": "2.0.2",
        "path": "E:\\CrearApps\\WhatyBot-Baileys\\node_modules\\brace-expansion"
      },
      "buffer": {
        "from": "buffer",
        "version": "5.7.1",
        "path": "E:\\CrearApps\\WhatyBot-Baileys\\node_modules\\buffer"
      },
      "browserslist": {
        "from": "browserslist",
        "version": "4.28.0",
        "path": "E:\\CrearApps\\WhatyBot-Baileys\\node_modules\\browserslist"
      },
      "buffer-from": {
        "from": "buffer-from",
        "version": "1.1.2",
        "path": "E:\\CrearApps\\WhatyBot-Baileys\\node_modules\\buffer-from"
      },
      "buffer-crc32": {
        "from": "buffer-crc32",
        "version": "0.2.13",
        "path": "E:\\CrearApps\\WhatyBot-Baileys\\node_modules\\buffer-crc32"
      },
      "buffer-equal-constant-time": {
        "from": "buffer-equal-constant-time",
        "version": "1.0.1",
        "path": "E:\\CrearApps\\WhatyBot-Baileys\\node_modules\\buffer-equal-constant-time"
      },
      "builder-util-runtime": {
        "from": "builder-util-runtime",
        "version": "9.3.1",
        "path": "E:\\CrearApps\\WhatyBot-Baileys\\node_modules\\builder-util-runtime"
      },
      "cacache": {
        "from": "cacache",
        "version": "16.1.3",
        "path": "E:\\CrearApps\\WhatyBot-Baileys\\node_modules\\cacache"
      },
      "builder-util": {
        "from": "builder-util",
        "version": "26.0.11",
        "path": "E:\\CrearApps\\WhatyBot-Baileys\\node_modules\\builder-util"
      },
      "binary-extensions": {
        "from": "binary-extensions",
        "version": "2.3.0",
        "path": "E:\\CrearApps\\WhatyBot-Baileys\\node_modules\\binary-extensions"
      },
      "cacheable-request": {
        "from": "cacheable-request",
        "version": "7.0.4",
        "path": "E:\\CrearApps\\WhatyBot-Baileys\\node_modules\\cacheable-request"
      },
      "camelcase-css": {
        "from": "camelcase-css",
        "version": "2.0.1",
        "path": "E:\\CrearApps\\WhatyBot-Baileys\\node_modules\\camelcase-css"
      },
      "call-bind-apply-helpers": {
        "from": "call-bind-apply-helpers",
        "version": "1.0.2",
        "path": "E:\\CrearApps\\WhatyBot-Baileys\\node_modules\\call-bind-apply-helpers"
      },
      "caniuse-lite": {
        "from": "caniuse-lite",
        "version": "1.0.30001757",
        "path": "E:\\CrearApps\\WhatyBot-Baileys\\node_modules\\caniuse-lite"
      },
      "chalk": {
        "from": "chalk",
        "version": "4.1.2",
        "path": "E:\\CrearApps\\WhatyBot-Baileys\\node_modules\\chalk"
      },
      "cacheable-lookup": {
        "from": "cacheable-lookup",
        "version": "5.0.4",
        "path": "E:\\CrearApps\\WhatyBot-Baileys\\node_modules\\cacheable-lookup"
      },
      "chownr": {
        "from": "chownr",
        "version": "2.0.0",
        "path": "E:\\CrearApps\\WhatyBot-Baileys\\node_modules\\chownr"
      },
      "cfb": {
        "from": "cfb",
        "version": "1.2.2",
        "path": "E:\\CrearApps\\WhatyBot-Baileys\\node_modules\\cfb"
      },
      "clean-stack": {
        "from": "clean-stack",
        "version": "2.2.0",
        "path": "E:\\CrearApps\\WhatyBot-Baileys\\node_modules\\clean-stack"
      },
      "chokidar": {
        "from": "chokidar",
        "version": "3.6.0",
        "path": "E:\\CrearApps\\WhatyBot-Baileys\\node_modules\\chokidar"
      },
      "chromium-pickle-js": {
        "from": "chromium-pickle-js",
        "version": "0.2.0",
        "path": "E:\\CrearApps\\WhatyBot-Baileys\\node_modules\\chromium-pickle-js"
      },
      "ci-info": {
        "from": "ci-info",
        "version": "3.9.0",
        "path": "E:\\CrearApps\\WhatyBot-Baileys\\node_modules\\ci-info"
      },
      "cli-cursor": {
        "from": "cli-cursor",
        "version": "3.1.0",
        "path": "E:\\CrearApps\\WhatyBot-Baileys\\node_modules\\cli-cursor"
      },
      "cliui": {
        "from": "cliui",
        "version": "8.0.1",
        "path": "E:\\CrearApps\\WhatyBot-Baileys\\node_modules\\cliui"
      },
      "cli-spinners": {
        "from": "cli-spinners",
        "version": "2.9.2",
        "path": "E:\\CrearApps\\WhatyBot-Baileys\\node_modules\\cli-spinners"
      },
      "clone-response": {
        "from": "clone-response",
        "version": "1.0.3",
        "path": "E:\\CrearApps\\WhatyBot-Baileys\\node_modules\\clone-response"
      },
      "codepage": {
        "from": "codepage",
        "version": "1.15.0",
        "path": "E:\\CrearApps\\WhatyBot-Baileys\\node_modules\\codepage"
      },
      "clone": {
        "from": "clone",
        "version": "1.0.4",
        "path": "E:\\CrearApps\\WhatyBot-Baileys\\node_modules\\clone"
      },
      "combined-stream": {
        "from": "combined-stream",
        "version": "1.0.8",
        "path": "E:\\CrearApps\\WhatyBot-Baileys\\node_modules\\combined-stream"
      },
      "color-convert": {
        "from": "color-convert",
        "version": "2.0.1",
        "path": "E:\\CrearApps\\WhatyBot-Baileys\\node_modules\\color-convert"
      },
      "color-name": {
        "from": "color-name",
        "version": "1.1.4",
        "path": "E:\\CrearApps\\WhatyBot-Baileys\\node_modules\\color-name"
      },
      "concat-map": {
        "from": "concat-map",
        "version": "0.0.1",
        "path": "E:\\CrearApps\\WhatyBot-Baileys\\node_modules\\concat-map"
      },
      "compare-version": {
        "from": "compare-version",
        "version": "0.1.2",
        "path": "E:\\CrearApps\\WhatyBot-Baileys\\node_modules\\compare-version"
      },
      "config-file-ts": {
        "from": "config-file-ts",
        "version": "0.2.8-rc1",
        "path": "E:\\CrearApps\\WhatyBot-Baileys\\node_modules\\config-file-ts"
      },
      "convert-source-map": {
        "from": "convert-source-map",
        "version": "2.0.0",
        "path": "E:\\CrearApps\\WhatyBot-Baileys\\node_modules\\convert-source-map"
      },
      "cross-dirname": {
        "from": "cross-dirname",
        "version": "0.1.0",
        "path": "E:\\CrearApps\\WhatyBot-Baileys\\node_modules\\cross-dirname"
      },
      "cross-spawn": {
        "from": "cross-spawn",
        "version": "7.0.6",
        "path": "E:\\CrearApps\\WhatyBot-Baileys\\node_modules\\cross-spawn"
      },
      "crc-32": {
        "from": "crc-32",
        "version": "1.2.2",
        "path": "E:\\CrearApps\\WhatyBot-Baileys\\node_modules\\crc-32"
      },
      "cssesc": {
        "from": "cssesc",
        "version": "3.0.0",
        "path": "E:\\CrearApps\\WhatyBot-Baileys\\node_modules\\cssesc"
      },
      "data-uri-to-buffer": {
        "from": "data-uri-to-buffer",
        "version": "4.0.1",
        "path": "E:\\CrearApps\\WhatyBot-Baileys\\node_modules\\data-uri-to-buffer"
      },
      "debug": {
        "from": "debug",
        "version": "4.4.3",
        "path": "E:\\CrearApps\\WhatyBot-Baileys\\node_modules\\debug"
      },
      "decompress-response": {
        "from": "decompress-response",
        "version": "6.0.0",
        "path": "E:\\CrearApps\\WhatyBot-Baileys\\node_modules\\decompress-response"
      },
      "defer-to-connect": {
        "from": "defer-to-connect",
        "version": "2.0.1",
        "path": "E:\\CrearApps\\WhatyBot-Baileys\\node_modules\\defer-to-connect"
      },
      "define-data-property": {
        "from": "define-data-property",
        "version": "1.1.4",
        "path": "E:\\CrearApps\\WhatyBot-Baileys\\node_modules\\define-data-property"
      },
      "commander": {
        "from": "commander",
        "version": "5.1.0",
        "path": "E:\\CrearApps\\WhatyBot-Baileys\\node_modules\\commander"
      },
      "define-properties": {
        "from": "define-properties",
        "version": "1.2.1",
        "path": "E:\\CrearApps\\WhatyBot-Baileys\\node_modules\\define-properties"
      },
      "delayed-stream": {
        "from": "delayed-stream",
        "version": "1.0.0",
        "path": "E:\\CrearApps\\WhatyBot-Baileys\\node_modules\\delayed-stream"
      },
      "detect-libc": {
        "from": "detect-libc",
        "version": "2.1.2",
        "path": "E:\\CrearApps\\WhatyBot-Baileys\\node_modules\\detect-libc"
      },
      "detect-node": {
        "from": "detect-node",
        "version": "2.1.0",
        "path": "E:\\CrearApps\\WhatyBot-Baileys\\node_modules\\detect-node"
      },
      "didyoumean": {
        "from": "didyoumean",
        "version": "1.2.2",
        "path": "E:\\CrearApps\\WhatyBot-Baileys\\node_modules\\didyoumean"
      },
      "dir-compare": {
        "from": "dir-compare",
        "version": "4.2.0",
        "path": "E:\\CrearApps\\WhatyBot-Baileys\\node_modules\\dir-compare"
      },
      "dlv": {
        "from": "dlv",
        "version": "1.1.3",
        "path": "E:\\CrearApps\\WhatyBot-Baileys\\node_modules\\dlv"
      },
      "dmg-builder": {
        "from": "dmg-builder",
        "version": "26.0.12",
        "path": "E:\\CrearApps\\WhatyBot-Baileys\\node_modules\\dmg-builder"
      },
      "dotenv": {
        "from": "dotenv",
        "version": "16.6.1",
        "path": "E:\\CrearApps\\WhatyBot-Baileys\\node_modules\\dotenv"
      },
      "dotenv-expand": {
        "from": "dotenv-expand",
        "version": "11.0.7",
        "path": "E:\\CrearApps\\WhatyBot-Baileys\\node_modules\\dotenv-expand"
      },
      "defaults": {
        "from": "defaults",
        "version": "1.0.4",
        "path": "E:\\CrearApps\\WhatyBot-Baileys\\node_modules\\defaults"
      },
      "dunder-proto": {
        "from": "dunder-proto",
        "version": "1.0.1",
        "path": "E:\\CrearApps\\WhatyBot-Baileys\\node_modules\\dunder-proto"
      },
      "ejs": {
        "from": "ejs",
        "version": "3.1.10",
        "path": "E:\\CrearApps\\WhatyBot-Baileys\\node_modules\\ejs"
      },
      "electron-builder-squirrel-windows": {
        "from": "electron-builder-squirrel-windows",
        "version": "26.0.12",
        "path": "E:\\CrearApps\\WhatyBot-Baileys\\node_modules\\electron-builder-squirrel-windows"
      },
      "electron-to-chromium": {
        "from": "electron-to-chromium",
        "version": "1.5.262",
        "path": "E:\\CrearApps\\WhatyBot-Baileys\\node_modules\\electron-to-chromium"
      },
      "electron-publish": {
        "from": "electron-publish",
        "version": "26.0.11",
        "path": "E:\\CrearApps\\WhatyBot-Baileys\\node_modules\\electron-publish"
      },
      "ecdsa-sig-formatter": {
        "from": "ecdsa-sig-formatter",
        "version": "1.0.11",
        "path": "E:\\CrearApps\\WhatyBot-Baileys\\node_modules\\ecdsa-sig-formatter"
      },
      "electron-winstaller": {
        "from": "electron-winstaller",
        "version": "5.4.0",
        "path": "E:\\CrearApps\\WhatyBot-Baileys\\node_modules\\electron-winstaller"
      },
      "eastasianwidth": {
        "from": "eastasianwidth",
        "version": "0.2.0",
        "path": "E:\\CrearApps\\WhatyBot-Baileys\\node_modules\\eastasianwidth"
      },
      "end-of-stream": {
        "from": "end-of-stream",
        "version": "1.4.5",
        "path": "E:\\CrearApps\\WhatyBot-Baileys\\node_modules\\end-of-stream"
      },
      "encoding": {
        "from": "encoding",
        "version": "0.1.13",
        "path": "E:\\CrearApps\\WhatyBot-Baileys\\node_modules\\encoding"
      },
      "emoji-regex": {
        "from": "emoji-regex",
        "version": "9.2.2",
        "path": "E:\\CrearApps\\WhatyBot-Baileys\\node_modules\\emoji-regex"
      },
      "err-code": {
        "from": "err-code",
        "version": "2.0.3",
        "path": "E:\\CrearApps\\WhatyBot-Baileys\\node_modules\\err-code"
      },
      "env-paths": {
        "from": "env-paths",
        "version": "2.2.1",
        "path": "E:\\CrearApps\\WhatyBot-Baileys\\node_modules\\env-paths"
      },
      "engine.io-client": {
        "from": "engine.io-client",
        "version": "6.6.3",
        "path": "E:\\CrearApps\\WhatyBot-Baileys\\node_modules\\engine.io-client"
      },
      "engine.io-parser": {
        "from": "engine.io-parser",
        "version": "5.2.3",
        "path": "E:\\CrearApps\\WhatyBot-Baileys\\node_modules\\engine.io-parser"
      },
      "es-define-property": {
        "from": "es-define-property",
        "version": "1.0.1",
        "path": "E:\\CrearApps\\WhatyBot-Baileys\\node_modules\\es-define-property"
      },
      "es-object-atoms": {
        "from": "es-object-atoms",
        "version": "1.1.1",
        "path": "E:\\CrearApps\\WhatyBot-Baileys\\node_modules\\es-object-atoms"
      },
      "es-errors": {
        "from": "es-errors",
        "version": "1.3.0",
        "path": "E:\\CrearApps\\WhatyBot-Baileys\\node_modules\\es-errors"
      },
      "es6-error": {
        "from": "es6-error",
        "version": "4.1.1",
        "path": "E:\\CrearApps\\WhatyBot-Baileys\\node_modules\\es6-error"
      },
      "es-set-tostringtag": {
        "from": "es-set-tostringtag",
        "version": "2.1.0",
        "path": "E:\\CrearApps\\WhatyBot-Baileys\\node_modules\\es-set-tostringtag"
      },
      "escalade": {
        "from": "escalade",
        "version": "3.2.0",
        "path": "E:\\CrearApps\\WhatyBot-Baileys\\node_modules\\escalade"
      },
      "esbuild": {
        "from": "esbuild",
        "version": "0.25.12",
        "path": "E:\\CrearApps\\WhatyBot-Baileys\\node_modules\\esbuild"
      },
      "escape-string-regexp": {
        "from": "escape-string-regexp",
        "version": "4.0.0",
        "path": "E:\\CrearApps\\WhatyBot-Baileys\\node_modules\\escape-string-regexp"
      },
      "exponential-backoff": {
        "from": "exponential-backoff",
        "version": "3.1.3",
        "path": "E:\\CrearApps\\WhatyBot-Baileys\\node_modules\\exponential-backoff"
      },
      "extend": {
        "from": "extend",
        "version": "3.0.2",
        "path": "E:\\CrearApps\\WhatyBot-Baileys\\node_modules\\extend"
      },
      "fast-deep-equal": {
        "from": "fast-deep-equal",
        "version": "3.1.3",
        "path": "E:\\CrearApps\\WhatyBot-Baileys\\node_modules\\fast-deep-equal"
      },
      "extract-zip": {
        "from": "extract-zip",
        "version": "2.0.1",
        "path": "E:\\CrearApps\\WhatyBot-Baileys\\node_modules\\extract-zip"
      },
      "fast-glob": {
        "from": "fast-glob",
        "version": "3.3.3",
        "path": "E:\\CrearApps\\WhatyBot-Baileys\\node_modules\\fast-glob"
      },
      "fast-json-stable-stringify": {
        "from": "fast-json-stable-stringify",
        "version": "2.1.0",
        "path": "E:\\CrearApps\\WhatyBot-Baileys\\node_modules\\fast-json-stable-stringify"
      },
      "fd-slicer": {
        "from": "fd-slicer",
        "version": "1.1.0",
        "path": "E:\\CrearApps\\WhatyBot-Baileys\\node_modules\\fd-slicer"
      },
      "fastq": {
        "from": "fastq",
        "version": "1.19.1",
        "path": "E:\\CrearApps\\WhatyBot-Baileys\\node_modules\\fastq"
      },
      "fdir": {
        "from": "fdir",
        "version": "6.5.0",
        "path": "E:\\CrearApps\\WhatyBot-Baileys\\node_modules\\fdir"
      },
      "fetch-blob": {
        "from": "fetch-blob",
        "version": "3.2.0",
        "path": "E:\\CrearApps\\WhatyBot-Baileys\\node_modules\\fetch-blob"
      },
      "filelist": {
        "from": "filelist",
        "version": "1.0.4",
        "path": "E:\\CrearApps\\WhatyBot-Baileys\\node_modules\\filelist"
      },
      "fill-range": {
        "from": "fill-range",
        "version": "7.1.1",
        "path": "E:\\CrearApps\\WhatyBot-Baileys\\node_modules\\fill-range"
      },
      "follow-redirects": {
        "from": "follow-redirects",
        "version": "1.15.11",
        "path": "E:\\CrearApps\\WhatyBot-Baileys\\node_modules\\follow-redirects"
      },
      "form-data": {
        "from": "form-data",
        "version": "4.0.5",
        "path": "E:\\CrearApps\\WhatyBot-Baileys\\node_modules\\form-data"
      },
      "foreground-child": {
        "from": "foreground-child",
        "version": "3.3.1",
        "path": "E:\\CrearApps\\WhatyBot-Baileys\\node_modules\\foreground-child"
      },
      "formdata-polyfill": {
        "from": "formdata-polyfill",
        "version": "4.0.10",
        "path": "E:\\CrearApps\\WhatyBot-Baileys\\node_modules\\formdata-polyfill"
      },
      "frac": {
        "from": "frac",
        "version": "1.1.2",
        "path": "E:\\CrearApps\\WhatyBot-Baileys\\node_modules\\frac"
      },
      "fraction.js": {
        "from": "fraction.js",
        "version": "5.3.4",
        "path": "E:\\CrearApps\\WhatyBot-Baileys\\node_modules\\fraction.js"
      },
      "fs-extra": {
        "from": "fs-extra",
        "version": "8.1.0",
        "path": "E:\\CrearApps\\WhatyBot-Baileys\\node_modules\\fs-extra"
      },
      "fs-minipass": {
        "from": "fs-minipass",
        "version": "2.1.0",
        "path": "E:\\CrearApps\\WhatyBot-Baileys\\node_modules\\fs-minipass"
      },
      "fs.realpath": {
        "from": "fs.realpath",
        "version": "1.0.0",
        "path": "E:\\CrearApps\\WhatyBot-Baileys\\node_modules\\fs.realpath"
      },
      "function-bind": {
        "from": "function-bind",
        "version": "1.1.2",
        "path": "E:\\CrearApps\\WhatyBot-Baileys\\node_modules\\function-bind"
      },
      "gcp-metadata": {
        "from": "gcp-metadata",
        "version": "8.1.2",
        "path": "E:\\CrearApps\\WhatyBot-Baileys\\node_modules\\gcp-metadata"
      },
      "gaxios": {
        "from": "gaxios",
        "version": "7.1.3",
        "path": "E:\\CrearApps\\WhatyBot-Baileys\\node_modules\\gaxios"
      },
      "gensync": {
        "from": "gensync",
        "version": "1.0.0-beta.2",
        "path": "E:\\CrearApps\\WhatyBot-Baileys\\node_modules\\gensync"
      },
      "get-caller-file": {
        "from": "get-caller-file",
        "version": "2.0.5",
        "path": "E:\\CrearApps\\WhatyBot-Baileys\\node_modules\\get-caller-file"
      },
      "get-proto": {
        "from": "get-proto",
        "version": "1.0.1",
        "path": "E:\\CrearApps\\WhatyBot-Baileys\\node_modules\\get-proto"
      },
      "get-stream": {
        "from": "get-stream",
        "version": "5.2.0",
        "path": "E:\\CrearApps\\WhatyBot-Baileys\\node_modules\\get-stream"
      },
      "get-intrinsic": {
        "from": "get-intrinsic",
        "version": "1.3.0",
        "path": "E:\\CrearApps\\WhatyBot-Baileys\\node_modules\\get-intrinsic"
      },
      "glob": {
        "from": "glob",
        "version": "10.5.0",
        "path": "E:\\CrearApps\\WhatyBot-Baileys\\node_modules\\glob"
      },
      "glob-parent": {
        "from": "glob-parent",
        "version": "6.0.2",
        "path": "E:\\CrearApps\\WhatyBot-Baileys\\node_modules\\glob-parent"
      },
      "globalthis": {
        "from": "globalthis",
        "version": "1.0.4",
        "path": "E:\\CrearApps\\WhatyBot-Baileys\\node_modules\\globalthis"
      },
      "global-agent": {
        "from": "global-agent",
        "version": "3.0.0",
        "path": "E:\\CrearApps\\WhatyBot-Baileys\\node_modules\\global-agent"
      },
      "google-auth-library": {
        "from": "google-auth-library",
        "version": "10.5.0",
        "path": "E:\\CrearApps\\WhatyBot-Baileys\\node_modules\\google-auth-library"
      },
      "google-logging-utils": {
        "from": "google-logging-utils",
        "version": "1.1.3",
        "path": "E:\\CrearApps\\WhatyBot-Baileys\\node_modules\\google-logging-utils"
      },
      "got": {
        "from": "got",
        "version": "11.8.6",
        "path": "E:\\CrearApps\\WhatyBot-Baileys\\node_modules\\got"
      },
      "graceful-fs": {
        "from": "graceful-fs",
        "version": "4.2.11",
        "path": "E:\\CrearApps\\WhatyBot-Baileys\\node_modules\\graceful-fs"
      },
      "gopd": {
        "from": "gopd",
        "version": "1.2.0",
        "path": "E:\\CrearApps\\WhatyBot-Baileys\\node_modules\\gopd"
      },
      "has-symbols": {
        "from": "has-symbols",
        "version": "1.1.0",
        "path": "E:\\CrearApps\\WhatyBot-Baileys\\node_modules\\has-symbols"
      },
      "has-property-descriptors": {
        "from": "has-property-descriptors",
        "version": "1.0.2",
        "path": "E:\\CrearApps\\WhatyBot-Baileys\\node_modules\\has-property-descriptors"
      },
      "has-tostringtag": {
        "from": "has-tostringtag",
        "version": "1.0.2",
        "path": "E:\\CrearApps\\WhatyBot-Baileys\\node_modules\\has-tostringtag"
      },
      "hasown": {
        "from": "hasown",
        "version": "2.0.2",
        "path": "E:\\CrearApps\\WhatyBot-Baileys\\node_modules\\hasown"
      },
      "hosted-git-info": {
        "from": "hosted-git-info",
        "version": "4.1.0",
        "path": "E:\\CrearApps\\WhatyBot-Baileys\\node_modules\\hosted-git-info"
      },
      "http-proxy-agent": {
        "from": "http-proxy-agent",
        "version": "7.0.2",
        "path": "E:\\CrearApps\\WhatyBot-Baileys\\node_modules\\http-proxy-agent"
      },
      "gtoken": {
        "from": "gtoken",
        "version": "8.0.0",
        "path": "E:\\CrearApps\\WhatyBot-Baileys\\node_modules\\gtoken"
      },
      "http2-wrapper": {
        "from": "http2-wrapper",
        "version": "1.0.3",
        "path": "E:\\CrearApps\\WhatyBot-Baileys\\node_modules\\http2-wrapper"
      },
      "https-proxy-agent": {
        "from": "https-proxy-agent",
        "version": "7.0.6",
        "path": "E:\\CrearApps\\WhatyBot-Baileys\\node_modules\\https-proxy-agent"
      },
      "http-cache-semantics": {
        "from": "http-cache-semantics",
        "version": "4.2.0",
        "path": "E:\\CrearApps\\WhatyBot-Baileys\\node_modules\\http-cache-semantics"
      },
      "humanize-ms": {
        "from": "humanize-ms",
        "version": "1.2.1",
        "path": "E:\\CrearApps\\WhatyBot-Baileys\\node_modules\\humanize-ms"
      },
      "iconv-lite": {
        "from": "iconv-lite",
        "version": "0.6.3",
        "path": "E:\\CrearApps\\WhatyBot-Baileys\\node_modules\\iconv-lite"
      },
      "ieee754": {
        "from": "ieee754",
        "version": "1.2.1",
        "path": "E:\\CrearApps\\WhatyBot-Baileys\\node_modules\\ieee754"
      },
      "infer-owner": {
        "from": "infer-owner",
        "version": "1.0.4",
        "path": "E:\\CrearApps\\WhatyBot-Baileys\\node_modules\\infer-owner"
      },
      "imurmurhash": {
        "from": "imurmurhash",
        "version": "0.1.4",
        "path": "E:\\CrearApps\\WhatyBot-Baileys\\node_modules\\imurmurhash"
      },
      "indent-string": {
        "from": "indent-string",
        "version": "4.0.0",
        "path": "E:\\CrearApps\\WhatyBot-Baileys\\node_modules\\indent-string"
      },
      "inflight": {
        "from": "inflight",
        "version": "1.0.6",
        "path": "E:\\CrearApps\\WhatyBot-Baileys\\node_modules\\inflight"
      },
      "inherits": {
        "from": "inherits",
        "version": "2.0.4",
        "path": "E:\\CrearApps\\WhatyBot-Baileys\\node_modules\\inherits"
      },
      "has-flag": {
        "from": "has-flag",
        "version": "4.0.0",
        "path": "E:\\CrearApps\\WhatyBot-Baileys\\node_modules\\has-flag"
      },
      "ip-address": {
        "from": "ip-address",
        "version": "10.1.0",
        "path": "E:\\CrearApps\\WhatyBot-Baileys\\node_modules\\ip-address"
      },
      "is-binary-path": {
        "from": "is-binary-path",
        "version": "2.1.0",
        "path": "E:\\CrearApps\\WhatyBot-Baileys\\node_modules\\is-binary-path"
      },
      "is-ci": {
        "from": "is-ci",
        "version": "3.0.1",
        "path": "E:\\CrearApps\\WhatyBot-Baileys\\node_modules\\is-ci"
      },
      "is-core-module": {
        "from": "is-core-module",
        "version": "2.16.1",
        "path": "E:\\CrearApps\\WhatyBot-Baileys\\node_modules\\is-core-module"
      },
      "is-extglob": {
        "from": "is-extglob",
        "version": "2.1.1",
        "path": "E:\\CrearApps\\WhatyBot-Baileys\\node_modules\\is-extglob"
      },
      "is-fullwidth-code-point": {
        "from": "is-fullwidth-code-point",
        "version": "3.0.0",
        "path": "E:\\CrearApps\\WhatyBot-Baileys\\node_modules\\is-fullwidth-code-point"
      },
      "is-glob": {
        "from": "is-glob",
        "version": "4.0.3",
        "path": "E:\\CrearApps\\WhatyBot-Baileys\\node_modules\\is-glob"
      },
      "is-interactive": {
        "from": "is-interactive",
        "version": "1.0.0",
        "path": "E:\\CrearApps\\WhatyBot-Baileys\\node_modules\\is-interactive"
      },
      "is-lambda": {
        "from": "is-lambda",
        "version": "1.0.1",
        "path": "E:\\CrearApps\\WhatyBot-Baileys\\node_modules\\is-lambda"
      },
      "is-number": {
        "from": "is-number",
        "version": "7.0.0",
        "path": "E:\\CrearApps\\WhatyBot-Baileys\\node_modules\\is-number"
      },
      "isbinaryfile": {
        "from": "isbinaryfile",
        "version": "5.0.7",
        "path": "E:\\CrearApps\\WhatyBot-Baileys\\node_modules\\isbinaryfile"
      },
      "is-unicode-supported": {
        "from": "is-unicode-supported",
        "version": "0.1.0",
        "path": "E:\\CrearApps\\WhatyBot-Baileys\\node_modules\\is-unicode-supported"
      },
      "isexe": {
        "from": "isexe",
        "version": "2.0.0",
        "path": "E:\\CrearApps\\WhatyBot-Baileys\\node_modules\\isexe"
      },
      "jackspeak": {
        "from": "jackspeak",
        "version": "3.4.3",
        "path": "E:\\CrearApps\\WhatyBot-Baileys\\node_modules\\jackspeak"
      },
      "joi": {
        "from": "joi",
        "version": "18.0.2",
        "path": "E:\\CrearApps\\WhatyBot-Baileys\\node_modules\\joi"
      },
      "js-tokens": {
        "from": "js-tokens",
        "version": "4.0.0",
        "path": "E:\\CrearApps\\WhatyBot-Baileys\\node_modules\\js-tokens"
      },
      "json-schema-traverse": {
        "from": "json-schema-traverse",
        "version": "0.4.1",
        "path": "E:\\CrearApps\\WhatyBot-Baileys\\node_modules\\json-schema-traverse"
      },
      "json-buffer": {
        "from": "json-buffer",
        "version": "3.0.1",
        "path": "E:\\CrearApps\\WhatyBot-Baileys\\node_modules\\json-buffer"
      },
      "jiti": {
        "from": "jiti",
        "version": "1.21.7",
        "path": "E:\\CrearApps\\WhatyBot-Baileys\\node_modules\\jiti"
      },
      "json5": {
        "from": "json5",
        "version": "2.2.3",
        "path": "E:\\CrearApps\\WhatyBot-Baileys\\node_modules\\json5"
      },
      "json-bigint": {
        "from": "json-bigint",
        "version": "1.0.0",
        "path": "E:\\CrearApps\\WhatyBot-Baileys\\node_modules\\json-bigint"
      },
      "js-yaml": {
        "from": "js-yaml",
        "version": "4.1.1",
        "path": "E:\\CrearApps\\WhatyBot-Baileys\\node_modules\\js-yaml"
      },
      "json-stringify-safe": {
        "from": "json-stringify-safe",
        "version": "5.0.1",
        "path": "E:\\CrearApps\\WhatyBot-Baileys\\node_modules\\json-stringify-safe"
      },
      "jsonfile": {
        "from": "jsonfile",
        "version": "4.0.0",
        "path": "E:\\CrearApps\\WhatyBot-Baileys\\node_modules\\jsonfile"
      },
      "jake": {
        "from": "jake",
        "version": "10.9.4",
        "path": "E:\\CrearApps\\WhatyBot-Baileys\\node_modules\\jake"
      },
      "jwa": {
        "from": "jwa",
        "version": "2.0.1",
        "path": "E:\\CrearApps\\WhatyBot-Baileys\\node_modules\\jwa"
      },
      "jws": {
        "from": "jws",
        "version": "4.0.0",
        "path": "E:\\CrearApps\\WhatyBot-Baileys\\node_modules\\jws"
      },
      "lazy-val": {
        "from": "lazy-val",
        "version": "1.0.5",
        "path": "E:\\CrearApps\\WhatyBot-Baileys\\node_modules\\lazy-val"
      },
      "jsesc": {
        "from": "jsesc",
        "version": "3.1.0",
        "path": "E:\\CrearApps\\WhatyBot-Baileys\\node_modules\\jsesc"
      },
      "lodash.escaperegexp": {
        "from": "lodash.escaperegexp",
        "version": "4.1.2",
        "path": "E:\\CrearApps\\WhatyBot-Baileys\\node_modules\\lodash.escaperegexp"
      },
      "lodash": {
        "from": "lodash",
        "version": "4.17.21",
        "path": "E:\\CrearApps\\WhatyBot-Baileys\\node_modules\\lodash"
      },
      "lines-and-columns": {
        "from": "lines-and-columns",
        "version": "1.2.4",
        "path": "E:\\CrearApps\\WhatyBot-Baileys\\node_modules\\lines-and-columns"
      },
      "lodash.isequal": {
        "from": "lodash.isequal",
        "version": "4.5.0",
        "path": "E:\\CrearApps\\WhatyBot-Baileys\\node_modules\\lodash.isequal"
      },
      "lilconfig": {
        "from": "lilconfig",
        "version": "3.1.3",
        "path": "E:\\CrearApps\\WhatyBot-Baileys\\node_modules\\lilconfig"
      },
      "log-symbols": {
        "from": "log-symbols",
        "version": "4.1.0",
        "path": "E:\\CrearApps\\WhatyBot-Baileys\\node_modules\\log-symbols"
      },
      "lowercase-keys": {
        "from": "lowercase-keys",
        "version": "2.0.0",
        "path": "E:\\CrearApps\\WhatyBot-Baileys\\node_modules\\lowercase-keys"
      },
      "lru-cache": {
        "from": "lru-cache",
        "version": "5.1.1",
        "path": "E:\\CrearApps\\WhatyBot-Baileys\\node_modules\\lru-cache"
      },
      "matcher": {
        "from": "matcher",
        "version": "3.0.0",
        "path": "E:\\CrearApps\\WhatyBot-Baileys\\node_modules\\matcher"
      },
      "make-fetch-happen": {
        "from": "make-fetch-happen",
        "version": "10.2.1",
        "path": "E:\\CrearApps\\WhatyBot-Baileys\\node_modules\\make-fetch-happen"
      },
      "math-intrinsics": {
        "from": "math-intrinsics",
        "version": "1.1.0",
        "path": "E:\\CrearApps\\WhatyBot-Baileys\\node_modules\\math-intrinsics"
      },
      "keyv": {
        "from": "keyv",
        "version": "4.5.4",
        "path": "E:\\CrearApps\\WhatyBot-Baileys\\node_modules\\keyv"
      },
      "merge2": {
        "from": "merge2",
        "version": "1.4.1",
        "path": "E:\\CrearApps\\WhatyBot-Baileys\\node_modules\\merge2"
      },
      "micromatch": {
        "from": "micromatch",
        "version": "4.0.8",
        "path": "E:\\CrearApps\\WhatyBot-Baileys\\node_modules\\micromatch"
      },
      "mime": {
        "from": "mime",
        "version": "2.6.0",
        "path": "E:\\CrearApps\\WhatyBot-Baileys\\node_modules\\mime"
      },
      "mime-db": {
        "from": "mime-db",
        "version": "1.52.0",
        "path": "E:\\CrearApps\\WhatyBot-Baileys\\node_modules\\mime-db"
      },
      "mime-types": {
        "from": "mime-types",
        "version": "2.1.35",
        "path": "E:\\CrearApps\\WhatyBot-Baileys\\node_modules\\mime-types"
      },
      "mimic-fn": {
        "from": "mimic-fn",
        "version": "2.1.0",
        "path": "E:\\CrearApps\\WhatyBot-Baileys\\node_modules\\mimic-fn"
      },
      "mimic-response": {
        "from": "mimic-response",
        "version": "1.0.1",
        "path": "E:\\CrearApps\\WhatyBot-Baileys\\node_modules\\mimic-response"
      },
      "minimatch": {
        "from": "minimatch",
        "version": "9.0.5",
        "path": "E:\\CrearApps\\WhatyBot-Baileys\\node_modules\\minimatch"
      },
      "minipass": {
        "from": "minipass",
        "version": "7.1.2",
        "path": "E:\\CrearApps\\WhatyBot-Baileys\\node_modules\\minipass"
      },
      "minipass-collect": {
        "from": "minipass-collect",
        "version": "1.0.2",
        "path": "E:\\CrearApps\\WhatyBot-Baileys\\node_modules\\minipass-collect"
      },
      "minipass-fetch": {
        "from": "minipass-fetch",
        "version": "2.1.2",
        "path": "E:\\CrearApps\\WhatyBot-Baileys\\node_modules\\minipass-fetch"
      },
      "minipass-flush": {
        "from": "minipass-flush",
        "version": "1.0.5",
        "path": "E:\\CrearApps\\WhatyBot-Baileys\\node_modules\\minipass-flush"
      },
      "minipass-pipeline": {
        "from": "minipass-pipeline",
        "version": "1.2.4",
        "path": "E:\\CrearApps\\WhatyBot-Baileys\\node_modules\\minipass-pipeline"
      },
      "minipass-sized": {
        "from": "minipass-sized",
        "version": "1.0.3",
        "path": "E:\\CrearApps\\WhatyBot-Baileys\\node_modules\\minipass-sized"
      },
      "minizlib": {
        "from": "minizlib",
        "version": "2.1.2",
        "path": "E:\\CrearApps\\WhatyBot-Baileys\\node_modules\\minizlib"
      },
      "mkdirp": {
        "from": "mkdirp",
        "version": "1.0.4",
        "path": "E:\\CrearApps\\WhatyBot-Baileys\\node_modules\\mkdirp"
      },
      "ms": {
        "from": "ms",
        "version": "2.1.3",
        "path": "E:\\CrearApps\\WhatyBot-Baileys\\node_modules\\ms"
      },
      "mz": {
        "from": "mz",
        "version": "2.7.0",
        "path": "E:\\CrearApps\\WhatyBot-Baileys\\node_modules\\mz"
      },
      "negotiator": {
        "from": "negotiator",
        "version": "0.6.4",
        "path": "E:\\CrearApps\\WhatyBot-Baileys\\node_modules\\negotiator"
      },
      "node-abi": {
        "from": "node-abi",
        "version": "3.85.0",
        "path": "E:\\CrearApps\\WhatyBot-Baileys\\node_modules\\node-abi"
      },
      "nanoid": {
        "from": "nanoid",
        "version": "3.3.11",
        "path": "E:\\CrearApps\\WhatyBot-Baileys\\node_modules\\nanoid"
      },
      "node-api-version": {
        "from": "node-api-version",
        "version": "0.2.1",
        "path": "E:\\CrearApps\\WhatyBot-Baileys\\node_modules\\node-api-version"
      },
      "minimist": {
        "from": "minimist",
        "version": "1.2.8",
        "path": "E:\\CrearApps\\WhatyBot-Baileys\\node_modules\\minimist"
      },
      "node-domexception": {
        "from": "node-domexception",
        "version": "1.0.0",
        "path": "E:\\CrearApps\\WhatyBot-Baileys\\node_modules\\node-domexception"
      },
      "node-fetch": {
        "from": "node-fetch",
        "version": "3.3.2",
        "path": "E:\\CrearApps\\WhatyBot-Baileys\\node_modules\\node-fetch"
      },
      "node-releases": {
        "from": "node-releases",
        "version": "2.0.27",
        "path": "E:\\CrearApps\\WhatyBot-Baileys\\node_modules\\node-releases"
      },
      "nopt": {
        "from": "nopt",
        "version": "6.0.0",
        "path": "E:\\CrearApps\\WhatyBot-Baileys\\node_modules\\nopt"
      },
      "normalize-path": {
        "from": "normalize-path",
        "version": "3.0.0",
        "path": "E:\\CrearApps\\WhatyBot-Baileys\\node_modules\\normalize-path"
      },
      "normalize-range": {
        "from": "normalize-range",
        "version": "0.1.2",
        "path": "E:\\CrearApps\\WhatyBot-Baileys\\node_modules\\normalize-range"
      },
      "object-assign": {
        "from": "object-assign",
        "version": "4.1.1",
        "path": "E:\\CrearApps\\WhatyBot-Baileys\\node_modules\\object-assign"
      },
      "object-hash": {
        "from": "object-hash",
        "version": "3.0.0",
        "path": "E:\\CrearApps\\WhatyBot-Baileys\\node_modules\\object-hash"
      },
      "object-keys": {
        "from": "object-keys",
        "version": "1.1.1",
        "path": "E:\\CrearApps\\WhatyBot-Baileys\\node_modules\\object-keys"
      },
      "onetime": {
        "from": "onetime",
        "version": "5.1.2",
        "path": "E:\\CrearApps\\WhatyBot-Baileys\\node_modules\\onetime"
      },
      "once": {
        "from": "once",
        "version": "1.4.0",
        "path": "E:\\CrearApps\\WhatyBot-Baileys\\node_modules\\once"
      },
      "ora": {
        "from": "ora",
        "version": "5.4.1",
        "path": "E:\\CrearApps\\WhatyBot-Baileys\\node_modules\\ora"
      },
      "p-map": {
        "from": "p-map",
        "version": "4.0.0",
        "path": "E:\\CrearApps\\WhatyBot-Baileys\\node_modules\\p-map"
      },
      "p-cancelable": {
        "from": "p-cancelable",
        "version": "2.1.1",
        "path": "E:\\CrearApps\\WhatyBot-Baileys\\node_modules\\p-cancelable"
      },
      "package-json-from-dist": {
        "from": "package-json-from-dist",
        "version": "1.0.1",
        "path": "E:\\CrearApps\\WhatyBot-Baileys\\node_modules\\package-json-from-dist"
      },
      "p-limit": {
        "from": "p-limit",
        "version": "3.1.0",
        "path": "E:\\CrearApps\\WhatyBot-Baileys\\node_modules\\p-limit"
      },
      "path-parse": {
        "from": "path-parse",
        "version": "1.0.7",
        "path": "E:\\CrearApps\\WhatyBot-Baileys\\node_modules\\path-parse"
      },
      "path-key": {
        "from": "path-key",
        "version": "3.1.1",
        "path": "E:\\CrearApps\\WhatyBot-Baileys\\node_modules\\path-key"
      },
      "normalize-url": {
        "from": "normalize-url",
        "version": "6.1.0",
        "path": "E:\\CrearApps\\WhatyBot-Baileys\\node_modules\\normalize-url"
      },
      "path-scurry": {
        "from": "path-scurry",
        "version": "1.11.1",
        "path": "E:\\CrearApps\\WhatyBot-Baileys\\node_modules\\path-scurry"
      },
      "path-is-absolute": {
        "from": "path-is-absolute",
        "version": "1.0.1",
        "path": "E:\\CrearApps\\WhatyBot-Baileys\\node_modules\\path-is-absolute"
      },
      "pe-library": {
        "from": "pe-library",
        "version": "0.4.1",
        "path": "E:\\CrearApps\\WhatyBot-Baileys\\node_modules\\pe-library"
      },
      "picocolors": {
        "from": "picocolors",
        "version": "1.1.1",
        "path": "E:\\CrearApps\\WhatyBot-Baileys\\node_modules\\picocolors"
      },
      "pend": {
        "from": "pend",
        "version": "1.2.0",
        "path": "E:\\CrearApps\\WhatyBot-Baileys\\node_modules\\pend"
      },
      "pirates": {
        "from": "pirates",
        "version": "4.0.7",
        "path": "E:\\CrearApps\\WhatyBot-Baileys\\node_modules\\pirates"
      },
      "picomatch": {
        "from": "picomatch",
        "version": "4.0.3",
        "path": "E:\\CrearApps\\WhatyBot-Baileys\\node_modules\\picomatch"
      },
      "pify": {
        "from": "pify",
        "version": "2.3.0",
        "path": "E:\\CrearApps\\WhatyBot-Baileys\\node_modules\\pify"
      },
      "plist": {
        "from": "plist",
        "version": "3.1.0",
        "path": "E:\\CrearApps\\WhatyBot-Baileys\\node_modules\\plist"
      },
      "postcss-import": {
        "from": "postcss-import",
        "version": "15.1.0",
        "path": "E:\\CrearApps\\WhatyBot-Baileys\\node_modules\\postcss-import"
      },
      "postcss-load-config": {
        "from": "postcss-load-config",
        "version": "6.0.1",
        "path": "E:\\CrearApps\\WhatyBot-Baileys\\node_modules\\postcss-load-config"
      },
      "postcss-js": {
        "from": "postcss-js",
        "version": "4.1.0",
        "path": "E:\\CrearApps\\WhatyBot-Baileys\\node_modules\\postcss-js"
      },
      "postcss-nested": {
        "from": "postcss-nested",
        "version": "6.2.0",
        "path": "E:\\CrearApps\\WhatyBot-Baileys\\node_modules\\postcss-nested"
      },
      "postcss-selector-parser": {
        "from": "postcss-selector-parser",
        "version": "6.1.2",
        "path": "E:\\CrearApps\\WhatyBot-Baileys\\node_modules\\postcss-selector-parser"
      },
      "postject": {
        "from": "postject",
        "version": "1.0.0-alpha.6",
        "path": "E:\\CrearApps\\WhatyBot-Baileys\\node_modules\\postject"
      },
      "postcss-value-parser": {
        "from": "postcss-value-parser",
        "version": "4.2.0",
        "path": "E:\\CrearApps\\WhatyBot-Baileys\\node_modules\\postcss-value-parser"
      },
      "proc-log": {
        "from": "proc-log",
        "version": "2.0.1",
        "path": "E:\\CrearApps\\WhatyBot-Baileys\\node_modules\\proc-log"
      },
      "progress": {
        "from": "progress",
        "version": "2.0.3",
        "path": "E:\\CrearApps\\WhatyBot-Baileys\\node_modules\\progress"
      },
      "promise-retry": {
        "from": "promise-retry",
        "version": "2.0.1",
        "path": "E:\\CrearApps\\WhatyBot-Baileys\\node_modules\\promise-retry"
      },
      "proxy-from-env": {
        "from": "proxy-from-env",
        "version": "1.1.0",
        "path": "E:\\CrearApps\\WhatyBot-Baileys\\node_modules\\proxy-from-env"
      },
      "promise-inflight": {
        "from": "promise-inflight",
        "version": "1.0.1",
        "path": "E:\\CrearApps\\WhatyBot-Baileys\\node_modules\\promise-inflight"
      },
      "pump": {
        "from": "pump",
        "version": "3.0.3",
        "path": "E:\\CrearApps\\WhatyBot-Baileys\\node_modules\\pump"
      },
      "punycode": {
        "from": "punycode",
        "version": "2.3.1",
        "path": "E:\\CrearApps\\WhatyBot-Baileys\\node_modules\\punycode"
      },
      "quick-lru": {
        "from": "quick-lru",
        "version": "5.1.1",
        "path": "E:\\CrearApps\\WhatyBot-Baileys\\node_modules\\quick-lru"
      },
      "queue-microtask": {
        "from": "queue-microtask",
        "version": "1.2.3",
        "path": "E:\\CrearApps\\WhatyBot-Baileys\\node_modules\\queue-microtask"
      },
      "react-refresh": {
        "from": "react-refresh",
        "version": "0.18.0",
        "path": "E:\\CrearApps\\WhatyBot-Baileys\\node_modules\\react-refresh"
      },
      "read-binary-file-arch": {
        "from": "read-binary-file-arch",
        "version": "1.0.6",
        "path": "E:\\CrearApps\\WhatyBot-Baileys\\node_modules\\read-binary-file-arch"
      },
      "read-cache": {
        "from": "read-cache",
        "version": "1.0.0",
        "path": "E:\\CrearApps\\WhatyBot-Baileys\\node_modules\\read-cache"
      },
      "readable-stream": {
        "from": "readable-stream",
        "version": "3.6.2",
        "path": "E:\\CrearApps\\WhatyBot-Baileys\\node_modules\\readable-stream"
      },
      "require-directory": {
        "from": "require-directory",
        "version": "2.1.1",
        "path": "E:\\CrearApps\\WhatyBot-Baileys\\node_modules\\require-directory"
      },
      "readdirp": {
        "from": "readdirp",
        "version": "3.6.0",
        "path": "E:\\CrearApps\\WhatyBot-Baileys\\node_modules\\readdirp"
      },
      "resedit": {
        "from": "resedit",
        "version": "1.7.2",
        "path": "E:\\CrearApps\\WhatyBot-Baileys\\node_modules\\resedit"
      },
      "resolve": {
        "from": "resolve",
        "version": "1.22.11",
        "path": "E:\\CrearApps\\WhatyBot-Baileys\\node_modules\\resolve"
      },
      "resolve-alpn": {
        "from": "resolve-alpn",
        "version": "1.2.1",
        "path": "E:\\CrearApps\\WhatyBot-Baileys\\node_modules\\resolve-alpn"
      },
      "responselike": {
        "from": "responselike",
        "version": "2.0.1",
        "path": "E:\\CrearApps\\WhatyBot-Baileys\\node_modules\\responselike"
      },
      "restore-cursor": {
        "from": "restore-cursor",
        "version": "3.1.0",
        "path": "E:\\CrearApps\\WhatyBot-Baileys\\node_modules\\restore-cursor"
      },
      "retry": {
        "from": "retry",
        "version": "0.12.0",
        "path": "E:\\CrearApps\\WhatyBot-Baileys\\node_modules\\retry"
      },
      "reusify": {
        "from": "reusify",
        "version": "1.1.0",
        "path": "E:\\CrearApps\\WhatyBot-Baileys\\node_modules\\reusify"
      },
      "roarr": {
        "from": "roarr",
        "version": "2.15.4",
        "path": "E:\\CrearApps\\WhatyBot-Baileys\\node_modules\\roarr"
      },
      "rimraf": {
        "from": "rimraf",
        "version": "5.0.10",
        "path": "E:\\CrearApps\\WhatyBot-Baileys\\node_modules\\rimraf"
      },
      "run-parallel": {
        "from": "run-parallel",
        "version": "1.2.0",
        "path": "E:\\CrearApps\\WhatyBot-Baileys\\node_modules\\run-parallel"
      },
      "rollup": {
        "from": "rollup",
        "version": "4.53.3",
        "path": "E:\\CrearApps\\WhatyBot-Baileys\\node_modules\\rollup"
      },
      "rxjs": {
        "from": "rxjs",
        "version": "7.8.2",
        "path": "E:\\CrearApps\\WhatyBot-Baileys\\node_modules\\rxjs"
      },
      "safe-buffer": {
        "from": "safe-buffer",
        "version": "5.2.1",
        "path": "E:\\CrearApps\\WhatyBot-Baileys\\node_modules\\safe-buffer"
      },
      "sanitize-filename": {
        "from": "sanitize-filename",
        "version": "1.6.3",
        "path": "E:\\CrearApps\\WhatyBot-Baileys\\node_modules\\sanitize-filename"
      },
      "scheduler": {
        "from": "scheduler",
        "version": "0.27.0",
        "path": "E:\\CrearApps\\WhatyBot-Baileys\\node_modules\\scheduler"
      },
      "semver-compare": {
        "from": "semver-compare",
        "version": "1.0.0",
        "path": "E:\\CrearApps\\WhatyBot-Baileys\\node_modules\\semver-compare"
      },
      "shell-quote": {
        "from": "shell-quote",
        "version": "1.8.3",
        "path": "E:\\CrearApps\\WhatyBot-Baileys\\node_modules\\shell-quote"
      },
      "semver": {
        "from": "semver",
        "version": "6.3.1",
        "path": "E:\\CrearApps\\WhatyBot-Baileys\\node_modules\\semver"
      },
      "sax": {
        "from": "sax",
        "version": "1.4.3",
        "path": "E:\\CrearApps\\WhatyBot-Baileys\\node_modules\\sax"
      },
      "safer-buffer": {
        "from": "safer-buffer",
        "version": "2.1.2",
        "path": "E:\\CrearApps\\WhatyBot-Baileys\\node_modules\\safer-buffer"
      },
      "shebang-regex": {
        "from": "shebang-regex",
        "version": "3.0.0",
        "path": "E:\\CrearApps\\WhatyBot-Baileys\\node_modules\\shebang-regex"
      },
      "signal-exit": {
        "from": "signal-exit",
        "version": "4.1.0",
        "path": "E:\\CrearApps\\WhatyBot-Baileys\\node_modules\\signal-exit"
      },
      "smart-buffer": {
        "from": "smart-buffer",
        "version": "4.2.0",
        "path": "E:\\CrearApps\\WhatyBot-Baileys\\node_modules\\smart-buffer"
      },
      "simple-update-notifier": {
        "from": "simple-update-notifier",
        "version": "2.0.0",
        "path": "E:\\CrearApps\\WhatyBot-Baileys\\node_modules\\simple-update-notifier"
      },
      "socks": {
        "from": "socks",
        "version": "2.8.7",
        "path": "E:\\CrearApps\\WhatyBot-Baileys\\node_modules\\socks"
      },
      "source-map": {
        "from": "source-map",
        "version": "0.6.1",
        "path": "E:\\CrearApps\\WhatyBot-Baileys\\node_modules\\source-map"
      },
      "socks-proxy-agent": {
        "from": "socks-proxy-agent",
        "version": "7.0.0",
        "path": "E:\\CrearApps\\WhatyBot-Baileys\\node_modules\\socks-proxy-agent"
      },
      "socket.io-parser": {
        "from": "socket.io-parser",
        "version": "4.2.4",
        "path": "E:\\CrearApps\\WhatyBot-Baileys\\node_modules\\socket.io-parser"
      },
      "source-map-support": {
        "from": "source-map-support",
        "version": "0.5.21",
        "path": "E:\\CrearApps\\WhatyBot-Baileys\\node_modules\\source-map-support"
      },
      "sprintf-js": {
        "from": "sprintf-js",
        "version": "1.1.3",
        "path": "E:\\CrearApps\\WhatyBot-Baileys\\node_modules\\sprintf-js"
      },
      "ssri": {
        "from": "ssri",
        "version": "9.0.1",
        "path": "E:\\CrearApps\\WhatyBot-Baileys\\node_modules\\ssri"
      },
      "source-map-js": {
        "from": "source-map-js",
        "version": "1.2.1",
        "path": "E:\\CrearApps\\WhatyBot-Baileys\\node_modules\\source-map-js"
      },
      "ssf": {
        "from": "ssf",
        "version": "0.11.2",
        "path": "E:\\CrearApps\\WhatyBot-Baileys\\node_modules\\ssf"
      },
      "shebang-command": {
        "from": "shebang-command",
        "version": "2.0.0",
        "path": "E:\\CrearApps\\WhatyBot-Baileys\\node_modules\\shebang-command"
      },
      "string-width": {
        "from": "string-width",
        "version": "5.1.2",
        "path": "E:\\CrearApps\\WhatyBot-Baileys\\node_modules\\string-width"
      },
      "string-width-cjs": {
        "from": "string-width-cjs",
        "version": "4.2.3",
        "path": "E:\\CrearApps\\WhatyBot-Baileys\\node_modules\\string-width-cjs"
      },
      "string_decoder": {
        "from": "string_decoder",
        "version": "1.3.0",
        "path": "E:\\CrearApps\\WhatyBot-Baileys\\node_modules\\string_decoder"
      },
      "strip-ansi-cjs": {
        "from": "strip-ansi-cjs",
        "version": "6.0.1",
        "path": "E:\\CrearApps\\WhatyBot-Baileys\\node_modules\\strip-ansi-cjs"
      },
      "stat-mode": {
        "from": "stat-mode",
        "version": "1.0.0",
        "path": "E:\\CrearApps\\WhatyBot-Baileys\\node_modules\\stat-mode"
      },
      "strip-ansi": {
        "from": "strip-ansi",
        "version": "7.1.2",
        "path": "E:\\CrearApps\\WhatyBot-Baileys\\node_modules\\strip-ansi"
      },
      "tar": {
        "from": "tar",
        "version": "6.2.1",
        "path": "E:\\CrearApps\\WhatyBot-Baileys\\node_modules\\tar"
      },
      "sucrase": {
        "from": "sucrase",
        "version": "3.35.1",
        "path": "E:\\CrearApps\\WhatyBot-Baileys\\node_modules\\sucrase"
      },
      "temp": {
        "from": "temp",
        "version": "0.9.4",
        "path": "E:\\CrearApps\\WhatyBot-Baileys\\node_modules\\temp"
      },
      "thenify-all": {
        "from": "thenify-all",
        "version": "1.6.0",
        "path": "E:\\CrearApps\\WhatyBot-Baileys\\node_modules\\thenify-all"
      },
      "temp-file": {
        "from": "temp-file",
        "version": "3.4.0",
        "path": "E:\\CrearApps\\WhatyBot-Baileys\\node_modules\\temp-file"
      },
      "supports-color": {
        "from": "supports-color",
        "version": "8.1.1",
        "path": "E:\\CrearApps\\WhatyBot-Baileys\\node_modules\\supports-color"
      },
      "thenify": {
        "from": "thenify",
        "version": "3.3.1",
        "path": "E:\\CrearApps\\WhatyBot-Baileys\\node_modules\\thenify"
      },
      "sumchecker": {
        "from": "sumchecker",
        "version": "3.0.1",
        "path": "E:\\CrearApps\\WhatyBot-Baileys\\node_modules\\sumchecker"
      },
      "tiny-async-pool": {
        "from": "tiny-async-pool",
        "version": "1.3.0",
        "path": "E:\\CrearApps\\WhatyBot-Baileys\\node_modules\\tiny-async-pool"
      },
      "supports-preserve-symlinks-flag": {
        "from": "supports-preserve-symlinks-flag",
        "version": "1.0.0",
        "path": "E:\\CrearApps\\WhatyBot-Baileys\\node_modules\\supports-preserve-symlinks-flag"
      },
      "tinyglobby": {
        "from": "tinyglobby",
        "version": "0.2.15",
        "path": "E:\\CrearApps\\WhatyBot-Baileys\\node_modules\\tinyglobby"
      },
      "tiny-typed-emitter": {
        "from": "tiny-typed-emitter",
        "version": "2.1.0",
        "path": "E:\\CrearApps\\WhatyBot-Baileys\\node_modules\\tiny-typed-emitter"
      },
      "tmp": {
        "from": "tmp",
        "version": "0.2.5",
        "path": "E:\\CrearApps\\WhatyBot-Baileys\\node_modules\\tmp"
      },
      "to-regex-range": {
        "from": "to-regex-range",
        "version": "5.0.1",
        "path": "E:\\CrearApps\\WhatyBot-Baileys\\node_modules\\to-regex-range"
      },
      "tree-kill": {
        "from": "tree-kill",
        "version": "1.2.2",
        "path": "E:\\CrearApps\\WhatyBot-Baileys\\node_modules\\tree-kill"
      },
      "tmp-promise": {
        "from": "tmp-promise",
        "version": "3.0.3",
        "path": "E:\\CrearApps\\WhatyBot-Baileys\\node_modules\\tmp-promise"
      },
      "truncate-utf8-bytes": {
        "from": "truncate-utf8-bytes",
        "version": "1.0.2",
        "path": "E:\\CrearApps\\WhatyBot-Baileys\\node_modules\\truncate-utf8-bytes"
      },
      "tslib": {
        "from": "tslib",
        "version": "2.8.1",
        "path": "E:\\CrearApps\\WhatyBot-Baileys\\node_modules\\tslib"
      },
      "ts-interface-checker": {
        "from": "ts-interface-checker",
        "version": "0.1.13",
        "path": "E:\\CrearApps\\WhatyBot-Baileys\\node_modules\\ts-interface-checker"
      },
      "undici-types": {
        "from": "undici-types",
        "version": "6.21.0",
        "path": "E:\\CrearApps\\WhatyBot-Baileys\\node_modules\\undici-types"
      },
      "tween-functions": {
        "from": "tween-functions",
        "version": "1.2.0",
        "path": "E:\\CrearApps\\WhatyBot-Baileys\\node_modules\\tween-functions"
      },
      "unique-slug": {
        "from": "unique-slug",
        "version": "3.0.0",
        "path": "E:\\CrearApps\\WhatyBot-Baileys\\node_modules\\unique-slug"
      },
      "type-fest": {
        "from": "type-fest",
        "version": "0.13.1",
        "path": "E:\\CrearApps\\WhatyBot-Baileys\\node_modules\\type-fest"
      },
      "universalify": {
        "from": "universalify",
        "version": "0.1.2",
        "path": "E:\\CrearApps\\WhatyBot-Baileys\\node_modules\\universalify"
      },
      "update-browserslist-db": {
        "from": "update-browserslist-db",
        "version": "1.1.4",
        "path": "E:\\CrearApps\\WhatyBot-Baileys\\node_modules\\update-browserslist-db"
      },
      "uri-js": {
        "from": "uri-js",
        "version": "4.4.1",
        "path": "E:\\CrearApps\\WhatyBot-Baileys\\node_modules\\uri-js"
      },
      "util-deprecate": {
        "from": "util-deprecate",
        "version": "1.0.2",
        "path": "E:\\CrearApps\\WhatyBot-Baileys\\node_modules\\util-deprecate"
      },
      "utf8-byte-length": {
        "from": "utf8-byte-length",
        "version": "1.0.5",
        "path": "E:\\CrearApps\\WhatyBot-Baileys\\node_modules\\utf8-byte-length"
      },
      "web-streams-polyfill": {
        "from": "web-streams-polyfill",
        "version": "3.3.3",
        "path": "E:\\CrearApps\\WhatyBot-Baileys\\node_modules\\web-streams-polyfill"
      },
      "unique-filename": {
        "from": "unique-filename",
        "version": "2.0.1",
        "path": "E:\\CrearApps\\WhatyBot-Baileys\\node_modules\\unique-filename"
      },
      "serialize-error": {
        "from": "serialize-error",
        "version": "7.0.1",
        "path": "E:\\CrearApps\\WhatyBot-Baileys\\node_modules\\serialize-error"
      },
      "wcwidth": {
        "from": "wcwidth",
        "version": "1.0.1",
        "path": "E:\\CrearApps\\WhatyBot-Baileys\\node_modules\\wcwidth"
      },
      "wrap-ansi": {
        "from": "wrap-ansi",
        "version": "8.1.0",
        "path": "E:\\CrearApps\\WhatyBot-Baileys\\node_modules\\wrap-ansi"
      },
      "which": {
        "from": "which",
        "version": "2.0.2",
        "path": "E:\\CrearApps\\WhatyBot-Baileys\\node_modules\\which"
      },
      "wrappy": {
        "from": "wrappy",
        "version": "1.0.2",
        "path": "E:\\CrearApps\\WhatyBot-Baileys\\node_modules\\wrappy"
      },
      "word": {
        "from": "word",
        "version": "0.3.0",
        "path": "E:\\CrearApps\\WhatyBot-Baileys\\node_modules\\word"
      },
      "wrap-ansi-cjs": {
        "from": "wrap-ansi-cjs",
        "version": "7.0.0",
        "path": "E:\\CrearApps\\WhatyBot-Baileys\\node_modules\\wrap-ansi-cjs"
      },
      "ws": {
        "from": "ws",
        "version": "8.18.3",
        "path": "E:\\CrearApps\\WhatyBot-Baileys\\node_modules\\ws"
      },
      "xmlbuilder": {
        "from": "xmlbuilder",
        "version": "15.1.1",
        "path": "E:\\CrearApps\\WhatyBot-Baileys\\node_modules\\xmlbuilder"
      },
      "y18n": {
        "from": "y18n",
        "version": "5.0.8",
        "path": "E:\\CrearApps\\WhatyBot-Baileys\\node_modules\\y18n"
      },
      "yallist": {
        "from": "yallist",
        "version": "3.1.1",
        "path": "E:\\CrearApps\\WhatyBot-Baileys\\node_modules\\yallist"
      },
      "yauzl": {
        "from": "yauzl",
        "version": "2.10.0",
        "path": "E:\\CrearApps\\WhatyBot-Baileys\\node_modules\\yauzl"
      },
      "yargs-parser": {
        "from": "yargs-parser",
        "version": "21.1.1",
        "path": "E:\\CrearApps\\WhatyBot-Baileys\\node_modules\\yargs-parser"
      },
      "yocto-queue": {
        "from": "yocto-queue",
        "version": "0.1.0",
        "path": "E:\\CrearApps\\WhatyBot-Baileys\\node_modules\\yocto-queue"
      },
      "xmlhttprequest-ssl": {
        "from": "xmlhttprequest-ssl",
        "version": "2.1.2",
        "path": "E:\\CrearApps\\WhatyBot-Baileys\\node_modules\\xmlhttprequest-ssl"
      },
      "@babel/code-frame": {
        "from": "@babel/code-frame",
        "version": "7.27.1",
        "path": "E:\\CrearApps\\WhatyBot-Baileys\\node_modules\\@babel\\code-frame"
      },
      "yargs": {
        "from": "yargs",
        "version": "17.7.2",
        "path": "E:\\CrearApps\\WhatyBot-Baileys\\node_modules\\yargs"
      },
      "@babel/compat-data": {
        "from": "@babel/compat-data",
        "version": "7.28.5",
        "path": "E:\\CrearApps\\WhatyBot-Baileys\\node_modules\\@babel\\compat-data"
      },
      "@babel/helper-compilation-targets": {
        "from": "@babel/helper-compilation-targets",
        "version": "7.27.2",
        "path": "E:\\CrearApps\\WhatyBot-Baileys\\node_modules\\@babel\\helper-compilation-targets"
      },
      "@babel/generator": {
        "from": "@babel/generator",
        "version": "7.28.5",
        "path": "E:\\CrearApps\\WhatyBot-Baileys\\node_modules\\@babel\\generator"
      },
      "@babel/core": {
        "from": "@babel/core",
        "version": "7.28.5",
        "path": "E:\\CrearApps\\WhatyBot-Baileys\\node_modules\\@babel\\core"
      },
      "wmf": {
        "from": "wmf",
        "version": "1.0.2",
        "path": "E:\\CrearApps\\WhatyBot-Baileys\\node_modules\\wmf"
      },
      "@babel/helper-globals": {
        "from": "@babel/helper-globals",
        "version": "7.28.0",
        "path": "E:\\CrearApps\\WhatyBot-Baileys\\node_modules\\@babel\\helper-globals"
      },
      "@babel/helper-module-transforms": {
        "from": "@babel/helper-module-transforms",
        "version": "7.28.3",
        "path": "E:\\CrearApps\\WhatyBot-Baileys\\node_modules\\@babel\\helper-module-transforms"
      },
      "@babel/helper-plugin-utils": {
        "from": "@babel/helper-plugin-utils",
        "version": "7.27.1",
        "path": "E:\\CrearApps\\WhatyBot-Baileys\\node_modules\\@babel\\helper-plugin-utils"
      },
      "@babel/helper-module-imports": {
        "from": "@babel/helper-module-imports",
        "version": "7.27.1",
        "path": "E:\\CrearApps\\WhatyBot-Baileys\\node_modules\\@babel\\helper-module-imports"
      },
      "@babel/helper-string-parser": {
        "from": "@babel/helper-string-parser",
        "version": "7.27.1",
        "path": "E:\\CrearApps\\WhatyBot-Baileys\\node_modules\\@babel\\helper-string-parser"
      },
      "@babel/helper-validator-identifier": {
        "from": "@babel/helper-validator-identifier",
        "version": "7.28.5",
        "path": "E:\\CrearApps\\WhatyBot-Baileys\\node_modules\\@babel\\helper-validator-identifier"
      },
      "@babel/helpers": {
        "from": "@babel/helpers",
        "version": "7.28.4",
        "path": "E:\\CrearApps\\WhatyBot-Baileys\\node_modules\\@babel\\helpers"
      },
      "@babel/parser": {
        "from": "@babel/parser",
        "version": "7.28.5",
        "path": "E:\\CrearApps\\WhatyBot-Baileys\\node_modules\\@babel\\parser"
      },
      "@babel/helper-validator-option": {
        "from": "@babel/helper-validator-option",
        "version": "7.27.1",
        "path": "E:\\CrearApps\\WhatyBot-Baileys\\node_modules\\@babel\\helper-validator-option"
      },
      "@babel/plugin-transform-react-jsx-self": {
        "from": "@babel/plugin-transform-react-jsx-self",
        "version": "7.27.1",
        "path": "E:\\CrearApps\\WhatyBot-Baileys\\node_modules\\@babel\\plugin-transform-react-jsx-self"
      },
      "@babel/plugin-transform-react-jsx-source": {
        "from": "@babel/plugin-transform-react-jsx-source",
        "version": "7.27.1",
        "path": "E:\\CrearApps\\WhatyBot-Baileys\\node_modules\\@babel\\plugin-transform-react-jsx-source"
      },
      "@babel/template": {
        "from": "@babel/template",
        "version": "7.27.2",
        "path": "E:\\CrearApps\\WhatyBot-Baileys\\node_modules\\@babel\\template"
      },
      "@babel/types": {
        "from": "@babel/types",
        "version": "7.28.5",
        "path": "E:\\CrearApps\\WhatyBot-Baileys\\node_modules\\@babel\\types"
      },
      "@electron/asar": {
        "from": "@electron/asar",
        "version": "3.2.18",
        "path": "E:\\CrearApps\\WhatyBot-Baileys\\node_modules\\@electron\\asar"
      },
      "@develar/schema-utils": {
        "from": "@develar/schema-utils",
        "version": "2.6.5",
        "path": "E:\\CrearApps\\WhatyBot-Baileys\\node_modules\\@develar\\schema-utils"
      },
      "@alloc/quick-lru": {
        "from": "@alloc/quick-lru",
        "version": "5.2.0",
        "path": "E:\\CrearApps\\WhatyBot-Baileys\\node_modules\\@alloc\\quick-lru"
      },
      "@electron/fuses": {
        "from": "@electron/fuses",
        "version": "1.8.0",
        "path": "E:\\CrearApps\\WhatyBot-Baileys\\node_modules\\@electron\\fuses"
      },
      "@electron/get": {
        "from": "@electron/get",
        "version": "2.0.3",
        "path": "E:\\CrearApps\\WhatyBot-Baileys\\node_modules\\@electron\\get"
      },
      "@electron/node-gyp": {
        "from": "@electron/node-gyp",
        "version": "10.2.0-electron.1",
        "path": "E:\\CrearApps\\WhatyBot-Baileys\\node_modules\\@electron\\node-gyp"
      },
      "@electron/notarize": {
        "from": "@electron/notarize",
        "version": "2.5.0",
        "path": "E:\\CrearApps\\WhatyBot-Baileys\\node_modules\\@electron\\notarize"
      },
      "@electron/osx-sign": {
        "from": "@electron/osx-sign",
        "version": "1.3.1",
        "path": "E:\\CrearApps\\WhatyBot-Baileys\\node_modules\\@electron\\osx-sign"
      },
      "@electron/universal": {
        "from": "@electron/universal",
        "version": "2.0.1",
        "path": "E:\\CrearApps\\WhatyBot-Baileys\\node_modules\\@electron\\universal"
      },
      "@electron/rebuild": {
        "from": "@electron/rebuild",
        "version": "3.7.0",
        "path": "E:\\CrearApps\\WhatyBot-Baileys\\node_modules\\@electron\\rebuild"
      },
      "@epic-web/invariant": {
        "from": "@epic-web/invariant",
        "version": "1.0.0",
        "path": "E:\\CrearApps\\WhatyBot-Baileys\\node_modules\\@epic-web\\invariant"
      },
      "@electron/windows-sign": {
        "from": "@electron/windows-sign",
        "version": "1.2.2",
        "path": "E:\\CrearApps\\WhatyBot-Baileys\\node_modules\\@electron\\windows-sign"
      },
      "@hapi/address": {
        "from": "@hapi/address",
        "version": "5.1.1",
        "path": "E:\\CrearApps\\WhatyBot-Baileys\\node_modules\\@hapi\\address"
      },
      "@gar/promisify": {
        "from": "@gar/promisify",
        "version": "1.1.3",
        "path": "E:\\CrearApps\\WhatyBot-Baileys\\node_modules\\@gar\\promisify"
      },
      "@hapi/hoek": {
        "from": "@hapi/hoek",
        "version": "11.0.7",
        "path": "E:\\CrearApps\\WhatyBot-Baileys\\node_modules\\@hapi\\hoek"
      },
      "@esbuild/win32-x64": {
        "from": "@esbuild/win32-x64",
        "version": "0.25.12",
        "path": "E:\\CrearApps\\WhatyBot-Baileys\\node_modules\\@esbuild\\win32-x64"
      },
      "@babel/traverse": {
        "from": "@babel/traverse",
        "version": "7.28.5",
        "path": "E:\\CrearApps\\WhatyBot-Baileys\\node_modules\\@babel\\traverse"
      },
      "@hapi/pinpoint": {
        "from": "@hapi/pinpoint",
        "version": "2.0.1",
        "path": "E:\\CrearApps\\WhatyBot-Baileys\\node_modules\\@hapi\\pinpoint"
      },
      "@hapi/formula": {
        "from": "@hapi/formula",
        "version": "3.0.2",
        "path": "E:\\CrearApps\\WhatyBot-Baileys\\node_modules\\@hapi\\formula"
      },
      "@jridgewell/gen-mapping": {
        "from": "@jridgewell/gen-mapping",
        "version": "0.3.13",
        "path": "E:\\CrearApps\\WhatyBot-Baileys\\node_modules\\@jridgewell\\gen-mapping"
      },
      "@hapi/tlds": {
        "from": "@hapi/tlds",
        "version": "1.1.4",
        "path": "E:\\CrearApps\\WhatyBot-Baileys\\node_modules\\@hapi\\tlds"
      },
      "@jridgewell/resolve-uri": {
        "from": "@jridgewell/resolve-uri",
        "version": "3.1.2",
        "path": "E:\\CrearApps\\WhatyBot-Baileys\\node_modules\\@jridgewell\\resolve-uri"
      },
      "@jridgewell/remapping": {
        "from": "@jridgewell/remapping",
        "version": "2.3.5",
        "path": "E:\\CrearApps\\WhatyBot-Baileys\\node_modules\\@jridgewell\\remapping"
      },
      "@jridgewell/sourcemap-codec": {
        "from": "@jridgewell/sourcemap-codec",
        "version": "1.5.5",
        "path": "E:\\CrearApps\\WhatyBot-Baileys\\node_modules\\@jridgewell\\sourcemap-codec"
      },
      "@hapi/topo": {
        "from": "@hapi/topo",
        "version": "6.0.2",
        "path": "E:\\CrearApps\\WhatyBot-Baileys\\node_modules\\@hapi\\topo"
      },
      "@jridgewell/trace-mapping": {
        "from": "@jridgewell/trace-mapping",
        "version": "0.3.31",
        "path": "E:\\CrearApps\\WhatyBot-Baileys\\node_modules\\@jridgewell\\trace-mapping"
      },
      "@malept/flatpak-bundler": {
        "from": "@malept/flatpak-bundler",
        "version": "0.4.0",
        "path": "E:\\CrearApps\\WhatyBot-Baileys\\node_modules\\@malept\\flatpak-bundler"
      },
      "@isaacs/cliui": {
        "from": "@isaacs/cliui",
        "version": "8.0.2",
        "path": "E:\\CrearApps\\WhatyBot-Baileys\\node_modules\\@isaacs\\cliui"
      },
      "@isaacs/brace-expansion": {
        "from": "@isaacs/brace-expansion",
        "version": "5.0.0",
        "path": "E:\\CrearApps\\WhatyBot-Baileys\\node_modules\\@isaacs\\brace-expansion"
      },
      "@isaacs/balanced-match": {
        "from": "@isaacs/balanced-match",
        "version": "4.0.1",
        "path": "E:\\CrearApps\\WhatyBot-Baileys\\node_modules\\@isaacs\\balanced-match"
      },
      "@nodelib/fs.scandir": {
        "from": "@nodelib/fs.scandir",
        "version": "2.1.5",
        "path": "E:\\CrearApps\\WhatyBot-Baileys\\node_modules\\@nodelib\\fs.scandir"
      },
      "@nodelib/fs.stat": {
        "from": "@nodelib/fs.stat",
        "version": "2.0.5",
        "path": "E:\\CrearApps\\WhatyBot-Baileys\\node_modules\\@nodelib\\fs.stat"
      },
      "@nodelib/fs.walk": {
        "from": "@nodelib/fs.walk",
        "version": "1.2.8",
        "path": "E:\\CrearApps\\WhatyBot-Baileys\\node_modules\\@nodelib\\fs.walk"
      },
      "@malept/cross-spawn-promise": {
        "from": "@malept/cross-spawn-promise",
        "version": "2.0.0",
        "path": "E:\\CrearApps\\WhatyBot-Baileys\\node_modules\\@malept\\cross-spawn-promise"
      },
      "@npmcli/fs": {
        "from": "@npmcli/fs",
        "version": "2.1.2",
        "path": "E:\\CrearApps\\WhatyBot-Baileys\\node_modules\\@npmcli\\fs"
      },
      "@npmcli/move-file": {
        "from": "@npmcli/move-file",
        "version": "2.0.1",
        "path": "E:\\CrearApps\\WhatyBot-Baileys\\node_modules\\@npmcli\\move-file"
      },
      "@pkgjs/parseargs": {
        "from": "@pkgjs/parseargs",
        "version": "0.11.0",
        "path": "E:\\CrearApps\\WhatyBot-Baileys\\node_modules\\@pkgjs\\parseargs"
      },
      "@rollup/rollup-win32-x64-gnu": {
        "from": "@rollup/rollup-win32-x64-gnu",
        "version": "4.53.3",
        "path": "E:\\CrearApps\\WhatyBot-Baileys\\node_modules\\@rollup\\rollup-win32-x64-gnu"
      },
      "@rollup/rollup-win32-x64-msvc": {
        "from": "@rollup/rollup-win32-x64-msvc",
        "version": "4.53.3",
        "path": "E:\\CrearApps\\WhatyBot-Baileys\\node_modules\\@rollup\\rollup-win32-x64-msvc"
      },
      "@sindresorhus/is": {
        "from": "@sindresorhus/is",
        "version": "4.6.0",
        "path": "E:\\CrearApps\\WhatyBot-Baileys\\node_modules\\@sindresorhus\\is"
      },
      "@socket.io/component-emitter": {
        "from": "@socket.io/component-emitter",
        "version": "3.1.2",
        "path": "E:\\CrearApps\\WhatyBot-Baileys\\node_modules\\@socket.io\\component-emitter"
      },
      "@tootallnate/once": {
        "from": "@tootallnate/once",
        "version": "2.0.0",
        "path": "E:\\CrearApps\\WhatyBot-Baileys\\node_modules\\@tootallnate\\once"
      },
      "@szmarczak/http-timer": {
        "from": "@szmarczak/http-timer",
        "version": "4.0.6",
        "path": "E:\\CrearApps\\WhatyBot-Baileys\\node_modules\\@szmarczak\\http-timer"
      },
      "@rolldown/pluginutils": {
        "from": "@rolldown/pluginutils",
        "version": "1.0.0-beta.47",
        "path": "E:\\CrearApps\\WhatyBot-Baileys\\node_modules\\@rolldown\\pluginutils"
      },
      "@types/babel__core": {
        "from": "@types/babel__core",
        "version": "7.20.5",
        "path": "E:\\CrearApps\\WhatyBot-Baileys\\node_modules\\@types\\babel__core"
      },
      "@types/babel__template": {
        "from": "@types/babel__template",
        "version": "7.4.4",
        "path": "E:\\CrearApps\\WhatyBot-Baileys\\node_modules\\@types\\babel__template"
      },
      "@types/babel__generator": {
        "from": "@types/babel__generator",
        "version": "7.27.0",
        "path": "E:\\CrearApps\\WhatyBot-Baileys\\node_modules\\@types\\babel__generator"
      },
      "@standard-schema/spec": {
        "from": "@standard-schema/spec",
        "version": "1.0.0",
        "path": "E:\\CrearApps\\WhatyBot-Baileys\\node_modules\\@standard-schema\\spec"
      },
      "@types/babel__traverse": {
        "from": "@types/babel__traverse",
        "version": "7.28.0",
        "path": "E:\\CrearApps\\WhatyBot-Baileys\\node_modules\\@types\\babel__traverse"
      },
      "@types/cacheable-request": {
        "from": "@types/cacheable-request",
        "version": "6.0.3",
        "path": "E:\\CrearApps\\WhatyBot-Baileys\\node_modules\\@types\\cacheable-request"
      },
      "@types/fs-extra": {
        "from": "@types/fs-extra",
        "version": "9.0.13",
        "path": "E:\\CrearApps\\WhatyBot-Baileys\\node_modules\\@types\\fs-extra"
      },
      "@types/debug": {
        "from": "@types/debug",
        "version": "4.1.12",
        "path": "E:\\CrearApps\\WhatyBot-Baileys\\node_modules\\@types\\debug"
      },
      "@types/keyv": {
        "from": "@types/keyv",
        "version": "3.1.4",
        "path": "E:\\CrearApps\\WhatyBot-Baileys\\node_modules\\@types\\keyv"
      },
      "@types/http-cache-semantics": {
        "from": "@types/http-cache-semantics",
        "version": "4.0.4",
        "path": "E:\\CrearApps\\WhatyBot-Baileys\\node_modules\\@types\\http-cache-semantics"
      },
      "@types/estree": {
        "from": "@types/estree",
        "version": "1.0.8",
        "path": "E:\\CrearApps\\WhatyBot-Baileys\\node_modules\\@types\\estree"
      },
      "@types/ms": {
        "from": "@types/ms",
        "version": "2.1.0",
        "path": "E:\\CrearApps\\WhatyBot-Baileys\\node_modules\\@types\\ms"
      },
      "@types/yauzl": {
        "from": "@types/yauzl",
        "version": "2.10.3",
        "path": "E:\\CrearApps\\WhatyBot-Baileys\\node_modules\\@types\\yauzl"
      },
      "@xmldom/xmldom": {
        "from": "@xmldom/xmldom",
        "version": "0.8.11",
        "path": "E:\\CrearApps\\WhatyBot-Baileys\\node_modules\\@xmldom\\xmldom"
      },
      "@types/responselike": {
        "from": "@types/responselike",
        "version": "1.0.3",
        "path": "E:\\CrearApps\\WhatyBot-Baileys\\node_modules\\@types\\responselike"
      }
    }
  }
]

  ÔÇó collected node modules  nodeModules=[{"name":"@google/genai","version":"1.30.0","dir":"E:\\CrearApps\\WhatyBot-Baileys\\node_modules\\.pnpm\\@google+genai@1.30.0\\node_modules\\@google\\genai","dependencies":[{"name":"ws","version":"8.18.3","dir":"E:\\CrearApps\\WhatyBot-Baileys\\node_modules\\.pnpm\\ws@8.18.3\\node_modules\\ws"}]},{"name":"@isaacs/cliui","version":"8.0.2","dir":"E:\\CrearApps\\WhatyBot-Baileys\\node_modules\\.pnpm\\@isaacs+cliui@8.0.2\\node_modules\\@isaacs\\cliui"},{"name":"@pkgjs/parseargs","version":"0.11.0","dir":"E:\\CrearApps\\WhatyBot-Baileys\\node_modules\\.pnpm\\@pkgjs+parseargs@0.11.0\\node_modules\\@pkgjs\\parseargs"},{"name":"@socket.io/component-emitter","version":"3.1.2","dir":"E:\\CrearApps\\WhatyBot-Baileys\\node_modules\\.pnpm\\@socket.io+component-emitter@3.1.2\\node_modules\\@socket.io\\component-emitter"},{"name":"adler-32","version":"1.3.1","dir":"E:\\CrearApps\\WhatyBot-Baileys\\node_modules\\.pnpm\\adler-32@1.3.1\\node_modules\\adler-32"},{"name":"agent-base","version":"7.1.4","dir":"E:\\CrearApps\\WhatyBot-Baileys\\node_modules\\.pnpm\\agent-base@7.1.4\\node_modules\\agent-base"},{"name":"ansi-regex","version":"5.0.1","dir":"E:\\CrearApps\\WhatyBot-Baileys\\node_modules\\.pnpm\\ansi-regex@5.0.1\\node_modules\\ansi-regex"},{"name":"ansi-styles","version":"6.2.3","dir":"E:\\CrearApps\\WhatyBot-Baileys\\node_modules\\.pnpm\\ansi-styles@6.2.3\\node_modules\\ansi-styles"},{"name":"argparse","version":"2.0.1","dir":"E:\\CrearApps\\WhatyBot-Baileys\\node_modules\\.pnpm\\argparse@2.0.1\\node_modules\\argparse"},{"name":"asynckit","version":"0.4.0","dir":"E:\\CrearApps\\WhatyBot-Baileys\\node_modules\\.pnpm\\asynckit@0.4.0\\node_modules\\asynckit"},{"name":"axios","version":"1.13.2","dir":"E:\\CrearApps\\WhatyBot-Baileys\\node_modules\\.pnpm\\axios@1.13.2\\node_modules\\axios"},{"name":"balanced-match","version":"1.0.2","dir":"E:\\CrearApps\\WhatyBot-Baileys\\node_modules\\.pnpm\\balanced-match@1.0.2\\node_modules\\balanced-match"},{"name":"base64-js","version":"1.5.1","dir":"E:\\CrearApps\\WhatyBot-Baileys\\node_modules\\.pnpm\\base64-js@1.5.1\\node_modules\\base64-js"},{"name":"bignumber.js","version":"9.3.1","dir":"E:\\CrearApps\\WhatyBot-Baileys\\node_modules\\.pnpm\\bignumber.js@9.3.1\\node_modules\\bignumber.js"},{"name":"brace-expansion","version":"2.0.2","dir":"E:\\CrearApps\\WhatyBot-Baileys\\node_modules\\.pnpm\\brace-expansion@2.0.2\\node_modules\\brace-expansion"},{"name":"buffer-equal-constant-time","version":"1.0.1","dir":"E:\\CrearApps\\WhatyBot-Baileys\\node_modules\\.pnpm\\buffer-equal-constant-time@1.0.1\\node_modules\\buffer-equal-constant-time"},{"name":"builder-util-runtime","version":"9.3.1","dir":"E:\\CrearApps\\WhatyBot-Baileys\\node_modules\\.pnpm\\builder-util-runtime@9.3.1\\node_modules\\builder-util-runtime","dependencies":[{"name":"debug","version":"4.4.3","dir":"E:\\CrearApps\\WhatyBot-Baileys\\node_modules\\.pnpm\\debug@4.4.3\\node_modules\\debug"}]},{"name":"call-bind-apply-helpers","version":"1.0.2","dir":"E:\\CrearApps\\WhatyBot-Baileys\\node_modules\\.pnpm\\call-bind-apply-helpers@1.0.2\\node_modules\\call-bind-apply-helpers"},{"name":"cfb","version":"1.2.2","dir":"E:\\CrearApps\\WhatyBot-Baileys\\node_modules\\.pnpm\\cfb@1.2.2\\node_modules\\cfb"},{"name":"codepage","version":"1.15.0","dir":"E:\\CrearApps\\WhatyBot-Baileys\\node_modules\\.pnpm\\codepage@1.15.0\\node_modules\\codepage"},{"name":"color-convert","version":"2.0.1","dir":"E:\\CrearApps\\WhatyBot-Baileys\\node_modules\\.pnpm\\color-convert@2.0.1\\node_modules\\color-convert"},{"name":"color-name","version":"1.1.4","dir":"E:\\CrearApps\\WhatyBot-Baileys\\node_modules\\.pnpm\\color-name@1.1.4\\node_modules\\color-name"},{"name":"combined-stream","version":"1.0.8","dir":"E:\\CrearApps\\WhatyBot-Baileys\\node_modules\\.pnpm\\combined-stream@1.0.8\\node_modules\\combined-stream"},{"name":"crc-32","version":"1.2.2","dir":"E:\\CrearApps\\WhatyBot-Baileys\\node_modules\\.pnpm\\crc-32@1.2.2\\node_modules\\crc-32"},{"name":"cross-spawn","version":"7.0.6","dir":"E:\\CrearApps\\WhatyBot-Baileys\\node_modules\\.pnpm\\cross-spawn@7.0.6\\node_modules\\cross-spawn"},{"name":"data-uri-to-buffer","version":"4.0.1","dir":"E:\\CrearApps\\WhatyBot-Baileys\\node_modules\\.pnpm\\data-uri-to-buffer@4.0.1\\node_modules\\data-uri-to-buffer"},{"name":"debug","version":"4.3.7","dir":"E:\\CrearApps\\WhatyBot-Baileys\\node_modules\\.pnpm\\debug@4.3.7\\node_modules\\debug"},{"name":"delayed-stream","version":"1.0.0","dir":"E:\\CrearApps\\WhatyBot-Baileys\\node_modules\\.pnpm\\delayed-stream@1.0.0\\node_modules\\delayed-stream"},{"name":"dunder-proto","version":"1.0.1","dir":"E:\\CrearApps\\WhatyBot-Baileys\\node_modules\\.pnpm\\dunder-proto@1.0.1\\node_modules\\dunder-proto"},{"name":"eastasianwidth","version":"0.2.0","dir":"E:\\CrearApps\\WhatyBot-Baileys\\node_modules\\.pnpm\\eastasianwidth@0.2.0\\node_modules\\eastasianwidth"},{"name":"ecdsa-sig-formatter","version":"1.0.11","dir":"E:\\CrearApps\\WhatyBot-Baileys\\node_modules\\.pnpm\\ecdsa-sig-formatter@1.0.11\\node_modules\\ecdsa-sig-formatter"},{"name":"electron-updater","version":"6.6.2","dir":"E:\\CrearApps\\WhatyBot-Baileys\\node_modules\\.pnpm\\electron-updater@6.6.2\\node_modules\\electron-updater"},{"name":"emoji-regex","version":"8.0.0","dir":"E:\\CrearApps\\WhatyBot-Baileys\\node_modules\\.pnpm\\emoji-regex@8.0.0\\node_modules\\emoji-regex"},{"name":"engine.io-client","version":"6.6.3","dir":"E:\\CrearApps\\WhatyBot-Baileys\\node_modules\\.pnpm\\engine.io-client@6.6.3\\node_modules\\engine.io-client"},{"name":"engine.io-parser","version":"5.2.3","dir":"E:\\CrearApps\\WhatyBot-Baileys\\node_modules\\.pnpm\\engine.io-parser@5.2.3\\node_modules\\engine.io-parser"},{"name":"es-define-property","version":"1.0.1","dir":"E:\\CrearApps\\WhatyBot-Baileys\\node_modules\\.pnpm\\es-define-property@1.0.1\\node_modules\\es-define-property"},{"name":"es-errors","version":"1.3.0","dir":"E:\\CrearApps\\WhatyBot-Baileys\\node_modules\\.pnpm\\es-errors@1.3.0\\node_modules\\es-errors"},{"name":"es-object-atoms","version":"1.1.1","dir":"E:\\CrearApps\\WhatyBot-Baileys\\node_modules\\.pnpm\\es-object-atoms@1.1.1\\node_modules\\es-object-atoms"},{"name":"es-set-tostringtag","version":"2.1.0","dir":"E:\\CrearApps\\WhatyBot-Baileys\\node_modules\\.pnpm\\es-set-tostringtag@2.1.0\\node_modules\\es-set-tostringtag"},{"name":"extend","version":"3.0.2","dir":"E:\\CrearApps\\WhatyBot-Baileys\\node_modules\\.pnpm\\extend@3.0.2\\node_modules\\extend"},{"name":"fetch-blob","version":"3.2.0","dir":"E:\\CrearApps\\WhatyBot-Baileys\\node_modules\\.pnpm\\fetch-blob@3.2.0\\node_modules\\fetch-blob"},{"name":"follow-redirects","version":"1.15.11","dir":"E:\\CrearApps\\WhatyBot-Baileys\\node_modules\\.pnpm\\follow-redirects@1.15.11\\node_modules\\follow-redirects"},{"name":"foreground-child","version":"3.3.1","dir":"E:\\CrearApps\\WhatyBot-Baileys\\node_modules\\.pnpm\\foreground-child@3.3.1\\node_modules\\foreground-child"},{"name":"form-data","version":"4.0.5","dir":"E:\\CrearApps\\WhatyBot-Baileys\\node_modules\\.pnpm\\form-data@4.0.5\\node_modules\\form-data"},{"name":"formdata-polyfill","version":"4.0.10","dir":"E:\\CrearApps\\WhatyBot-Baileys\\node_modules\\.pnpm\\formdata-polyfill@4.0.10\\node_modules\\formdata-polyfill"},{"name":"frac","version":"1.1.2","dir":"E:\\CrearApps\\WhatyBot-Baileys\\node_modules\\.pnpm\\frac@1.1.2\\node_modules\\frac"},{"name":"fs-extra","version":"10.1.0","dir":"E:\\CrearApps\\WhatyBot-Baileys\\node_modules\\.pnpm\\fs-extra@10.1.0\\node_modules\\fs-extra"},{"name":"function-bind","version":"1.1.2","dir":"E:\\CrearApps\\WhatyBot-Baileys\\node_modules\\.pnpm\\function-bind@1.1.2\\node_modules\\function-bind"},{"name":"gaxios","version":"7.1.3","dir":"E:\\CrearApps\\WhatyBot-Baileys\\node_modules\\.pnpm\\gaxios@7.1.3\\node_modules\\gaxios"},{"name":"gcp-metadata","version":"8.1.2","dir":"E:\\CrearApps\\WhatyBot-Baileys\\node_modules\\.pnpm\\gcp-metadata@8.1.2\\node_modules\\gcp-metadata"},{"name":"get-intrinsic","version":"1.3.0","dir":"E:\\CrearApps\\WhatyBot-Baileys\\node_modules\\.pnpm\\get-intrinsic@1.3.0\\node_modules\\get-intrinsic"},{"name":"get-proto","version":"1.0.1","dir":"E:\\CrearApps\\WhatyBot-Baileys\\node_modules\\.pnpm\\get-proto@1.0.1\\node_modules\\get-proto"},{"name":"glob","version":"10.5.0","dir":"E:\\CrearApps\\WhatyBot-Baileys\\node_modules\\.pnpm\\glob@10.5.0\\node_modules\\glob"},{"name":"google-auth-library","version":"10.5.0","dir":"E:\\CrearApps\\WhatyBot-Baileys\\node_modules\\.pnpm\\google-auth-library@10.5.0\\node_modules\\google-auth-library"},{"name":"google-logging-utils","version":"1.1.3","dir":"E:\\CrearApps\\WhatyBot-Baileys\\node_modules\\.pnpm\\google-logging-utils@1.1.3\\node_modules\\google-logging-utils"},{"name":"gopd","version":"1.2.0","dir":"E:\\CrearApps\\WhatyBot-Baileys\\node_modules\\.pnpm\\gopd@1.2.0\\node_modules\\gopd"},{"name":"graceful-fs","version":"4.2.11","dir":"E:\\CrearApps\\WhatyBot-Baileys\\node_modules\\.pnpm\\graceful-fs@4.2.11\\node_modules\\graceful-fs"},{"name":"gtoken","version":"8.0.0","dir":"E:\\CrearApps\\WhatyBot-Baileys\\node_modules\\.pnpm\\gtoken@8.0.0\\node_modules\\gtoken"},{"name":"has-symbols","version":"1.1.0","dir":"E:\\CrearApps\\WhatyBot-Baileys\\node_modules\\.pnpm\\has-symbols@1.1.0\\node_modules\\has-symbols"},{"name":"has-tostringtag","version":"1.0.2","dir":"E:\\CrearApps\\WhatyBot-Baileys\\node_modules\\.pnpm\\has-tostringtag@1.0.2\\node_modules\\has-tostringtag"},{"name":"hasown","version":"2.0.2","dir":"E:\\CrearApps\\WhatyBot-Baileys\\node_modules\\.pnpm\\hasown@2.0.2\\node_modules\\hasown"},{"name":"https-proxy-agent","version":"7.0.6","dir":"E:\\CrearApps\\WhatyBot-Baileys\\node_modules\\.pnpm\\https-proxy-agent@7.0.6\\node_modules\\https-proxy-agent","dependencies":[{"name":"debug","version":"4.4.3","dir":"E:\\CrearApps\\WhatyBot-Baileys\\node_modules\\.pnpm\\debug@4.4.3\\node_modules\\debug"}]},{"name":"is-fullwidth-code-point","version":"3.0.0","dir":"E:\\CrearApps\\WhatyBot-Baileys\\node_modules\\.pnpm\\is-fullwidth-code-point@3.0.0\\node_modules\\is-fullwidth-code-point"},{"name":"isexe","version":"2.0.0","dir":"E:\\CrearApps\\WhatyBot-Baileys\\node_modules\\.pnpm\\isexe@2.0.0\\node_modules\\isexe"},{"name":"jackspeak","version":"3.4.3","dir":"E:\\CrearApps\\WhatyBot-Baileys\\node_modules\\.pnpm\\jackspeak@3.4.3\\node_modules\\jackspeak"},{"name":"js-yaml","version":"4.1.1","dir":"E:\\CrearApps\\WhatyBot-Baileys\\node_modules\\.pnpm\\js-yaml@4.1.1\\node_modules\\js-yaml"},{"name":"json-bigint","version":"1.0.0","dir":"E:\\CrearApps\\WhatyBot-Baileys\\node_modules\\.pnpm\\json-bigint@1.0.0\\node_modules\\json-bigint"},{"name":"jsonfile","version":"6.2.0","dir":"E:\\CrearApps\\WhatyBot-Baileys\\node_modules\\.pnpm\\jsonfile@6.2.0\\node_modules\\jsonfile"},{"name":"jwa","version":"2.0.1","dir":"E:\\CrearApps\\WhatyBot-Baileys\\node_modules\\.pnpm\\jwa@2.0.1\\node_modules\\jwa"},{"name":"jws","version":"4.0.0","dir":"E:\\CrearApps\\WhatyBot-Baileys\\node_modules\\.pnpm\\jws@4.0.0\\node_modules\\jws"},{"name":"lazy-val","version":"1.0.5","dir":"E:\\CrearApps\\WhatyBot-Baileys\\node_modules\\.pnpm\\lazy-val@1.0.5\\node_modules\\lazy-val"},{"name":"lodash.escaperegexp","version":"4.1.2","dir":"E:\\CrearApps\\WhatyBot-Baileys\\node_modules\\.pnpm\\lodash.escaperegexp@4.1.2\\node_modules\\lodash.escaperegexp"},{"name":"lodash.isequal","version":"4.5.0","dir":"E:\\CrearApps\\WhatyBot-Baileys\\node_modules\\.pnpm\\lodash.isequal@4.5.0\\node_modules\\lodash.isequal"},{"name":"lru-cache","version":"10.4.3","dir":"E:\\CrearApps\\WhatyBot-Baileys\\node_modules\\.pnpm\\lru-cache@10.4.3\\node_modules\\lru-cache"},{"name":"lucide-react","version":"0.555.0","dir":"E:\\CrearApps\\WhatyBot-Baileys\\node_modules\\.pnpm\\lucide-react@0.555.0_react@19.2.1\\node_modules\\lucide-react"},{"name":"math-intrinsics","version":"1.1.0","dir":"E:\\CrearApps\\WhatyBot-Baileys\\node_modules\\.pnpm\\math-intrinsics@1.1.0\\node_modules\\math-intrinsics"},{"name":"mime-db","version":"1.52.0","dir":"E:\\CrearApps\\WhatyBot-Baileys\\node_modules\\.pnpm\\mime-db@1.52.0\\node_modules\\mime-db"},{"name":"mime-types","version":"2.1.35","dir":"E:\\CrearApps\\WhatyBot-Baileys\\node_modules\\.pnpm\\mime-types@2.1.35\\node_modules\\mime-types"},{"name":"minimatch","version":"9.0.5","dir":"E:\\CrearApps\\WhatyBot-Baileys\\node_modules\\.pnpm\\minimatch@9.0.5\\node_modules\\minimatch"},{"name":"minipass","version":"7.1.2","dir":"E:\\CrearApps\\WhatyBot-Baileys\\node_modules\\.pnpm\\minipass@7.1.2\\node_modules\\minipass"},{"name":"ms","version":"2.1.3","dir":"E:\\CrearApps\\WhatyBot-Baileys\\node_modules\\.pnpm\\ms@2.1.3\\node_modules\\ms"},{"name":"node-domexception","version":"1.0.0","dir":"E:\\CrearApps\\WhatyBot-Baileys\\node_modules\\.pnpm\\node-domexception@1.0.0\\node_modules\\node-domexception"},{"name":"node-fetch","version":"3.3.2","dir":"E:\\CrearApps\\WhatyBot-Baileys\\node_modules\\.pnpm\\node-fetch@3.3.2\\node_modules\\node-fetch"},{"name":"package-json-from-dist","version":"1.0.1","dir":"E:\\CrearApps\\WhatyBot-Baileys\\node_modules\\.pnpm\\package-json-from-dist@1.0.1\\node_modules\\package-json-from-dist"},{"name":"path-key","version":"3.1.1","dir":"E:\\CrearApps\\WhatyBot-Baileys\\node_modules\\.pnpm\\path-key@3.1.1\\node_modules\\path-key"},{"name":"path-scurry","version":"1.11.1","dir":"E:\\CrearApps\\WhatyBot-Baileys\\node_modules\\.pnpm\\path-scurry@1.11.1\\node_modules\\path-scurry"},{"name":"proxy-from-env","version":"1.1.0","dir":"E:\\CrearApps\\WhatyBot-Baileys\\node_modules\\.pnpm\\proxy-from-env@1.1.0\\node_modules\\proxy-from-env"},{"name":"react","version":"19.2.1","dir":"E:\\CrearApps\\WhatyBot-Baileys\\node_modules\\.pnpm\\react@19.2.1\\node_modules\\react"},{"name":"react-confetti","version":"6.4.0","dir":"E:\\CrearApps\\WhatyBot-Baileys\\node_modules\\.pnpm\\react-confetti@6.4.0_react@19.2.1\\node_modules\\react-confetti"},{"name":"react-dom","version":"19.2.1","dir":"E:\\CrearApps\\WhatyBot-Baileys\\node_modules\\.pnpm\\react-dom@19.2.1_react@19.2.1\\node_modules\\react-dom"},{"name":"rimraf","version":"5.0.10","dir":"E:\\CrearApps\\WhatyBot-Baileys\\node_modules\\.pnpm\\rimraf@5.0.10\\node_modules\\rimraf"},{"name":"safe-buffer","version":"5.2.1","dir":"E:\\CrearApps\\WhatyBot-Baileys\\node_modules\\.pnpm\\safe-buffer@5.2.1\\node_modules\\safe-buffer"},{"name":"sax","version":"1.4.3","dir":"E:\\CrearApps\\WhatyBot-Baileys\\node_modules\\.pnpm\\sax@1.4.3\\node_modules\\sax"},{"name":"scheduler","version":"0.27.0","dir":"E:\\CrearApps\\WhatyBot-Baileys\\node_modules\\.pnpm\\scheduler@0.27.0\\node_modules\\scheduler"},{"name":"semver","version":"7.7.3","dir":"E:\\CrearApps\\WhatyBot-Baileys\\node_modules\\.pnpm\\semver@7.7.3\\node_modules\\semver"},{"name":"shebang-command","version":"2.0.0","dir":"E:\\CrearApps\\WhatyBot-Baileys\\node_modules\\.pnpm\\shebang-command@2.0.0\\node_modules\\shebang-command"},{"name":"shebang-regex","version":"3.0.0","dir":"E:\\CrearApps\\WhatyBot-Baileys\\node_modules\\.pnpm\\shebang-regex@3.0.0\\node_modules\\shebang-regex"},{"name":"signal-exit","version":"4.1.0","dir":"E:\\CrearApps\\WhatyBot-Baileys\\node_modules\\.pnpm\\signal-exit@4.1.0\\node_modules\\signal-exit"},{"name":"socket.io-client","version":"4.8.1","dir":"E:\\CrearApps\\WhatyBot-Baileys\\node_modules\\.pnpm\\socket.io-client@4.8.1\\node_modules\\socket.io-client"},{"name":"socket.io-parser","version":"4.2.4","dir":"E:\\CrearApps\\WhatyBot-Baileys\\node_modules\\.pnpm\\socket.io-parser@4.2.4\\node_modules\\socket.io-parser"},{"name":"sonner","version":"2.0.7","dir":"E:\\CrearApps\\WhatyBot-Baileys\\node_modules\\.pnpm\\sonner@2.0.7_react-dom@19.2.1_react@19.2.1__react@19.2.1\\node_modules\\sonner"},{"name":"ssf","version":"0.11.2","dir":"E:\\CrearApps\\WhatyBot-Baileys\\node_modules\\.pnpm\\ssf@0.11.2\\node_modules\\ssf"},{"name":"string-width","version":"5.1.2","dir":"E:\\CrearApps\\WhatyBot-Baileys\\node_modules\\.pnpm\\string-width@5.1.2\\node_modules\\string-width","dependencies":[{"name":"emoji-regex","version":"9.2.2","dir":"E:\\CrearApps\\WhatyBot-Baileys\\node_modules\\.pnpm\\emoji-regex@9.2.2\\node_modules\\emoji-regex"}]},{"name":"string-width-cjs","version":"4.2.3","dir":"E:\\CrearApps\\WhatyBot-Baileys\\node_modules\\.pnpm\\string-width@4.2.3\\node_modules\\string-width","dependencies":[{"name":"strip-ansi","version":"6.0.1","dir":"E:\\CrearApps\\WhatyBot-Baileys\\node_modules\\.pnpm\\strip-ansi@6.0.1\\node_modules\\strip-ansi"}]},{"name":"strip-ansi","version":"7.1.2","dir":"E:\\CrearApps\\WhatyBot-Baileys\\node_modules\\.pnpm\\strip-ansi@7.1.2\\node_modules\\strip-ansi","dependencies":[{"name":"ansi-regex","version":"6.2.2","dir":"E:\\CrearApps\\WhatyBot-Baileys\\node_modules\\.pnpm\\ansi-regex@6.2.2\\node_modules\\ansi-regex"}]},{"name":"strip-ansi-cjs","version":"6.0.1","dir":"E:\\CrearApps\\WhatyBot-Baileys\\node_modules\\.pnpm\\strip-ansi@6.0.1\\node_modules\\strip-ansi"},{"name":"tiny-typed-emitter","version":"2.1.0","dir":"E:\\CrearApps\\WhatyBot-Baileys\\node_modules\\.pnpm\\tiny-typed-emitter@2.1.0\\node_modules\\tiny-typed-emitter"},{"name":"tween-functions","version":"1.2.0","dir":"E:\\CrearApps\\WhatyBot-Baileys\\node_modules\\.pnpm\\tween-functions@1.2.0\\node_modules\\tween-functions"},{"name":"universalify","version":"2.0.1","dir":"E:\\CrearApps\\WhatyBot-Baileys\\node_modules\\.pnpm\\universalify@2.0.1\\node_modules\\universalify"},{"name":"web-streams-polyfill","version":"3.3.3","dir":"E:\\CrearApps\\WhatyBot-Baileys\\node_modules\\.pnpm\\web-streams-polyfill@3.3.3\\node_modules\\web-streams-polyfill"},{"name":"which","version":"2.0.2","dir":"E:\\CrearApps\\WhatyBot-Baileys\\node_modules\\.pnpm\\which@2.0.2\\node_modules\\which"},{"name":"wmf","version":"1.0.2","dir":"E:\\CrearApps\\WhatyBot-Baileys\\node_modules\\.pnpm\\wmf@1.0.2\\node_modules\\wmf"},{"name":"word","version":"0.3.0","dir":"E:\\CrearApps\\WhatyBot-Baileys\\node_modules\\.pnpm\\word@0.3.0\\node_modules\\word"},{"name":"wrap-ansi","version":"8.1.0","dir":"E:\\CrearApps\\WhatyBot-Baileys\\node_modules\\.pnpm\\wrap-ansi@8.1.0\\node_modules\\wrap-ansi"},{"name":"wrap-ansi-cjs","version":"7.0.0","dir":"E:\\CrearApps\\WhatyBot-Baileys\\node_modules\\.pnpm\\wrap-ansi@7.0.0\\node_modules\\wrap-ansi","dependencies":[{"name":"ansi-styles","version":"4.3.0","dir":"E:\\CrearApps\\WhatyBot-Baileys\\node_modules\\.pnpm\\ansi-styles@4.3.0\\node_modules\\ansi-styles"},{"name":"string-width","version":"4.2.3","dir":"E:\\CrearApps\\WhatyBot-Baileys\\node_modules\\.pnpm\\string-width@4.2.3\\node_modules\\string-width"},{"name":"strip-ansi","version":"6.0.1","dir":"E:\\CrearApps\\WhatyBot-Baileys\\node_modules\\.pnpm\\strip-ansi@6.0.1\\node_modules\\strip-ansi"}]},{"name":"ws","version":"8.17.1","dir":"E:\\CrearApps\\WhatyBot-Baileys\\node_modules\\.pnpm\\ws@8.17.1\\node_modules\\ws"},{"name":"xlsx","version":"0.18.5","dir":"E:\\CrearApps\\WhatyBot-Baileys\\node_modules\\.pnpm\\xlsx@0.18.5\\node_modules\\xlsx"},{"name":"xmlhttprequest-ssl","version":"2.1.2","dir":"E:\\CrearApps\\WhatyBot-Baileys\\node_modules\\.pnpm\\xmlhttprequest-ssl@2.1.2\\node_modules\\xmlhttprequest-ssl"}]
  ÔÇó unpacking       file=E:\CrearApps\WhatyBot-Baileys\node_modules\.pnpm\builder-util-runtime@9.3.1\node_modules\builder-util-runtime\LICENSE
  ÔÇó unpacking       file=E:\CrearApps\WhatyBot-Baileys\node_modules\.pnpm\builder-util-runtime@9.3.1\node_modules\builder-util-runtime\out\CancellationToken.js
  ÔÇó unpacking       file=E:\CrearApps\WhatyBot-Baileys\node_modules\.pnpm\builder-util-runtime@9.3.1\node_modules\builder-util-runtime\out\CancellationToken.js.map
  ÔÇó unpacking       file=E:\CrearApps\WhatyBot-Baileys\node_modules\.pnpm\builder-util-runtime@9.3.1\node_modules\builder-util-runtime\out\MemoLazy.js
  ÔÇó unpacking       file=E:\CrearApps\WhatyBot-Baileys\node_modules\.pnpm\builder-util-runtime@9.3.1\node_modules\builder-util-runtime\out\MemoLazy.js.map
  ÔÇó unpacking       file=E:\CrearApps\WhatyBot-Baileys\node_modules\.pnpm\builder-util-runtime@9.3.1\node_modules\builder-util-runtime\out\ProgressCallbackTransform.js
  ÔÇó unpacking       file=E:\CrearApps\WhatyBot-Baileys\node_modules\.pnpm\builder-util-runtime@9.3.1\node_modules\builder-util-runtime\out\ProgressCallbackTransform.js.map
  ÔÇó unpacking       file=E:\CrearApps\WhatyBot-Baileys\node_modules\.pnpm\builder-util-runtime@9.3.1\node_modules\builder-util-runtime\out\blockMapApi.js
  ÔÇó unpacking       file=E:\CrearApps\WhatyBot-Baileys\node_modules\.pnpm\builder-util-runtime@9.3.1\node_modules\builder-util-runtime\out\blockMapApi.js.map
  ÔÇó unpacking       file=E:\CrearApps\WhatyBot-Baileys\node_modules\.pnpm\builder-util-runtime@9.3.1\node_modules\builder-util-runtime\out\error.js
  ÔÇó unpacking       file=E:\CrearApps\WhatyBot-Baileys\node_modules\.pnpm\builder-util-runtime@9.3.1\node_modules\builder-util-runtime\out\error.js.map
  ÔÇó unpacking       file=E:\CrearApps\WhatyBot-Baileys\node_modules\.pnpm\builder-util-runtime@9.3.1\node_modules\builder-util-runtime\out\httpExecutor.js
  ÔÇó unpacking       file=E:\CrearApps\WhatyBot-Baileys\node_modules\.pnpm\builder-util-runtime@9.3.1\node_modules\builder-util-runtime\out\httpExecutor.js.map
  ÔÇó unpacking       file=E:\CrearApps\WhatyBot-Baileys\node_modules\.pnpm\builder-util-runtime@9.3.1\node_modules\builder-util-runtime\out\index.js
  ÔÇó unpacking       file=E:\CrearApps\WhatyBot-Baileys\node_modules\.pnpm\builder-util-runtime@9.3.1\node_modules\builder-util-runtime\out\index.js.map
  ÔÇó unpacking       file=E:\CrearApps\WhatyBot-Baileys\node_modules\.pnpm\builder-util-runtime@9.3.1\node_modules\builder-util-runtime\out\publishOptions.js
  ÔÇó unpacking       file=E:\CrearApps\WhatyBot-Baileys\node_modules\.pnpm\builder-util-runtime@9.3.1\node_modules\builder-util-runtime\out\publishOptions.js.map
  ÔÇó unpacking       file=E:\CrearApps\WhatyBot-Baileys\node_modules\.pnpm\builder-util-runtime@9.3.1\node_modules\builder-util-runtime\out\retry.js
  ÔÇó unpacking       file=E:\CrearApps\WhatyBot-Baileys\node_modules\.pnpm\builder-util-runtime@9.3.1\node_modules\builder-util-runtime\out\retry.js.map
  ÔÇó unpacking       file=E:\CrearApps\WhatyBot-Baileys\node_modules\.pnpm\builder-util-runtime@9.3.1\node_modules\builder-util-runtime\out\rfc2253Parser.js
  ÔÇó unpacking       file=E:\CrearApps\WhatyBot-Baileys\node_modules\.pnpm\builder-util-runtime@9.3.1\node_modules\builder-util-runtime\out\rfc2253Parser.js.map
  ÔÇó unpacking       file=E:\CrearApps\WhatyBot-Baileys\node_modules\.pnpm\builder-util-runtime@9.3.1\node_modules\builder-util-runtime\out\updateInfo.js
  ÔÇó unpacking       file=E:\CrearApps\WhatyBot-Baileys\node_modules\.pnpm\builder-util-runtime@9.3.1\node_modules\builder-util-runtime\out\updateInfo.js.map
  ÔÇó unpacking       file=E:\CrearApps\WhatyBot-Baileys\node_modules\.pnpm\builder-util-runtime@9.3.1\node_modules\builder-util-runtime\out\uuid.js
  ÔÇó unpacking       file=E:\CrearApps\WhatyBot-Baileys\node_modules\.pnpm\builder-util-runtime@9.3.1\node_modules\builder-util-runtime\out\uuid.js.map
  ÔÇó unpacking       file=E:\CrearApps\WhatyBot-Baileys\node_modules\.pnpm\builder-util-runtime@9.3.1\node_modules\builder-util-runtime\out\xml.js
  ÔÇó unpacking       file=E:\CrearApps\WhatyBot-Baileys\node_modules\.pnpm\builder-util-runtime@9.3.1\node_modules\builder-util-runtime\out\xml.js.map
  ÔÇó unpacking       file=E:\CrearApps\WhatyBot-Baileys\node_modules\.pnpm\builder-util-runtime@9.3.1\node_modules\builder-util-runtime\package.json
  ÔÇó unpacking       file=E:\CrearApps\WhatyBot-Baileys\node_modules\.pnpm\debug@4.4.3\node_modules\debug\LICENSE
  ÔÇó unpacking       file=E:\CrearApps\WhatyBot-Baileys\node_modules\.pnpm\debug@4.4.3\node_modules\debug\package.json
  ÔÇó unpacking       file=E:\CrearApps\WhatyBot-Baileys\node_modules\.pnpm\debug@4.4.3\node_modules\debug\src\browser.js
  ÔÇó unpacking       file=E:\CrearApps\WhatyBot-Baileys\node_modules\.pnpm\debug@4.4.3\node_modules\debug\src\common.js
  ÔÇó unpacking       file=E:\CrearApps\WhatyBot-Baileys\node_modules\.pnpm\debug@4.4.3\node_modules\debug\src\index.js
  ÔÇó unpacking       file=E:\CrearApps\WhatyBot-Baileys\node_modules\.pnpm\debug@4.4.3\node_modules\debug\src\node.js
  ÔÇó unpacking       file=E:\CrearApps\WhatyBot-Baileys\node_modules\.pnpm\electron-updater@6.6.2\node_modules\electron-updater\LICENSE
  ÔÇó unpacking       file=E:\CrearApps\WhatyBot-Baileys\node_modules\.pnpm\electron-updater@6.6.2\node_modules\electron-updater\out\AppAdapter.js
  ÔÇó unpacking       file=E:\CrearApps\WhatyBot-Baileys\node_modules\.pnpm\electron-updater@6.6.2\node_modules\electron-updater\out\AppAdapter.js.map
  ÔÇó unpacking       file=E:\CrearApps\WhatyBot-Baileys\node_modules\.pnpm\electron-updater@6.6.2\node_modules\electron-updater\out\AppImageUpdater.js
  ÔÇó unpacking       file=E:\CrearApps\WhatyBot-Baileys\node_modules\.pnpm\electron-updater@6.6.2\node_modules\electron-updater\out\AppImageUpdater.js.map
  ÔÇó unpacking       file=E:\CrearApps\WhatyBot-Baileys\node_modules\.pnpm\electron-updater@6.6.2\node_modules\electron-updater\out\AppUpdater.js
  ÔÇó unpacking       file=E:\CrearApps\WhatyBot-Baileys\node_modules\.pnpm\electron-updater@6.6.2\node_modules\electron-updater\out\AppUpdater.js.map
  ÔÇó unpacking       file=E:\CrearApps\WhatyBot-Baileys\node_modules\.pnpm\electron-updater@6.6.2\node_modules\electron-updater\out\BaseUpdater.js
  ÔÇó unpacking       file=E:\CrearApps\WhatyBot-Baileys\node_modules\.pnpm\electron-updater@6.6.2\node_modules\electron-updater\out\BaseUpdater.js.map
  ÔÇó unpacking       file=E:\CrearApps\WhatyBot-Baileys\node_modules\.pnpm\electron-updater@6.6.2\node_modules\electron-updater\out\DebUpdater.js
  ÔÇó unpacking       file=E:\CrearApps\WhatyBot-Baileys\node_modules\.pnpm\electron-updater@6.6.2\node_modules\electron-updater\out\DebUpdater.js.map
  ÔÇó unpacking       file=E:\CrearApps\WhatyBot-Baileys\node_modules\.pnpm\electron-updater@6.6.2\node_modules\electron-updater\out\DownloadedUpdateHelper.js
  ÔÇó unpacking       file=E:\CrearApps\WhatyBot-Baileys\node_modules\.pnpm\electron-updater@6.6.2\node_modules\electron-updater\out\DownloadedUpdateHelper.js.map
  ÔÇó unpacking       file=E:\CrearApps\WhatyBot-Baileys\node_modules\.pnpm\electron-updater@6.6.2\node_modules\electron-updater\out\ElectronAppAdapter.js
  ÔÇó unpacking       file=E:\CrearApps\WhatyBot-Baileys\node_modules\.pnpm\electron-updater@6.6.2\node_modules\electron-updater\out\ElectronAppAdapter.js.map
  ÔÇó unpacking       file=E:\CrearApps\WhatyBot-Baileys\node_modules\.pnpm\electron-updater@6.6.2\node_modules\electron-updater\out\MacUpdater.js
  ÔÇó unpacking       file=E:\CrearApps\WhatyBot-Baileys\node_modules\.pnpm\electron-updater@6.6.2\node_modules\electron-updater\out\MacUpdater.js.map
  ÔÇó unpacking       file=E:\CrearApps\WhatyBot-Baileys\node_modules\.pnpm\electron-updater@6.6.2\node_modules\electron-updater\out\NsisUpdater.js
  ÔÇó unpacking       file=E:\CrearApps\WhatyBot-Baileys\node_modules\.pnpm\electron-updater@6.6.2\node_modules\electron-updater\out\NsisUpdater.js.map
  ÔÇó unpacking       file=E:\CrearApps\WhatyBot-Baileys\node_modules\.pnpm\electron-updater@6.6.2\node_modules\electron-updater\out\PacmanUpdater.js
  ÔÇó unpacking       file=E:\CrearApps\WhatyBot-Baileys\node_modules\.pnpm\electron-updater@6.6.2\node_modules\electron-updater\out\PacmanUpdater.js.map
  ÔÇó unpacking       file=E:\CrearApps\WhatyBot-Baileys\node_modules\.pnpm\electron-updater@6.6.2\node_modules\electron-updater\out\RpmUpdater.js
  ÔÇó unpacking       file=E:\CrearApps\WhatyBot-Baileys\node_modules\.pnpm\electron-updater@6.6.2\node_modules\electron-updater\out\RpmUpdater.js.map
  ÔÇó unpacking       file=E:\CrearApps\WhatyBot-Baileys\node_modules\.pnpm\electron-updater@6.6.2\node_modules\electron-updater\out\differentialDownloader\DataSplitter.js
  ÔÇó unpacking       file=E:\CrearApps\WhatyBot-Baileys\node_modules\.pnpm\electron-updater@6.6.2\node_modules\electron-updater\out\differentialDownloader\DataSplitter.js.map
  ÔÇó unpacking       file=E:\CrearApps\WhatyBot-Baileys\node_modules\.pnpm\electron-updater@6.6.2\node_modules\electron-updater\out\differentialDownloader\DifferentialDownloader.js
  ÔÇó unpacking       file=E:\CrearApps\WhatyBot-Baileys\node_modules\.pnpm\electron-updater@6.6.2\node_modules\electron-updater\out\differentialDownloader\DifferentialDownloader.js.map
  ÔÇó unpacking       file=E:\CrearApps\WhatyBot-Baileys\node_modules\.pnpm\electron-updater@6.6.2\node_modules\electron-updater\out\differentialDownloader\FileWithEmbeddedBlockMapDifferentialDownloader.js
  ÔÇó unpacking       file=E:\CrearApps\WhatyBot-Baileys\node_modules\.pnpm\electron-updater@6.6.2\node_modules\electron-updater\out\differentialDownloader\FileWithEmbeddedBlockMapDifferentialDownloader.js.map
  ÔÇó unpacking       file=E:\CrearApps\WhatyBot-Baileys\node_modules\.pnpm\electron-updater@6.6.2\node_modules\electron-updater\out\differentialDownloader\GenericDifferentialDownloader.js
  ÔÇó unpacking       file=E:\CrearApps\WhatyBot-Baileys\node_modules\.pnpm\electron-updater@6.6.2\node_modules\electron-updater\out\differentialDownloader\GenericDifferentialDownloader.js.map
  ÔÇó unpacking       file=E:\CrearApps\WhatyBot-Baileys\node_modules\.pnpm\electron-updater@6.6.2\node_modules\electron-updater\out\differentialDownloader\ProgressDifferentialDownloadCallbackTransform.js
  ÔÇó unpacking       file=E:\CrearApps\WhatyBot-Baileys\node_modules\.pnpm\electron-updater@6.6.2\node_modules\electron-updater\out\differentialDownloader\ProgressDifferentialDownloadCallbackTransform.js.map
  ÔÇó unpacking       file=E:\CrearApps\WhatyBot-Baileys\node_modules\.pnpm\electron-updater@6.6.2\node_modules\electron-updater\out\differentialDownloader\downloadPlanBuilder.js
  ÔÇó unpacking       file=E:\CrearApps\WhatyBot-Baileys\node_modules\.pnpm\electron-updater@6.6.2\node_modules\electron-updater\out\differentialDownloader\downloadPlanBuilder.js.map
  ÔÇó unpacking       file=E:\CrearApps\WhatyBot-Baileys\node_modules\.pnpm\electron-updater@6.6.2\node_modules\electron-updater\out\differentialDownloader\multipleRangeDownloader.js
  ÔÇó unpacking       file=E:\CrearApps\WhatyBot-Baileys\node_modules\.pnpm\electron-updater@6.6.2\node_modules\electron-updater\out\differentialDownloader\multipleRangeDownloader.js.map
  ÔÇó unpacking       file=E:\CrearApps\WhatyBot-Baileys\node_modules\.pnpm\electron-updater@6.6.2\node_modules\electron-updater\out\electronHttpExecutor.js
  ÔÇó unpacking       file=E:\CrearApps\WhatyBot-Baileys\node_modules\.pnpm\electron-updater@6.6.2\node_modules\electron-updater\out\electronHttpExecutor.js.map
  ÔÇó unpacking       file=E:\CrearApps\WhatyBot-Baileys\node_modules\.pnpm\electron-updater@6.6.2\node_modules\electron-updater\out\main.js
  ÔÇó unpacking       file=E:\CrearApps\WhatyBot-Baileys\node_modules\.pnpm\electron-updater@6.6.2\node_modules\electron-updater\out\main.js.map
  ÔÇó unpacking       file=E:\CrearApps\WhatyBot-Baileys\node_modules\.pnpm\electron-updater@6.6.2\node_modules\electron-updater\out\providerFactory.js
  ÔÇó unpacking       file=E:\CrearApps\WhatyBot-Baileys\node_modules\.pnpm\electron-updater@6.6.2\node_modules\electron-updater\out\providerFactory.js.map
  ÔÇó unpacking       file=E:\CrearApps\WhatyBot-Baileys\node_modules\.pnpm\electron-updater@6.6.2\node_modules\electron-updater\out\providers\BitbucketProvider.js
  ÔÇó unpacking       file=E:\CrearApps\WhatyBot-Baileys\node_modules\.pnpm\electron-updater@6.6.2\node_modules\electron-updater\out\providers\BitbucketProvider.js.map
  ÔÇó unpacking       file=E:\CrearApps\WhatyBot-Baileys\node_modules\.pnpm\electron-updater@6.6.2\node_modules\electron-updater\out\providers\GenericProvider.js
  ÔÇó unpacking       file=E:\CrearApps\WhatyBot-Baileys\node_modules\.pnpm\electron-updater@6.6.2\node_modules\electron-updater\out\providers\GenericProvider.js.map
  ÔÇó unpacking       file=E:\CrearApps\WhatyBot-Baileys\node_modules\.pnpm\electron-updater@6.6.2\node_modules\electron-updater\out\providers\GitHubProvider.js
  ÔÇó unpacking       file=E:\CrearApps\WhatyBot-Baileys\node_modules\.pnpm\electron-updater@6.6.2\node_modules\electron-updater\out\providers\GitHubProvider.js.map
  ÔÇó unpacking       file=E:\CrearApps\WhatyBot-Baileys\node_modules\.pnpm\electron-updater@6.6.2\node_modules\electron-updater\out\providers\KeygenProvider.js
  ÔÇó unpacking       file=E:\CrearApps\WhatyBot-Baileys\node_modules\.pnpm\electron-updater@6.6.2\node_modules\electron-updater\out\providers\KeygenProvider.js.map
  ÔÇó unpacking       file=E:\CrearApps\WhatyBot-Baileys\node_modules\.pnpm\electron-updater@6.6.2\node_modules\electron-updater\out\providers\PrivateGitHubProvider.js
  ÔÇó unpacking       file=E:\CrearApps\WhatyBot-Baileys\node_modules\.pnpm\electron-updater@6.6.2\node_modules\electron-updater\out\providers\PrivateGitHubProvider.js.map
  ÔÇó unpacking       file=E:\CrearApps\WhatyBot-Baileys\node_modules\.pnpm\electron-updater@6.6.2\node_modules\electron-updater\out\providers\Provider.js
  ÔÇó unpacking       file=E:\CrearApps\WhatyBot-Baileys\node_modules\.pnpm\electron-updater@6.6.2\node_modules\electron-updater\out\providers\Provider.js.map
  ÔÇó unpacking       file=E:\CrearApps\WhatyBot-Baileys\node_modules\.pnpm\electron-updater@6.6.2\node_modules\electron-updater\out\types.js
  ÔÇó unpacking       file=E:\CrearApps\WhatyBot-Baileys\node_modules\.pnpm\electron-updater@6.6.2\node_modules\electron-updater\out\types.js.map
  ÔÇó unpacking       file=E:\CrearApps\WhatyBot-Baileys\node_modules\.pnpm\electron-updater@6.6.2\node_modules\electron-updater\out\util.js
  ÔÇó unpacking       file=E:\CrearApps\WhatyBot-Baileys\node_modules\.pnpm\electron-updater@6.6.2\node_modules\electron-updater\out\util.js.map
  ÔÇó unpacking       file=E:\CrearApps\WhatyBot-Baileys\node_modules\.pnpm\electron-updater@6.6.2\node_modules\electron-updater\out\windowsExecutableCodeSignatureVerifier.js
  ÔÇó unpacking       file=E:\CrearApps\WhatyBot-Baileys\node_modules\.pnpm\electron-updater@6.6.2\node_modules\electron-updater\out\windowsExecutableCodeSignatureVerifier.js.map
  ÔÇó unpacking       file=E:\CrearApps\WhatyBot-Baileys\node_modules\.pnpm\electron-updater@6.6.2\node_modules\electron-updater\package.json
  ÔÇó updating asar integrity executable resource  executablePath=release\win-unpacked\WhatyBot-DxS.exe
  ÔÇó copying files using pattern  matcher=from: E:\CrearApps\WhatyBot-Baileys\server, to: E:\CrearApps\WhatyBot-Baileys\release\win-unpacked\resources\server, patterns: **/*
  ÔÇó copying         src=E:\CrearApps\WhatyBot-Baileys\server destination=E:\CrearApps\WhatyBot-Baileys\release\win-unpacked\resources\server
  ÔÇó copying files using pattern  matcher=from: E:\CrearApps\WhatyBot-Baileys\server\node_modules, to: E:\CrearApps\WhatyBot-Baileys\release\win-unpacked\resources\server\node_modules, patterns: **/*
  ÔÇó copying         src=E:\CrearApps\WhatyBot-Baileys\server\node_modules destination=E:\CrearApps\WhatyBot-Baileys\release\win-unpacked\resources\server\node_modules
  ÔÇó spawning        command=E:\CrearApps\WhatyBot-Baileys\node_modules\.pnpm\app-builder-bin@5.0.0-alpha.12\node_modules\app-builder-bin\win\x64\app-builder.exe icon --format ico --root E:\CrearApps\WhatyBot-Baileys\build --root E:\CrearApps\WhatyBot-Baileys --out E:\CrearApps\WhatyBot-Baileys\release\.icon-ico --input icons/icon.ico
  ÔÇó path doesn't exist  path=E:\CrearApps\WhatyBot-Baileys\build\icons\icon.ico
  ÔÇó path resolved   path=E:\CrearApps\WhatyBot-Baileys\icons\icon.ico outputFormat=ico
  ÔÇó exited          command=app-builder.exe code=0 pid=12680 out={"icons":[{"file":"E:\\CrearApps\\WhatyBot-Baileys\\icons\\icon.ico","size":256}],"isFallback":false}
  ÔÇó spawning        command=E:\CrearApps\WhatyBot-Baileys\node_modules\.pnpm\app-builder-bin@5.0.0-alpha.12\node_modules\app-builder-bin\win\x64\app-builder.exe rcedit --args ["E:\\CrearApps\\WhatyBot-Baileys\\release\\win-unpacked\\WhatyBot-DxS.exe","--set-version-string","FileDescription","WhatyBot-DxS","--set-version-string","ProductName","WhatyBot-DxS","--set-version-string","LegalCopyright","Copyright ┬® 2025 WhatyBot-DxS","--set-file-version","1.0.4","--set-product-version","1.0.4.0","--set-version-string","InternalName","WhatyBot-DxS","--set-version-string","OriginalFilename","","--set-icon","E:\\CrearApps\\WhatyBot-Baileys\\icons\\icon.ico"]
  ÔÇó computing effective URL  initialUrl=https://github.com/electron-userland/electron-builder-binaries/releases/download/winCodeSign-2.6.0/winCodeSign-2.6.0.7z
                             currentUrl=https://release-assets.githubusercontent.com/github-production-release-asset/65527128/f73f2200-5d53-11ea-8264-ddd345f11ee4?sp=r&sv=2018-11-09&sr=b&spr=https&se=2025-12-31T19%3A53%3A12Z&rscd=attachment%3B+filename%3DwinCodeSign-2.6.0.7z&rsct=application%2Foctet-stream&skoid=96c2d410-5711-43a1-aedd-ab1947aa7ab0&sktid=398a6654-997b-47e9-b12b-9515b896b4de&skt=2025-12-31T18%3A52%3A18Z&ske=2025-12-31T19%3A53%3A12Z&sks=b&skv=2018-11-09&sig=SOpXHB7wlC5NaHKBHhap6kHI7ruCHH%2B7Qm7hgrlQYV4%3D&jwt=eyJ0eXAiOiJKV1QiLCJhbGciOiJIUzI1NiJ9.eyJpc3MiOiJnaXRodWIuY29tIiwiYXVkIjoicmVsZWFzZS1hc3NldHMuZ2l0aHVidXNlcmNvbnRlbnQuY29tIiwia2V5Ijoia2V5MSIsImV4cCI6MTc2NzIwODE3OSwibmJmIjoxNzY3MjA3ODc5LCJwYXRoIjoicmVsZWFzZWFzc2V0cHJvZHVjdGlvbi5ibG9iLmNvcmUud2luZG93cy5uZXQifQ.NfxP0Y9yPJ-hy_9Cgjh0U1ObzP2Fy8bFgMcVtKwp9vs&response-content-disposition=attachment%3B%20filename%3DwinCodeSign-2.6.0.7z&response-content-type=application%2Foctet-stream
  ÔÇó downloading     url=https://github.com/electron-userland/electron-builder-binaries/releases/download/winCodeSign-2.6.0/winCodeSign-2.6.0.7z length=5635384 contentType=application/octet-stream
  ÔÇó downloading     url=https://github.com/electron-userland/electron-builder-binaries/releases/download/winCodeSign-2.6.0/winCodeSign-2.6.0.7z size=5.6 MB parts=1
  ÔÇó map async       taskCount=1
  ÔÇó download part   range=bytes=0-5635383 index=0
  ÔÇó downloaded      url=https://github.com/electron-userland/electron-builder-binaries/releases/download/winCodeSign-2.6.0/winCodeSign-2.6.0.7z duration=758ms
  ÔÇó execute command  command='E:\CrearApps\WhatyBot-Baileys\node_modules\.pnpm\7zip-bin@5.2.0\node_modules\7zip-bin\win\x64\7za.exe' x -snld -bd 'C:\Users\DxS\AppData\Local\electron-builder\Cache\winCodeSign\118840199.7z' '-oC:\Users\DxS\AppData\Local\electron-builder\Cache\winCodeSign\118840199'
                     workingDirectory=C:\Users\DxS\AppData\Local\electron-builder\Cache\winCodeSign
  Ô¿» cannot execute  cause=exit status 2
                    out=
    7-Zip (a) 21.07 (x64) : Copyright (c) 1999-2021 Igor Pavlov : 2021-12-26
    
    Scanning the drive for archives:
    1 file, 5635384 bytes (5504 KiB)
    
    Extracting archive: C:\Users\DxS\AppData\Local\electron-builder\Cache\winCodeSign\118840199.7z
    --
    Path = C:\Users\DxS\AppData\Local\electron-builder\Cache\winCodeSign\118840199.7z
    Type = 7z
    Physical Size = 5635384
    Headers Size = 1492
    Method = LZMA2:24m LZMA:20 BCJ2
    Solid = +
    Blocks = 2
    
    
    Sub items Errors: 2
    
    Archives with Errors: 1
    
    Sub items Errors: 2
    
                    errorOut=ERROR: Cannot create symbolic link : El cliente no dispone de un privilegio requerido. : C:\Users\DxS\AppData\Local\electron-builder\Cache\winCodeSign\118840199\darwin\10.12\lib\libcrypto.dylib
    ERROR: Cannot create symbolic link : El cliente no dispone de un privilegio requerido. : C:\Users\DxS\AppData\Local\electron-builder\Cache\winCodeSign\118840199\darwin\10.12\lib\libssl.dylib
    
                    command='E:\CrearApps\WhatyBot-Baileys\node_modules\.pnpm\7zip-bin@5.2.0\node_modules\7zip-bin\win\x64\7za.exe' x -snld -bd 'C:\Users\DxS\AppData\Local\electron-builder\Cache\winCodeSign\118840199.7z' '-oC:\Users\DxS\AppData\Local\electron-builder\Cache\winCodeSign\118840199'
                    workingDir=C:\Users\DxS\AppData\Local\electron-builder\Cache\winCodeSign
  ÔÇó exited          command=app-builder.exe code=2 pid=15504
  ÔÇó Above command failed, retrying 3 more times
  ÔÇó spawning        command=E:\CrearApps\WhatyBot-Baileys\node_modules\.pnpm\app-builder-bin@5.0.0-alpha.12\node_modules\app-builder-bin\win\x64\app-builder.exe rcedit --args ["E:\\CrearApps\\WhatyBot-Baileys\\release\\win-unpacked\\WhatyBot-DxS.exe","--set-version-string","FileDescription","WhatyBot-DxS","--set-version-string","ProductName","WhatyBot-DxS","--set-version-string","LegalCopyright","Copyright ┬® 2025 WhatyBot-DxS","--set-file-version","1.0.4","--set-product-version","1.0.4.0","--set-version-string","InternalName","WhatyBot-DxS","--set-version-string","OriginalFilename","","--set-icon","E:\\CrearApps\\WhatyBot-Baileys\\icons\\icon.ico"]
  ÔÇó computing effective URL  initialUrl=https://github.com/electron-userland/electron-builder-binaries/releases/download/winCodeSign-2.6.0/winCodeSign-2.6.0.7z
                             currentUrl=https://release-assets.githubusercontent.com/github-production-release-asset/65527128/f73f2200-5d53-11ea-8264-ddd345f11ee4?sp=r&sv=2018-11-09&sr=b&spr=https&se=2025-12-31T19%3A53%3A12Z&rscd=attachment%3B+filename%3DwinCodeSign-2.6.0.7z&rsct=application%2Foctet-stream&skoid=96c2d410-5711-43a1-aedd-ab1947aa7ab0&sktid=398a6654-997b-47e9-b12b-9515b896b4de&skt=2025-12-31T18%3A52%3A18Z&ske=2025-12-31T19%3A53%3A12Z&sks=b&skv=2018-11-09&sig=SOpXHB7wlC5NaHKBHhap6kHI7ruCHH%2B7Qm7hgrlQYV4%3D&jwt=eyJ0eXAiOiJKV1QiLCJhbGciOiJIUzI1NiJ9.eyJpc3MiOiJnaXRodWIuY29tIiwiYXVkIjoicmVsZWFzZS1hc3NldHMuZ2l0aHVidXNlcmNvbnRlbnQuY29tIiwia2V5Ijoia2V5MSIsImV4cCI6MTc2NzIwODE3OSwibmJmIjoxNzY3MjA3ODc5LCJwYXRoIjoicmVsZWFzZWFzc2V0cHJvZHVjdGlvbi5ibG9iLmNvcmUud2luZG93cy5uZXQifQ.NfxP0Y9yPJ-hy_9Cgjh0U1ObzP2Fy8bFgMcVtKwp9vs&response-content-disposition=attachment%3B%20filename%3DwinCodeSign-2.6.0.7z&response-content-type=application%2Foctet-stream
  ÔÇó downloading     url=https://github.com/electron-userland/electron-builder-binaries/releases/download/winCodeSign-2.6.0/winCodeSign-2.6.0.7z length=5635384 contentType=application/octet-stream
  ÔÇó downloading     url=https://github.com/electron-userland/electron-builder-binaries/releases/download/winCodeSign-2.6.0/winCodeSign-2.6.0.7z size=5.6 MB parts=1
  ÔÇó map async       taskCount=1
  ÔÇó download part   range=bytes=0-5635383 index=0
  ÔÇó downloaded      url=https://github.com/electron-userland/electron-builder-binaries/releases/download/winCodeSign-2.6.0/winCodeSign-2.6.0.7z duration=490ms
  ÔÇó execute command  command='E:\CrearApps\WhatyBot-Baileys\node_modules\.pnpm\7zip-bin@5.2.0\node_modules\7zip-bin\win\x64\7za.exe' x -snld -bd 'C:\Users\DxS\AppData\Local\electron-builder\Cache\winCodeSign\359874823.7z' '-oC:\Users\DxS\AppData\Local\electron-builder\Cache\winCodeSign\359874823'
                     workingDirectory=C:\Users\DxS\AppData\Local\electron-builder\Cache\winCodeSign
  Ô¿» cannot execute  cause=exit status 2
                    out=
    7-Zip (a) 21.07 (x64) : Copyright (c) 1999-2021 Igor Pavlov : 2021-12-26
    
    Scanning the drive for archives:
    1 file, 5635384 bytes (5504 KiB)
    
    Extracting archive: C:\Users\DxS\AppData\Local\electron-builder\Cache\winCodeSign\359874823.7z
    --
    Path = C:\Users\DxS\AppData\Local\electron-builder\Cache\winCodeSign\359874823.7z
    Type = 7z
    Physical Size = 5635384
    Headers Size = 1492
    Method = LZMA2:24m LZMA:20 BCJ2
    Solid = +
    Blocks = 2
    
    
    Sub items Errors: 2
    
    Archives with Errors: 1
    
    Sub items Errors: 2
    
                    errorOut=ERROR: Cannot create symbolic link : El cliente no dispone de un privilegio requerido. : C:\Users\DxS\AppData\Local\electron-builder\Cache\winCodeSign\359874823\darwin\10.12\lib\libcrypto.dylib
    ERROR: Cannot create symbolic link : El cliente no dispone de un privilegio requerido. : C:\Users\DxS\AppData\Local\electron-builder\Cache\winCodeSign\359874823\darwin\10.12\lib\libssl.dylib
    
                    command='E:\CrearApps\WhatyBot-Baileys\node_modules\.pnpm\7zip-bin@5.2.0\node_modules\7zip-bin\win\x64\7za.exe' x -snld -bd 'C:\Users\DxS\AppData\Local\electron-builder\Cache\winCodeSign\359874823.7z' '-oC:\Users\DxS\AppData\Local\electron-builder\Cache\winCodeSign\359874823'
                    workingDir=C:\Users\DxS\AppData\Local\electron-builder\Cache\winCodeSign
  ÔÇó exited          command=app-builder.exe code=2 pid=15956
  ÔÇó Above command failed, retrying 3 more times
  ÔÇó spawning        command=E:\CrearApps\WhatyBot-Baileys\node_modules\.pnpm\app-builder-bin@5.0.0-alpha.12\node_modules\app-builder-bin\win\x64\app-builder.exe rcedit --args ["E:\\CrearApps\\WhatyBot-Baileys\\release\\win-unpacked\\WhatyBot-DxS.exe","--set-version-string","FileDescription","WhatyBot-DxS","--set-version-string","ProductName","WhatyBot-DxS","--set-version-string","LegalCopyright","Copyright ┬® 2025 WhatyBot-DxS","--set-file-version","1.0.4","--set-product-version","1.0.4.0","--set-version-string","InternalName","WhatyBot-DxS","--set-version-string","OriginalFilename","","--set-icon","E:\\CrearApps\\WhatyBot-Baileys\\icons\\icon.ico"]
  ÔÇó computing effective URL  initialUrl=https://github.com/electron-userland/electron-builder-binaries/releases/download/winCodeSign-2.6.0/winCodeSign-2.6.0.7z
                             currentUrl=https://release-assets.githubusercontent.com/github-production-release-asset/65527128/f73f2200-5d53-11ea-8264-ddd345f11ee4?sp=r&sv=2018-11-09&sr=b&spr=https&se=2025-12-31T19%3A53%3A12Z&rscd=attachment%3B+filename%3DwinCodeSign-2.6.0.7z&rsct=application%2Foctet-stream&skoid=96c2d410-5711-43a1-aedd-ab1947aa7ab0&sktid=398a6654-997b-47e9-b12b-9515b896b4de&skt=2025-12-31T18%3A52%3A18Z&ske=2025-12-31T19%3A53%3A12Z&sks=b&skv=2018-11-09&sig=SOpXHB7wlC5NaHKBHhap6kHI7ruCHH%2B7Qm7hgrlQYV4%3D&jwt=eyJ0eXAiOiJKV1QiLCJhbGciOiJIUzI1NiJ9.eyJpc3MiOiJnaXRodWIuY29tIiwiYXVkIjoicmVsZWFzZS1hc3NldHMuZ2l0aHVidXNlcmNvbnRlbnQuY29tIiwia2V5Ijoia2V5MSIsImV4cCI6MTc2NzIwODE3OSwibmJmIjoxNzY3MjA3ODc5LCJwYXRoIjoicmVsZWFzZWFzc2V0cHJvZHVjdGlvbi5ibG9iLmNvcmUud2luZG93cy5uZXQifQ.NfxP0Y9yPJ-hy_9Cgjh0U1ObzP2Fy8bFgMcVtKwp9vs&response-content-disposition=attachment%3B%20filename%3DwinCodeSign-2.6.0.7z&response-content-type=application%2Foctet-stream
  ÔÇó downloading     url=https://github.com/electron-userland/electron-builder-binaries/releases/download/winCodeSign-2.6.0/winCodeSign-2.6.0.7z length=5635384 contentType=application/octet-stream
  ÔÇó downloading     url=https://github.com/electron-userland/electron-builder-binaries/releases/download/winCodeSign-2.6.0/winCodeSign-2.6.0.7z size=5.6 MB parts=1
  ÔÇó map async       taskCount=1
  ÔÇó download part   range=bytes=0-5635383 index=0
  ÔÇó downloaded      url=https://github.com/electron-userland/electron-builder-binaries/releases/download/winCodeSign-2.6.0/winCodeSign-2.6.0.7z duration=487ms
  ÔÇó execute command  command='E:\CrearApps\WhatyBot-Baileys\node_modules\.pnpm\7zip-bin@5.2.0\node_modules\7zip-bin\win\x64\7za.exe' x -snld -bd 'C:\Users\DxS\AppData\Local\electron-builder\Cache\winCodeSign\736945003.7z' '-oC:\Users\DxS\AppData\Local\electron-builder\Cache\winCodeSign\736945003'
                     workingDirectory=C:\Users\DxS\AppData\Local\electron-builder\Cache\winCodeSign
  Ô¿» cannot execute  cause=exit status 2
                    out=
    7-Zip (a) 21.07 (x64) : Copyright (c) 1999-2021 Igor Pavlov : 2021-12-26
    
    Scanning the drive for archives:
    1 file, 5635384 bytes (5504 KiB)
    
    Extracting archive: C:\Users\DxS\AppData\Local\electron-builder\Cache\winCodeSign\736945003.7z
    --
    Path = C:\Users\DxS\AppData\Local\electron-builder\Cache\winCodeSign\736945003.7z
    Type = 7z
    Physical Size = 5635384
    Headers Size = 1492
    Method = LZMA2:24m LZMA:20 BCJ2
    Solid = +
    Blocks = 2
    
    
    Sub items Errors: 2
    
    Archives with Errors: 1
    
    Sub items Errors: 2
    
                    errorOut=ERROR: Cannot create symbolic link : El cliente no dispone de un privilegio requerido. : C:\Users\DxS\AppData\Local\electron-builder\Cache\winCodeSign\736945003\darwin\10.12\lib\libcrypto.dylib
    ERROR: Cannot create symbolic link : El cliente no dispone de un privilegio requerido. : C:\Users\DxS\AppData\Local\electron-builder\Cache\winCodeSign\736945003\darwin\10.12\lib\libssl.dylib
    
                    command='E:\CrearApps\WhatyBot-Baileys\node_modules\.pnpm\7zip-bin@5.2.0\node_modules\7zip-bin\win\x64\7za.exe' x -snld -bd 'C:\Users\DxS\AppData\Local\electron-builder\Cache\winCodeSign\736945003.7z' '-oC:\Users\DxS\AppData\Local\electron-builder\Cache\winCodeSign\736945003'
                    workingDir=C:\Users\DxS\AppData\Local\electron-builder\Cache\winCodeSign
  ÔÇó exited          command=app-builder.exe code=2 pid=9108
  ÔÇó Above command failed, retrying 3 more times
  ÔÇó spawning        command=E:\CrearApps\WhatyBot-Baileys\node_modules\.pnpm\app-builder-bin@5.0.0-alpha.12\node_modules\app-builder-bin\win\x64\app-builder.exe rcedit --args ["E:\\CrearApps\\WhatyBot-Baileys\\release\\win-unpacked\\WhatyBot-DxS.exe","--set-version-string","FileDescription","WhatyBot-DxS","--set-version-string","ProductName","WhatyBot-DxS","--set-version-string","LegalCopyright","Copyright ┬® 2025 WhatyBot-DxS","--set-file-version","1.0.4","--set-product-version","1.0.4.0","--set-version-string","InternalName","WhatyBot-DxS","--set-version-string","OriginalFilename","","--set-icon","E:\\CrearApps\\WhatyBot-Baileys\\icons\\icon.ico"]
  ÔÇó computing effective URL  initialUrl=https://github.com/electron-userland/electron-builder-binaries/releases/download/winCodeSign-2.6.0/winCodeSign-2.6.0.7z
                             currentUrl=https://release-assets.githubusercontent.com/github-production-release-asset/65527128/f73f2200-5d53-11ea-8264-ddd345f11ee4?sp=r&sv=2018-11-09&sr=b&spr=https&se=2025-12-31T19%3A53%3A12Z&rscd=attachment%3B+filename%3DwinCodeSign-2.6.0.7z&rsct=application%2Foctet-stream&skoid=96c2d410-5711-43a1-aedd-ab1947aa7ab0&sktid=398a6654-997b-47e9-b12b-9515b896b4de&skt=2025-12-31T18%3A52%3A18Z&ske=2025-12-31T19%3A53%3A12Z&sks=b&skv=2018-11-09&sig=SOpXHB7wlC5NaHKBHhap6kHI7ruCHH%2B7Qm7hgrlQYV4%3D&jwt=eyJ0eXAiOiJKV1QiLCJhbGciOiJIUzI1NiJ9.eyJpc3MiOiJnaXRodWIuY29tIiwiYXVkIjoicmVsZWFzZS1hc3NldHMuZ2l0aHVidXNlcmNvbnRlbnQuY29tIiwia2V5Ijoia2V5MSIsImV4cCI6MTc2NzIwODE3OSwibmJmIjoxNzY3MjA3ODc5LCJwYXRoIjoicmVsZWFzZWFzc2V0cHJvZHVjdGlvbi5ibG9iLmNvcmUud2luZG93cy5uZXQifQ.NfxP0Y9yPJ-hy_9Cgjh0U1ObzP2Fy8bFgMcVtKwp9vs&response-content-disposition=attachment%3B%20filename%3DwinCodeSign-2.6.0.7z&response-content-type=application%2Foctet-stream
  ÔÇó downloading     url=https://github.com/electron-userland/electron-builder-binaries/releases/download/winCodeSign-2.6.0/winCodeSign-2.6.0.7z length=5635384 contentType=application/octet-stream
  ÔÇó downloading     url=https://github.com/electron-userland/electron-builder-binaries/releases/download/winCodeSign-2.6.0/winCodeSign-2.6.0.7z size=5.6 MB parts=1
  ÔÇó map async       taskCount=1
  ÔÇó download part   range=bytes=0-5635383 index=0
  ÔÇó downloaded      url=https://github.com/electron-userland/electron-builder-binaries/releases/download/winCodeSign-2.6.0/winCodeSign-2.6.0.7z duration=494ms
  ÔÇó execute command  command='E:\CrearApps\WhatyBot-Baileys\node_modules\.pnpm\7zip-bin@5.2.0\node_modules\7zip-bin\win\x64\7za.exe' x -snld -bd 'C:\Users\DxS\AppData\Local\electron-builder\Cache\winCodeSign\208316283.7z' '-oC:\Users\DxS\AppData\Local\electron-builder\Cache\winCodeSign\208316283'
                     workingDirectory=C:\Users\DxS\AppData\Local\electron-builder\Cache\winCodeSign
  Ô¿» cannot execute  cause=exit status 2
                    out=
    7-Zip (a) 21.07 (x64) : Copyright (c) 1999-2021 Igor Pavlov : 2021-12-26
    
    Scanning the drive for archives:
    1 file, 5635384 bytes (5504 KiB)
    
    Extracting archive: C:\Users\DxS\AppData\Local\electron-builder\Cache\winCodeSign\208316283.7z
    --
    Path = C:\Users\DxS\AppData\Local\electron-builder\Cache\winCodeSign\208316283.7z
    Type = 7z
    Physical Size = 5635384
    Headers Size = 1492
    Method = LZMA2:24m LZMA:20 BCJ2
    Solid = +
    Blocks = 2
    
    
    Sub items Errors: 2
    
    Archives with Errors: 1
    
    Sub items Errors: 2
    
                    errorOut=ERROR: Cannot create symbolic link : El cliente no dispone de un privilegio requerido. : C:\Users\DxS\AppData\Local\electron-builder\Cache\winCodeSign\208316283\darwin\10.12\lib\libcrypto.dylib
    ERROR: Cannot create symbolic link : El cliente no dispone de un privilegio requerido. : C:\Users\DxS\AppData\Local\electron-builder\Cache\winCodeSign\208316283\darwin\10.12\lib\libssl.dylib
    
                    command='E:\CrearApps\WhatyBot-Baileys\node_modules\.pnpm\7zip-bin@5.2.0\node_modules\7zip-bin\win\x64\7za.exe' x -snld -bd 'C:\Users\DxS\AppData\Local\electron-builder\Cache\winCodeSign\208316283.7z' '-oC:\Users\DxS\AppData\Local\electron-builder\Cache\winCodeSign\208316283'
                    workingDir=C:\Users\DxS\AppData\Local\electron-builder\Cache\winCodeSign
  ÔÇó exited          command=app-builder.exe code=2 pid=9080
  ÔÇó Above command failed, retrying 3 more times
